Archive member included to satisfy reference by file (symbol)

../libDaisy/build/libdaisy.a(daisy_pod.o)
                              build/main.o (daisy::DaisyPod::StartAudio(void (*)(float const* const*, float**, unsigned int)))
../libDaisy/build/libdaisy.a(daisy_seed.o)
                              ../libDaisy/build/libdaisy.a(daisy_pod.o) (daisy::DaisySeed::Configure())
../libDaisy/build/libdaisy.a(codec_ak4556.o)
                              ../libDaisy/build/libdaisy.a(daisy_seed.o) (daisy::Ak4556::Init(dsy_gpio_pin))
../libDaisy/build/libdaisy.a(codec_wm8731.o)
                              ../libDaisy/build/libdaisy.a(daisy_seed.o) (daisy::Wm8731::Init(daisy::Wm8731::Config const&, daisy::I2CHandle))
../libDaisy/build/libdaisy.a(sdram.o)
                              ../libDaisy/build/libdaisy.a(daisy_seed.o) (SdramHandle::Init())
../libDaisy/build/libdaisy.a(audio.o)
                              ../libDaisy/build/libdaisy.a(daisy_seed.o) (daisy::AudioHandle::Init(daisy::AudioHandle::Config const&, daisy::SaiHandle))
../libDaisy/build/libdaisy.a(ctrl.o)
                              ../libDaisy/build/libdaisy.a(daisy_pod.o) (daisy::AnalogControl::Init(unsigned short*, float, bool, bool, float))
../libDaisy/build/libdaisy.a(encoder.o)
                              ../libDaisy/build/libdaisy.a(daisy_pod.o) (daisy::Encoder::Init(dsy_gpio_pin, dsy_gpio_pin, dsy_gpio_pin, float))
../libDaisy/build/libdaisy.a(logger.o)
                              build/AudioFileManager.o (daisy::Logger<(daisy::LoggerDestination)1>::Print(char const*, ...))
../libDaisy/build/libdaisy.a(midi.o)
                              build/main.o (daisy::MidiUartTransport::Config::Config())
../libDaisy/build/libdaisy.a(midi_parser.o)
                              ../libDaisy/build/libdaisy.a(daisy_pod.o) (daisy::MidiParser::Reset())
../libDaisy/build/libdaisy.a(rgb_led.o)
                              ../libDaisy/build/libdaisy.a(daisy_pod.o) (daisy::RgbLed::Init(dsy_gpio_pin, dsy_gpio_pin, dsy_gpio_pin, bool))
../libDaisy/build/libdaisy.a(switch.o)
                              ../libDaisy/build/libdaisy.a(daisy_pod.o) (daisy::Switch::Init(dsy_gpio_pin, float))
../libDaisy/build/libdaisy.a(usb.o)
                              ../libDaisy/build/libdaisy.a(logger.o) (daisy::UsbHandle::Init(daisy::UsbHandle::UsbPeriph))
../libDaisy/build/libdaisy.a(adc.o)
                              ../libDaisy/build/libdaisy.a(daisy_pod.o) (daisy::AdcChannelConfig::InitSingle(dsy_gpio_pin, daisy::AdcChannelConfig::ConversionSpeed))
../libDaisy/build/libdaisy.a(gpio.o)
                              ../libDaisy/build/libdaisy.a(daisy_seed.o) (daisy::GPIO::Init(daisy::Pin, daisy::GPIO::Mode, daisy::GPIO::Pull, daisy::GPIO::Speed))
../libDaisy/build/libdaisy.a(i2c.o)
                              ../libDaisy/build/libdaisy.a(daisy_seed.o) (daisy::I2CHandle::Init(daisy::I2CHandle::Config const&))
../libDaisy/build/libdaisy.a(qspi.o)
                              ../libDaisy/build/libdaisy.a(daisy_seed.o) (daisy::QSPIHandle::Init(daisy::QSPIHandle::Config const&))
../libDaisy/build/libdaisy.a(sai.o)
                              ../libDaisy/build/libdaisy.a(daisy_seed.o) (daisy::SaiHandle::Init(daisy::SaiHandle::Config const&))
../libDaisy/build/libdaisy.a(sdmmc.o)
                              build/AudioFileManager.o (daisy::SdmmcHandler::Init(daisy::SdmmcHandler::Config const&))
../libDaisy/build/libdaisy.a(uart.o)
                              ../libDaisy/build/libdaisy.a(daisy_pod.o) (daisy::UartHandler::Init(daisy::UartHandler::Config const&))
../libDaisy/build/libdaisy.a(dma.o)
                              ../libDaisy/build/libdaisy.a(uart.o) (dsy_dma_invalidate_cache_for_buffer)
../libDaisy/build/libdaisy.a(fatfs.o)
                              build/AudioFileManager.o (daisy::FatFSInterface::Init(unsigned char))
../libDaisy/build/libdaisy.a(system.o)
                              ../libDaisy/build/libdaisy.a(daisy_seed.o) (daisy::System::DeInit())
../libDaisy/build/libdaisy.a(system_stm32h7xx.o)
                              build/startup_stm32h750xx.o (SystemInit)
../libDaisy/build/libdaisy.a(usbd_cdc_if.o)
                              ../libDaisy/build/libdaisy.a(usb.o) (CDC_Transmit_FS)
../libDaisy/build/libdaisy.a(usbd_conf.o)
                              ../libDaisy/build/libdaisy.a(system.o) (hpcd_USB_OTG_HS)
../libDaisy/build/libdaisy.a(usbd_desc.o)
                              ../libDaisy/build/libdaisy.a(usb.o) (HS_Desc)
../libDaisy/build/libdaisy.a(usbh_conf.o)
                              ../libDaisy/build/libdaisy.a(system.o) (hhcd_USB_OTG_HS)
../libDaisy/build/libdaisy.a(color.o)
                              build/main.o (daisy::Color::Init(daisy::Color::PresetColor))
../libDaisy/build/libdaisy.a(hal_map.o)
                              ../libDaisy/build/libdaisy.a(gpio.o) (dsy_hal_map_get_port)
../libDaisy/build/libdaisy.a(sd_diskio.o)
                              ../libDaisy/build/libdaisy.a(fatfs.o) (SD_Driver)
[...]
Memory Configuration

Name             Origin             Length             Attributes
FLASH            0x0000000008000000 0x0000000000020000 xr
DTCMRAM          0x0000000020000000 0x0000000000020000 xrw
SRAM             0x0000000024000000 0x0000000000080000 xrw
RAM_D2           0x0000000030000000 0x0000000000048000 xrw
RAM_D3           0x0000000038000000 0x0000000000010000 xrw
BACKUP_SRAM      0x0000000038800000 0x0000000000001000 xrw
ITCMRAM          0x0000000000000000 0x0000000000010000 xrw
SDRAM            0x00000000c0000000 0x0000000004000000 xrw
QSPIFLASH        0x0000000090000000 0x0000000000800000 xr
*default*        0x0000000000000000 0xffffffffffffffff

Linker script and memory map

LOAD /Library/DaisyToolchain/0.2.0/arm/bin/../lib/gcc/arm-none-eabi/10.3.1/thumb/v7e-m+dp/hard/crti.o
LOAD /Library/DaisyToolchain/0.2.0/arm/bin/../lib/gcc/arm-none-eabi/10.3.1/thumb/v7e-m+dp/hard/crtbegin.o
LOAD /Library/DaisyToolchain/0.2.0/arm/bin/../lib/gcc/arm-none-eabi/10.3.1/../../../../arm-none-eabi/lib/thumb/v7e-m+dp/hard/crt0.o
LOAD build/startup_stm32h750xx.o
LOAD build/diskio.o
LOAD build/ff.o
LOAD build/ff_gen_drv.o
LOAD build/ccsbcs.o
LOAD build/main.o
LOAD build/AudioFileManager.o
LOAD ../libDaisy/build/libdaisy.a
LOAD /Library/DaisyToolchain/0.2.0/arm/bin/../lib/gcc/arm-none-eabi/10.3.1/../../../../arm-none-eabi/lib/thumb/v7e-m+dp/hard/libnosys.a
LOAD ../DaisySP/build/libdaisysp.a
LOAD /Library/DaisyToolchain/0.2.0/arm/bin/../lib/gcc/arm-none-eabi/10.3.1/../../../../arm-none-eabi/lib/thumb/v7e-m+dp/hard/libstdc++_nano.a
LOAD /Library/DaisyToolchain/0.2.0/arm/bin/../lib/gcc/arm-none-eabi/10.3.1/../../../../arm-none-eabi/lib/thumb/v7e-m+dp/hard/libm.a
LOAD /Library/DaisyToolchain/0.2.0/arm/bin/../lib/gcc/arm-none-eabi/10.3.1/../../../../arm-none-eabi/lib/thumb/v7e-m+dp/hard/libc_nano.a
START GROUP
LOAD /Library/DaisyToolchain/0.2.0/arm/bin/../lib/gcc/arm-none-eabi/10.3.1/thumb/v7e-m+dp/hard/libgcc.a
LOAD /Library/DaisyToolchain/0.2.0/arm/bin/../lib/gcc/arm-none-eabi/10.3.1/../../../../arm-none-eabi/lib/thumb/v7e-m+dp/hard/libc_nano.a
END GROUP
START GROUP
LOAD /Library/DaisyToolchain/0.2.0/arm/bin/../lib/gcc/arm-none-eabi/10.3.1/thumb/v7e-m+dp/hard/libgcc.a
LOAD /Library/DaisyToolchain/0.2.0/arm/bin/../lib/gcc/arm-none-eabi/10.3.1/../../../../arm-none-eabi/lib/thumb/v7e-m+dp/hard/libc_nano.a
LOAD /Library/DaisyToolchain/0.2.0/arm/bin/../lib/gcc/arm-none-eabi/10.3.1/../../../../arm-none-eabi/lib/thumb/v7e-m+dp/hard/libnosys.a
END GROUP
START GROUP
LOAD /Library/DaisyToolchain/0.2.0/arm/bin/../lib/gcc/arm-none-eabi/10.3.1/thumb/v7e-m+dp/hard/libgcc.a
LOAD /Library/DaisyToolchain/0.2.0/arm/bin/../lib/gcc/arm-none-eabi/10.3.1/../../../../arm-none-eabi/lib/thumb/v7e-m+dp/hard/libc_nano.a
LOAD /Library/DaisyToolchain/0.2.0/arm/bin/../lib/gcc/arm-none-eabi/10.3.1/../../../../arm-none-eabi/lib/thumb/v7e-m+dp/hard/libnosys.a
END GROUP
LOAD /Library/DaisyToolchain/0.2.0/arm/bin/../lib/gcc/arm-none-eabi/10.3.1/thumb/v7e-m+dp/hard/crtend.o
LOAD /Library/DaisyToolchain/0.2.0/arm/bin/../lib/gcc/arm-none-eabi/10.3.1/thumb/v7e-m+dp/hard/crtn.o
                0x0000000020020000                _estack = 0x20020000

.isr_vector     0x0000000008000000      0x298
                0x0000000008000000                . = ALIGN (0x4)
 *(.isr_vector)
 .isr_vector    0x0000000008000000      0x298 build/startup_stm32h750xx.o
                0x0000000008000000                g_pfnVectors
                0x0000000008000298                . = ALIGN (0x4)

.text           0x00000000080002a0    0x1cb94
                0x00000000080002a0                . = ALIGN (0x4)
                0x00000000080002a0                _stext = .
 *(.text)
 .text          0x00000000080002a0       0x40 /Library/DaisyToolchain/0.2.0/arm/bin/../lib/gcc/arm-none-eabi/10.3.1/thumb/v7e-m+dp/hard/crtbegin.o
 .text          0x00000000080002e0       0x10 /Library/DaisyToolchain/0.2.0/arm/bin/../lib/gcc/arm-none-eabi/10.3.1/../../../../arm-none-eabi/lib/thumb/v7e-m+dp/hard/libc_nano.a(lib_a-strlen.o)
                0x00000000080002e0                strlen
 .text          0x00000000080002f0       0xa0 /Library/DaisyToolchain/0.2.0/arm/bin/../lib/gcc/arm-none-eabi/10.3.1/../../../../arm-none-eabi/lib/thumb/v7e-m+dp/hard/libc_nano.a(lib_a-memchr.o)
                0x00000000080002f0                memchr
 .text          0x0000000008000390       0x30 /Library/DaisyToolchain/0.2.0/arm/bin/../lib/gcc/arm-none-eabi/10.3.1/thumb/v7e-m+dp/hard/libgcc.a(_aeabi_uldivmod.o)
                0x0000000008000390                __aeabi_uldivmod
 .text          0x00000000080003c0      0x2d0 /Library/DaisyToolchain/0.2.0/arm/bin/../lib/gcc/arm-none-eabi/10.3.1/thumb/v7e-m+dp/hard/libgcc.a(_udivmoddi4.o)
                0x00000000080003c0                __udivmoddi4
 .text          0x0000000008000690        0x4 /Library/DaisyToolchain/0.2.0/arm/bin/../lib/gcc/arm-none-eabi/10.3.1/thumb/v7e-m+dp/hard/libgcc.a(_dvmd_tls.o)
                0x0000000008000690                __aeabi_ldiv0
                0x0000000008000690                __aeabi_idiv0
 *(.text*)
 .text.Default_Handler
                0x0000000008000694        0x4 build/startup_stm32h750xx.o
                0x0000000008000694                SAI1_IRQHandler
                0x0000000008000694                HASH_RNG_IRQHandler
                0x0000000008000694                EXTI2_IRQHandler
                0x0000000008000694                TIM8_CC_IRQHandler
                0x0000000008000694                HRTIM1_Master_IRQHandler
                0x0000000008000694                DebugMon_Handler
                0x0000000008000694                TIM1_CC_IRQHandler
                0x0000000008000694                BDMA_Channel6_IRQHandler
                0x0000000008000694                DMA2_Stream5_IRQHandler
                0x0000000008000694                HRTIM1_FLT_IRQHandler
                0x0000000008000694                JPEG_IRQHandler
                0x0000000008000694                BDMA_Channel1_IRQHandler
                0x0000000008000694                HRTIM1_TIMD_IRQHandler
                0x0000000008000694                TAMP_STAMP_IRQHandler
                0x0000000008000694                PendSV_Handler
                0x0000000008000694                NMI_Handler
                0x0000000008000694                EXTI3_IRQHandler
                0x0000000008000694                LPTIM4_IRQHandler
                0x0000000008000694                TIM8_TRG_COM_TIM14_IRQHandler
                0x0000000008000694                LPTIM2_IRQHandler
                0x0000000008000694                DFSDM1_FLT1_IRQHandler
                0x0000000008000694                DMAMUX2_OVR_IRQHandler
                0x0000000008000694                TIM8_UP_TIM13_IRQHandler
                0x0000000008000694                I2C3_ER_IRQHandler
                0x0000000008000694                DFSDM1_FLT2_IRQHandler
                0x0000000008000694                MDMA_IRQHandler
                0x0000000008000694                LPTIM3_IRQHandler
                0x0000000008000694                HSEM1_IRQHandler
                0x0000000008000694                EXTI0_IRQHandler
                0x0000000008000694                FPU_IRQHandler
                0x0000000008000694                OTG_HS_WKUP_IRQHandler
                0x0000000008000694                FDCAN1_IT1_IRQHandler
                0x0000000008000694                UsageFault_Handler
                0x0000000008000694                LTDC_ER_IRQHandler
                0x0000000008000694                HRTIM1_TIME_IRQHandler
                0x0000000008000694                TIM6_DAC_IRQHandler
                0x0000000008000694                DCMI_IRQHandler
                0x0000000008000694                HRTIM1_TIMC_IRQHandler
                0x0000000008000694                SAI2_IRQHandler
                0x0000000008000694                DFSDM1_FLT3_IRQHandler
                0x0000000008000694                TIM17_IRQHandler
                0x0000000008000694                CRYP_IRQHandler
                0x0000000008000694                BDMA_Channel7_IRQHandler
                0x0000000008000694                LPTIM5_IRQHandler
                0x0000000008000694                ADC3_IRQHandler
                0x0000000008000694                DMA2_Stream0_IRQHandler
                0x0000000008000694                BDMA_Channel2_IRQHandler
                0x0000000008000694                DMAMUX1_OVR_IRQHandler
                0x0000000008000694                TIM16_IRQHandler
                0x0000000008000694                BDMA_Channel5_IRQHandler
                0x0000000008000694                RCC_IRQHandler
                0x0000000008000694                TIM8_BRK_TIM12_IRQHandler
                0x0000000008000694                TIM1_TRG_COM_IRQHandler
                0x0000000008000694                Default_Handler
                0x0000000008000694                ECC_IRQHandler
                0x0000000008000694                CEC_IRQHandler
                0x0000000008000694                EXTI15_10_IRQHandler
                0x0000000008000694                BDMA_Channel0_IRQHandler
                0x0000000008000694                ADC_IRQHandler
                0x0000000008000694                DMA1_Stream7_IRQHandler
                0x0000000008000694                HRTIM1_TIMA_IRQHandler
                0x0000000008000694                TIM7_IRQHandler
                0x0000000008000694                DMA2_Stream7_IRQHandler
                0x0000000008000694                TIM15_IRQHandler
                0x0000000008000694                PVD_AVD_IRQHandler
                0x0000000008000694                EXTI9_5_IRQHandler
                0x0000000008000694                RTC_WKUP_IRQHandler
                0x0000000008000694                LTDC_IRQHandler
                0x0000000008000694                SAI3_IRQHandler
                0x0000000008000694                ETH_WKUP_IRQHandler
                0x0000000008000694                SPDIF_RX_IRQHandler
                0x0000000008000694                MemManage_Handler
                0x0000000008000694                SVC_Handler
                0x0000000008000694                CRS_IRQHandler
                0x0000000008000694                EXTI4_IRQHandler
                0x0000000008000694                HRTIM1_TIMB_IRQHandler
                0x0000000008000694                FDCAN2_IT1_IRQHandler
                0x0000000008000694                ETH_IRQHandler
                0x0000000008000694                TIM1_UP_IRQHandler
                0x0000000008000694                BDMA_Channel4_IRQHandler
                0x0000000008000694                WWDG_IRQHandler
                0x0000000008000694                SPI6_IRQHandler
                0x0000000008000694                I2C4_EV_IRQHandler
                0x0000000008000694                MDIOS_IRQHandler
                0x0000000008000694                FDCAN2_IT0_IRQHandler
                0x0000000008000694                FDCAN1_IT0_IRQHandler
                0x0000000008000694                OTG_FS_WKUP_IRQHandler
                0x0000000008000694                DMA2D_IRQHandler
                0x0000000008000694                TIM1_BRK_IRQHandler
                0x0000000008000694                EXTI1_IRQHandler
                0x0000000008000694                SDMMC2_IRQHandler
                0x0000000008000694                BDMA_Channel3_IRQHandler
                0x0000000008000694                MDIOS_WKUP_IRQHandler
                0x0000000008000694                DFSDM1_FLT0_IRQHandler
                0x0000000008000694                SAI4_IRQHandler
                0x0000000008000694                I2C2_ER_IRQHandler
                0x0000000008000694                DMA2_Stream1_IRQHandler
                0x0000000008000694                FLASH_IRQHandler
                0x0000000008000694                BusFault_Handler
                0x0000000008000694                WAKEUP_PIN_IRQHandler
                0x0000000008000694                I2C1_ER_IRQHandler
                0x0000000008000694                FMC_IRQHandler
                0x0000000008000694                FDCAN_CAL_IRQHandler
                0x0000000008000694                SWPMI1_IRQHandler
                0x0000000008000694                COMP1_IRQHandler
                0x0000000008000694                LPTIM1_IRQHandler
                0x0000000008000694                I2C4_ER_IRQHandler
                0x0000000008000694                DMA2_Stream6_IRQHandler
                0x0000000008000694                RTC_Alarm_IRQHandler
 .text.Reset_Handler
                0x0000000008000698       0x44 build/startup_stm32h750xx.o
                0x0000000008000698                Reset_Handler
 .text.disk_status
                0x00000000080006dc       0x14 build/diskio.o
                0x00000000080006dc                disk_status
 .text.disk_initialize
                0x00000000080006f0       0x24 build/diskio.o
                0x00000000080006f0                disk_initialize
 .text.disk_read
                0x0000000008000714       0x1c build/diskio.o
                0x0000000008000714                disk_read
 .text.disk_write
                0x0000000008000730       0x1c build/diskio.o
                0x0000000008000730                disk_write
 .text.disk_ioctl
                0x000000000800074c       0x18 build/diskio.o
                0x000000000800074c                disk_ioctl
 .text.get_ldnumber
                0x0000000008000764       0x54 build/ff.o
 .text.validate
                0x00000000080007b8       0x30 build/ff.o
 .text.get_fileinfo
                0x00000000080007e8       0xf8 build/ff.o
 .text.sync_window.part.0
                0x00000000080008e0       0x54 build/ff.o
 .text.sync_fs  0x0000000008000934       0xc0 build/ff.o
 .text.move_window.part.0
                0x00000000080009f4       0x30 build/ff.o
 .text.check_fs
                0x0000000008000a24       0x84 build/ff.o
 .text.find_volume
                0x0000000008000aa8      0x258 build/ff.o
 .text.put_fat.part.0
                0x0000000008000d00      0x1c0 build/ff.o
 .text.get_fat.isra.0
                0x0000000008000ec0      0x148 build/ff.o
 .text.remove_chain
                0x0000000008001008       0x84 build/ff.o
 .text.create_chain
                0x000000000800108c       0xd4 build/ff.o
 .text.dir_next
                0x0000000008001160      0x148 build/ff.o
 .text.dir_read.constprop.0
                0x00000000080012a8      0x14c build/ff.o
 .text.dir_sdi  0x00000000080013f4       0xa8 build/ff.o
 .text.dir_find
                0x000000000800149c      0x1ec build/ff.o
 .text.follow_path
                0x0000000008001688      0x3a8 build/ff.o
 .text.dir_register
                0x0000000008001a30      0x3e8 build/ff.o
 .text.f_mount  0x0000000008001e18       0x58 build/ff.o
                0x0000000008001e18                f_mount
 .text.f_open   0x0000000008001e70      0x278 build/ff.o
                0x0000000008001e70                f_open
 .text.f_read   0x00000000080020e8      0x1c4 build/ff.o
                0x00000000080020e8                f_read
 .text.f_sync   0x00000000080022ac       0xec build/ff.o
                0x00000000080022ac                f_sync
 .text.f_close  0x0000000008002398       0x24 build/ff.o
                0x0000000008002398                f_close
 .text.f_lseek  0x00000000080023bc      0x2ac build/ff.o
                0x00000000080023bc                f_lseek
 .text.f_opendir
                0x0000000008002668       0x7c build/ff.o
                0x0000000008002668                f_opendir
 .text.f_closedir
                0x00000000080026e4       0x30 build/ff.o
                0x00000000080026e4                f_closedir
 .text.f_readdir
                0x0000000008002714       0x5c build/ff.o
                0x0000000008002714                f_readdir
 .text.FATFS_LinkDriver
                0x0000000008002770       0x58 build/ff_gen_drv.o
                0x0000000008002770                FATFS_LinkDriver
 .text.ff_convert
                0x00000000080027c8       0x40 build/ccsbcs.o
                0x00000000080027c8                ff_convert
 .text.ff_wtoupper
                0x0000000008002808       0xa0 build/ccsbcs.o
                0x0000000008002808                ff_wtoupper
 .text._ZN5daisy12SdmmcHandlerD2Ev
                0x00000000080028a8        0x4 build/main.o
                0x00000000080028a8                daisy::SdmmcHandler::~SdmmcHandler()
                0x00000000080028a8                daisy::SdmmcHandler::~SdmmcHandler()
 .text._ZN5daisy5ColorD2Ev
                0x00000000080028ac        0x4 build/main.o
                0x00000000080028ac                daisy::Color::~Color()
                0x00000000080028ac                daisy::Color::~Color()
 .text._ZN5daisy8DaisyPodD2Ev
                0x00000000080028b0        0x4 build/main.o
                0x00000000080028b0                daisy::DaisyPod::~DaisyPod()
                0x00000000080028b0                daisy::DaisyPod::~DaisyPod()
 .text._Z13AudioCallbackPKPKfPPfj
                0x00000000080028b4      0x200 build/main.o
                0x00000000080028b4                AudioCallback(float const* const*, float**, unsigned int)
 .text._Z13SetLedColoursN5daisy5Color11PresetColorES1_
                0x0000000008002ab4       0x5c build/main.o
                0x0000000008002ab4                SetLedColours(daisy::Color::PresetColor, daisy::Color::PresetColor)
 .text._Z11LoadNewFilev
                0x0000000008002b10       0x80 build/main.o
                0x0000000008002b10                LoadNewFile()
 .text._Z13HandleEncoderv
                0x0000000008002b90       0x78 build/main.o
                0x0000000008002b90                HandleEncoder()
 .text._Z13HandleButton2v
                0x0000000008002c08       0x5c build/main.o
                0x0000000008002c08                HandleButton2()
 *fill*         0x0000000008002c64        0x4 
 .text._Z11HandleKnobsv
                0x0000000008002c68       0xb4 build/main.o
                0x0000000008002c68                HandleKnobs()
 .text.startup.main
                0x0000000008002d1c      0x120 build/main.o
                0x0000000008002d1c                main
 .text.startup._GLOBAL__sub_I_sd
                0x0000000008002e3c       0xb4 build/main.o
 .text._ZN16AudioFileManager12ScanWavFilesEv
                0x0000000008002ef0      0x130 build/AudioFileManager.o
                0x0000000008002ef0                AudioFileManager::ScanWavFiles()
 .text._ZN16AudioFileManager12GetWavHeaderEP3FIL
                0x0000000008003020      0x1f0 build/AudioFileManager.o
                0x0000000008003020                AudioFileManager::GetWavHeader(FIL*)
 .text._ZN16AudioFileManager13LoadAudioDataEv
                0x0000000008003210      0x16c build/AudioFileManager.o
                0x0000000008003210                AudioFileManager::LoadAudioData()
 .text._ZN16AudioFileManager8LoadFileEi
                0x000000000800337c       0xe0 build/AudioFileManager.o
                0x000000000800337c                AudioFileManager::LoadFile(int)
 .text._ZN16AudioFileManager10SetBuffersEPsS0_
                0x000000000800345c        0x8 build/AudioFileManager.o
                0x000000000800345c                AudioFileManager::SetBuffers(short*, short*)
 .text._ZN16AudioFileManager14BlinkOnSDErrorEc
                0x0000000008003464       0x70 build/AudioFileManager.o
                0x0000000008003464                AudioFileManager::BlinkOnSDError(char)
 .text._ZN16AudioFileManager4InitEv
                0x00000000080034d4       0x70 build/AudioFileManager.o
                0x00000000080034d4                AudioFileManager::Init()
 .text._ZN5daisy8DaisyPod10StartAudioEPFvPKPKfPPfjE
                0x0000000008003544        0x4 ../libDaisy/build/libdaisy.a(daisy_pod.o)
                0x0000000008003544                daisy::DaisyPod::StartAudio(void (*)(float const* const*, float**, unsigned int))
 .text._ZN5daisy8DaisyPod17SetAudioBlockSizeEj
                0x0000000008003548       0x2c ../libDaisy/build/libdaisy.a(daisy_pod.o)
                0x0000000008003548                daisy::DaisyPod::SetAudioBlockSize(unsigned int)
 .text._ZN5daisy8DaisyPod18SetAudioSampleRateENS_9SaiHandle6Config10SampleRateE
                0x0000000008003574       0x2c ../libDaisy/build/libdaisy.a(daisy_pod.o)
                0x0000000008003574                daisy::DaisyPod::SetAudioSampleRate(daisy::SaiHandle::Config::SampleRate)
 .text._ZN5daisy8DaisyPod15AudioSampleRateEv
                0x00000000080035a0        0x4 ../libDaisy/build/libdaisy.a(daisy_pod.o)
                0x00000000080035a0                daisy::DaisyPod::AudioSampleRate()
 .text._ZN5daisy8DaisyPod8StartAdcEv
                0x00000000080035a4        0x8 ../libDaisy/build/libdaisy.a(daisy_pod.o)
                0x00000000080035a4                daisy::DaisyPod::StartAdc()
 .text._ZN5daisy8DaisyPod21ProcessAnalogControlsEv
                0x00000000080035ac       0x18 ../libDaisy/build/libdaisy.a(daisy_pod.o)
                0x00000000080035ac                daisy::DaisyPod::ProcessAnalogControls()
 .text._ZN5daisy8DaisyPod22ProcessDigitalControlsEv
                0x00000000080035c4       0x20 ../libDaisy/build/libdaisy.a(daisy_pod.o)
                0x00000000080035c4                daisy::DaisyPod::ProcessDigitalControls()
 .text._ZN5daisy8DaisyPod9ClearLedsEv
                0x00000000080035e4       0x3c ../libDaisy/build/libdaisy.a(daisy_pod.o)
                0x00000000080035e4                daisy::DaisyPod::ClearLeds()
 .text._ZN5daisy8DaisyPod10UpdateLedsEv
                0x0000000008003620       0x18 ../libDaisy/build/libdaisy.a(daisy_pod.o)
                0x0000000008003620                daisy::DaisyPod::UpdateLeds()
 .text._ZN5daisy8DaisyPod8InitLedsEv
                0x0000000008003638       0x98 ../libDaisy/build/libdaisy.a(daisy_pod.o)
                0x0000000008003638                daisy::DaisyPod::InitLeds()
 .text._ZN5daisy8DaisyPod9InitKnobsEv
                0x00000000080036d0       0x90 ../libDaisy/build/libdaisy.a(daisy_pod.o)
                0x00000000080036d0                daisy::DaisyPod::InitKnobs()
 .text._ZN5daisy8DaisyPod4InitEb
                0x0000000008003760      0x128 ../libDaisy/build/libdaisy.a(daisy_pod.o)
                0x0000000008003760                daisy::DaisyPod::Init(bool)
 .text._ZN5daisy9DaisySeed9ConfigureEv
                0x0000000008003888        0x4 ../libDaisy/build/libdaisy.a(daisy_seed.o)
                0x0000000008003888                daisy::DaisySeed::Configure()
 .text._ZN5daisy9DaisySeed10StartAudioEPFvPKPKfPPfjE
                0x000000000800388c        0x8 ../libDaisy/build/libdaisy.a(daisy_seed.o)
                0x000000000800388c                daisy::DaisySeed::StartAudio(void (*)(float const* const*, float**, unsigned int))
 .text._ZN5daisy9DaisySeed18SetAudioSampleRateENS_9SaiHandle6Config10SampleRateE
                0x0000000008003894       0x38 ../libDaisy/build/libdaisy.a(daisy_seed.o)
                0x0000000008003894                daisy::DaisySeed::SetAudioSampleRate(daisy::SaiHandle::Config::SampleRate)
 .text._ZN5daisy9DaisySeed15AudioSampleRateEv
                0x00000000080038cc        0x8 ../libDaisy/build/libdaisy.a(daisy_seed.o)
                0x00000000080038cc                daisy::DaisySeed::AudioSampleRate()
 .text._ZN5daisy9DaisySeed17SetAudioBlockSizeEj
                0x00000000080038d4       0x38 ../libDaisy/build/libdaisy.a(daisy_seed.o)
                0x00000000080038d4                daisy::DaisySeed::SetAudioBlockSize(unsigned int)
 .text._ZNK5daisy9DaisySeed17AudioCallbackRateEv
                0x000000000800390c        0x8 ../libDaisy/build/libdaisy.a(daisy_seed.o)
                0x000000000800390c                daisy::DaisySeed::AudioCallbackRate() const
 .text._ZN5daisy9DaisySeed17CheckBoardVersionEv
                0x0000000008003914       0x6c ../libDaisy/build/libdaisy.a(daisy_seed.o)
                0x0000000008003914                daisy::DaisySeed::CheckBoardVersion()
 .text._ZN5daisy9DaisySeed14ConfigureAudioEv
                0x0000000008003980      0x10c ../libDaisy/build/libdaisy.a(daisy_seed.o)
                0x0000000008003980                daisy::DaisySeed::ConfigureAudio()
 .text._ZN5daisy9DaisySeed4InitEb
                0x0000000008003a8c      0x108 ../libDaisy/build/libdaisy.a(daisy_seed.o)
                0x0000000008003a8c                daisy::DaisySeed::Init(bool)
 .text._ZN5daisy6Ak45564InitE12dsy_gpio_pin
                0x0000000008003b94       0x44 ../libDaisy/build/libdaisy.a(codec_ak4556.o)
                0x0000000008003b94                daisy::Ak4556::Init(dsy_gpio_pin)
 .text._ZN5daisy6Wm873120WriteControlRegisterEht
                0x0000000008003bd8       0x3c ../libDaisy/build/libdaisy.a(codec_wm8731.o)
                0x0000000008003bd8                daisy::Wm8731::WriteControlRegister(unsigned char, unsigned short)
 .text._ZN5daisy6Wm87314InitERKNS0_6ConfigENS_9I2CHandleE
                0x0000000008003c14      0x1bc ../libDaisy/build/libdaisy.a(codec_wm8731.o)
                0x0000000008003c14                daisy::Wm8731::Init(daisy::Wm8731::Config const&, daisy::I2CHandle)
 .text._ZN11SdramHandle10DeviceInitEv
                0x0000000008003dd0       0x98 ../libDaisy/build/libdaisy.a(sdram.o)
                0x0000000008003dd0                SdramHandle::DeviceInit()
 .text._ZN11SdramHandle4InitEv
                0x0000000008003e68       0x7c ../libDaisy/build/libdaisy.a(sdram.o)
                0x0000000008003e68                SdramHandle::Init()
 .text.HAL_SDRAM_MspInit
                0x0000000008003ee4      0x1a8 ../libDaisy/build/libdaisy.a(sdram.o)
                0x0000000008003ee4                HAL_SDRAM_MspInit
 .text._ZN5daisy11AudioHandle4Impl16InternalCallbackEPlS2_j
                0x000000000800408c      0xbbc ../libDaisy/build/libdaisy.a(audio.o)
                0x000000000800408c                daisy::AudioHandle::Impl::InternalCallback(long*, long*, unsigned int)
 .text._ZN5daisy11AudioHandle4InitERKNS0_6ConfigENS_9SaiHandleE
                0x0000000008004c48       0x70 ../libDaisy/build/libdaisy.a(audio.o)
                0x0000000008004c48                daisy::AudioHandle::Init(daisy::AudioHandle::Config const&, daisy::SaiHandle)
 .text._ZNK5daisy11AudioHandle9GetConfigEv
                0x0000000008004cb8        0x8 ../libDaisy/build/libdaisy.a(audio.o)
                0x0000000008004cb8                daisy::AudioHandle::GetConfig() const
 .text._ZN5daisy11AudioHandle12SetBlockSizeEj
                0x0000000008004cc0       0x1c ../libDaisy/build/libdaisy.a(audio.o)
                0x0000000008004cc0                daisy::AudioHandle::SetBlockSize(unsigned int)
 .text._ZN5daisy11AudioHandle13GetSampleRateEv
                0x0000000008004cdc        0x8 ../libDaisy/build/libdaisy.a(audio.o)
                0x0000000008004cdc                daisy::AudioHandle::GetSampleRate()
 .text._ZN5daisy11AudioHandle13SetSampleRateENS_9SaiHandle6Config10SampleRateE
                0x0000000008004ce4       0x88 ../libDaisy/build/libdaisy.a(audio.o)
                0x0000000008004ce4                daisy::AudioHandle::SetSampleRate(daisy::SaiHandle::Config::SampleRate)
 .text._ZN5daisy11AudioHandle5StartEPFvPKPKfPPfjE
                0x0000000008004d6c       0x44 ../libDaisy/build/libdaisy.a(audio.o)
                0x0000000008004d6c                daisy::AudioHandle::Start(void (*)(float const* const*, float**, unsigned int))
 .text.startup._GLOBAL__sub_I__ZN5daisy11AudioHandle4Impl4InitENS0_6ConfigENS_9SaiHandleE
                0x0000000008004db0       0x24 ../libDaisy/build/libdaisy.a(audio.o)
 .text._ZN5daisy13AnalogControl4InitEPtfbbf
                0x0000000008004dd4       0x64 ../libDaisy/build/libdaisy.a(ctrl.o)
                0x0000000008004dd4                daisy::AnalogControl::Init(unsigned short*, float, bool, bool, float)
 .text._ZN5daisy13AnalogControl7ProcessEv
                0x0000000008004e38       0x48 ../libDaisy/build/libdaisy.a(ctrl.o)
                0x0000000008004e38                daisy::AnalogControl::Process()
 .text._ZN5daisy13AnalogControl13SetSampleRateEf
                0x0000000008004e80       0x58 ../libDaisy/build/libdaisy.a(ctrl.o)
                0x0000000008004e80                daisy::AnalogControl::SetSampleRate(float)
 .text._ZN5daisy7Encoder4InitE12dsy_gpio_pinS1_S1_f
                0x0000000008004ed8       0x60 ../libDaisy/build/libdaisy.a(encoder.o)
                0x0000000008004ed8                daisy::Encoder::Init(dsy_gpio_pin, dsy_gpio_pin, dsy_gpio_pin, float)
 .text._ZN5daisy7Encoder8DebounceEv
                0x0000000008004f38       0x7c ../libDaisy/build/libdaisy.a(encoder.o)
                0x0000000008004f38                daisy::Encoder::Debounce()
 .text._ZN5daisy9UsbHandleD2Ev
                0x0000000008004fb4        0x4 ../libDaisy/build/libdaisy.a(logger.o)
                0x0000000008004fb4                daisy::UsbHandle::~UsbHandle()
                0x0000000008004fb4                daisy::UsbHandle::~UsbHandle()
 .text._ZN5daisy6LoggerILNS_17LoggerDestinationE1EE11TransmitBufEv
                0x0000000008004fb8       0x60 ../libDaisy/build/libdaisy.a(logger.o)
                0x0000000008004fb8                daisy::Logger<(daisy::LoggerDestination)1>::TransmitBuf()
 .text._ZN5daisy6LoggerILNS_17LoggerDestinationE1EE13AppendNewLineEv
                0x0000000008005018       0x60 ../libDaisy/build/libdaisy.a(logger.o)
                0x0000000008005018                daisy::Logger<(daisy::LoggerDestination)1>::AppendNewLine()
 .text._ZN5daisy6LoggerILNS_17LoggerDestinationE1EE10PrintLineVEPKcSt9__va_list
                0x0000000008005078       0x30 ../libDaisy/build/libdaisy.a(logger.o)
                0x0000000008005078                daisy::Logger<(daisy::LoggerDestination)1>::PrintLineV(char const*, std::__va_list)
 .text._ZN5daisy6LoggerILNS_17LoggerDestinationE1EE9PrintLineEPKcz
                0x00000000080050a8       0x1c ../libDaisy/build/libdaisy.a(logger.o)
                0x00000000080050a8                daisy::Logger<(daisy::LoggerDestination)1>::PrintLine(char const*, ...)
 .text._ZN5daisy6LoggerILNS_17LoggerDestinationE1EE8StartLogEb
                0x00000000080050c4       0x40 ../libDaisy/build/libdaisy.a(logger.o)
                0x00000000080050c4                daisy::Logger<(daisy::LoggerDestination)1>::StartLog(bool)
 .text.startup._GLOBAL__sub_I__ZN5daisy10LoggerImplILNS_17LoggerDestinationE1EE11usb_handle_E
                0x0000000008005104       0x2c ../libDaisy/build/libdaisy.a(logger.o)
 .text._ZN5daisy17MidiUartTransport6ConfigC2Ev
                0x0000000008005130       0x28 ../libDaisy/build/libdaisy.a(midi.o)
                0x0000000008005130                daisy::MidiUartTransport::Config::Config()
                0x0000000008005130                daisy::MidiUartTransport::Config::Config()
 .text._ZN5daisy10MidiParser5ResetEv
                0x0000000008005158        0xc ../libDaisy/build/libdaisy.a(midi_parser.o)
                0x0000000008005158                daisy::MidiParser::Reset()
 .text._ZN5daisy6RgbLed4InitE12dsy_gpio_pinS1_S1_b
                0x0000000008005164       0x50 ../libDaisy/build/libdaisy.a(rgb_led.o)
                0x0000000008005164                daisy::RgbLed::Init(dsy_gpio_pin, dsy_gpio_pin, dsy_gpio_pin, bool)
 .text._ZN5daisy6RgbLed3SetEfff
                0x00000000080051b4       0x34 ../libDaisy/build/libdaisy.a(rgb_led.o)
                0x00000000080051b4                daisy::RgbLed::Set(float, float, float)
 .text._ZN5daisy6RgbLed8SetColorENS_5ColorE
                0x00000000080051e8       0x2c ../libDaisy/build/libdaisy.a(rgb_led.o)
                0x00000000080051e8                daisy::RgbLed::SetColor(daisy::Color)
 .text._ZN5daisy6RgbLed6UpdateEv
                0x0000000008005214       0x1c ../libDaisy/build/libdaisy.a(rgb_led.o)
                0x0000000008005214                daisy::RgbLed::Update()
 .text._ZN5daisy6Switch4InitE12dsy_gpio_pinf
                0x0000000008005230       0x34 ../libDaisy/build/libdaisy.a(switch.o)
                0x0000000008005230                daisy::Switch::Init(dsy_gpio_pin, float)
 .text._ZN5daisy6Switch8DebounceEv
                0x0000000008005264       0x5c ../libDaisy/build/libdaisy.a(switch.o)
                0x0000000008005264                daisy::Switch::Debounce()
 .text.DummyRxCallback
                0x00000000080052c0        0x4 ../libDaisy/build/libdaisy.a(usb.o)
                0x00000000080052c0                DummyRxCallback
 .text._ZN5daisy9UsbHandle4InitENS0_9UsbPeriphE
                0x00000000080052c4      0x10c ../libDaisy/build/libdaisy.a(usb.o)
                0x00000000080052c4                daisy::UsbHandle::Init(daisy::UsbHandle::UsbPeriph)
 .text._ZN5daisy9UsbHandle16TransmitInternalEPhj
                0x00000000080053d0       0x14 ../libDaisy/build/libdaisy.a(usb.o)
                0x00000000080053d0                daisy::UsbHandle::TransmitInternal(unsigned char*, unsigned int)
 .text.OTG_FS_EP1_OUT_IRQHandler
                0x00000000080053e4        0xc ../libDaisy/build/libdaisy.a(usb.o)
                0x00000000080053e4                OTG_FS_EP1_OUT_IRQHandler
 .text.OTG_FS_EP1_IN_IRQHandler
                0x00000000080053f0        0xc ../libDaisy/build/libdaisy.a(usb.o)
                0x00000000080053f0                OTG_FS_EP1_IN_IRQHandler
 .text.OTG_FS_IRQHandler
                0x00000000080053fc        0xc ../libDaisy/build/libdaisy.a(usb.o)
                0x00000000080053fc                OTG_FS_IRQHandler
 .text._ZN5daisy16AdcChannelConfig10InitSingleE12dsy_gpio_pinNS0_15ConversionSpeedE
                0x0000000008005408       0x28 ../libDaisy/build/libdaisy.a(adc.o)
                0x0000000008005408                daisy::AdcChannelConfig::InitSingle(dsy_gpio_pin, daisy::AdcChannelConfig::ConversionSpeed)
 .text._ZN5daisy9AdcHandle4InitEPNS_16AdcChannelConfigEjNS0_12OverSamplingE
                0x0000000008005430      0x41c ../libDaisy/build/libdaisy.a(adc.o)
                0x0000000008005430                daisy::AdcHandle::Init(daisy::AdcChannelConfig*, unsigned int, daisy::AdcHandle::OverSampling)
 .text._ZN5daisy9AdcHandle5StartEv
                0x000000000800584c       0x2c ../libDaisy/build/libdaisy.a(adc.o)
                0x000000000800584c                daisy::AdcHandle::Start()
 .text._ZNK5daisy9AdcHandle6GetPtrEh
                0x0000000008005878       0x14 ../libDaisy/build/libdaisy.a(adc.o)
                0x0000000008005878                daisy::AdcHandle::GetPtr(unsigned char) const
 .text.HAL_ADC_MspInit
                0x000000000800588c       0x98 ../libDaisy/build/libdaisy.a(adc.o)
                0x000000000800588c                HAL_ADC_MspInit
 .text.DMA1_Stream2_IRQHandler
                0x0000000008005924        0xc ../libDaisy/build/libdaisy.a(adc.o)
                0x0000000008005924                DMA1_Stream2_IRQHandler
 .text.HAL_ADC_ConvCpltCallback
                0x0000000008005930      0x148 ../libDaisy/build/libdaisy.a(adc.o)
                0x0000000008005930                HAL_ADC_ConvCpltCallback
 .text.HAL_ADC_ErrorCallback
                0x0000000008005a78        0x4 ../libDaisy/build/libdaisy.a(adc.o)
                0x0000000008005a78                HAL_ADC_ErrorCallback
 .text._ZN5daisy4GPIO4InitENS_3PinENS0_4ModeENS0_4PullENS0_5SpeedE
                0x0000000008005a7c      0x1cc ../libDaisy/build/libdaisy.a(gpio.o)
                0x0000000008005a7c                daisy::GPIO::Init(daisy::Pin, daisy::GPIO::Mode, daisy::GPIO::Pull, daisy::GPIO::Speed)
 .text._ZN5daisy4GPIO4ReadEv
                0x0000000008005c48       0x18 ../libDaisy/build/libdaisy.a(gpio.o)
                0x0000000008005c48                daisy::GPIO::Read()
 .text._ZN5daisy4GPIO5WriteEb
                0x0000000008005c60       0x14 ../libDaisy/build/libdaisy.a(gpio.o)
                0x0000000008005c60                daisy::GPIO::Write(bool)
 .text.dsy_gpio_init
                0x0000000008005c74      0x1b8 ../libDaisy/build/libdaisy.a(gpio.o)
                0x0000000008005c74                dsy_gpio_init
 .text.dsy_gpio_read
                0x0000000008005e2c       0x1c ../libDaisy/build/libdaisy.a(gpio.o)
                0x0000000008005e2c                dsy_gpio_read
 .text.dsy_gpio_write
                0x0000000008005e48       0x24 ../libDaisy/build/libdaisy.a(gpio.o)
                0x0000000008005e48                dsy_gpio_write
 .text._ZN5daisy9I2CHandle4Impl8InitPinsEv
                0x0000000008005e6c       0x58 ../libDaisy/build/libdaisy.a(i2c.o)
                0x0000000008005e6c                daisy::I2CHandle::Impl::InitPins()
 .text.HAL_I2C_MspInit
                0x0000000008005ec4      0x1b4 ../libDaisy/build/libdaisy.a(i2c.o)
                0x0000000008005ec4                HAL_I2C_MspInit
 .text.dsy_i2c_global_init
                0x0000000008006078       0x78 ../libDaisy/build/libdaisy.a(i2c.o)
                0x0000000008006078                dsy_i2c_global_init
 .text.DMA1_Stream6_IRQHandler
                0x00000000080060f0       0x34 ../libDaisy/build/libdaisy.a(i2c.o)
                0x00000000080060f0                DMA1_Stream6_IRQHandler
 .text.I2C1_EV_IRQHandler
                0x0000000008006124        0xc ../libDaisy/build/libdaisy.a(i2c.o)
                0x0000000008006124                I2C1_EV_IRQHandler
 .text.I2C2_EV_IRQHandler
                0x0000000008006130        0xc ../libDaisy/build/libdaisy.a(i2c.o)
                0x0000000008006130                I2C2_EV_IRQHandler
 .text.I2C3_EV_IRQHandler
                0x000000000800613c        0xc ../libDaisy/build/libdaisy.a(i2c.o)
                0x000000000800613c                I2C3_EV_IRQHandler
 .text._ZN5daisy9I2CHandle4InitERKNS0_6ConfigE
                0x0000000008006148      0x12c ../libDaisy/build/libdaisy.a(i2c.o)
                0x0000000008006148                daisy::I2CHandle::Init(daisy::I2CHandle::Config const&)
 .text._ZN5daisy9I2CHandle16TransmitBlockingEtPhtm
                0x0000000008006274       0x50 ../libDaisy/build/libdaisy.a(i2c.o)
                0x0000000008006274                daisy::I2CHandle::TransmitBlocking(unsigned short, unsigned char*, unsigned short, unsigned long)
 .text.startup._GLOBAL__sub_I__ZN5daisy9I2CHandle4Impl10GlobalInitEv
                0x00000000080062c4       0x18 ../libDaisy/build/libdaisy.a(i2c.o)
 .text._ZN5daisy10QSPIHandle4Impl11WriteEnableEv
                0x00000000080062dc       0x8c ../libDaisy/build/libdaisy.a(qspi.o)
                0x00000000080062dc                daisy::QSPIHandle::Impl::WriteEnable()
 .text._ZN5daisy10QSPIHandle4Impl17DummyCyclesConfigENS0_6Config6DeviceE
                0x0000000008006368      0x118 ../libDaisy/build/libdaisy.a(qspi.o)
                0x0000000008006368                daisy::QSPIHandle::Impl::DummyCyclesConfig(daisy::QSPIHandle::Config::Device)
 .text._ZN5daisy10QSPIHandle4Impl10QuadEnableEv
                0x0000000008006480      0x158 ../libDaisy/build/libdaisy.a(qspi.o)
                0x0000000008006480                daisy::QSPIHandle::Impl::QuadEnable()
 .text._ZN5daisy10QSPIHandle4InitERKNS0_6ConfigE
                0x00000000080065d8      0x198 ../libDaisy/build/libdaisy.a(qspi.o)
                0x00000000080065d8                daisy::QSPIHandle::Init(daisy::QSPIHandle::Config const&)
 .text.HAL_QSPI_MspInit
                0x0000000008006770      0x11c ../libDaisy/build/libdaisy.a(qspi.o)
                0x0000000008006770                HAL_QSPI_MspInit
 .text.HAL_QSPI_MspDeInit
                0x000000000800688c       0x54 ../libDaisy/build/libdaisy.a(qspi.o)
                0x000000000800688c                HAL_QSPI_MspDeInit
 .text.QUADSPI_IRQHandler
                0x00000000080068e0        0xc ../libDaisy/build/libdaisy.a(qspi.o)
                0x00000000080068e0                QUADSPI_IRQHandler
 .text.startup._GLOBAL__sub_I__ZN5daisy10QSPIHandle4Impl4InitERKNS0_6ConfigE
                0x00000000080068ec       0x28 ../libDaisy/build/libdaisy.a(qspi.o)
 .text._ZN5daisy9SaiHandle4Impl7InitDmaENS1_15PeripheralBlockE
                0x0000000008006914       0xa0 ../libDaisy/build/libdaisy.a(sai.o)
                0x0000000008006914                daisy::SaiHandle::Impl::InitDma(daisy::SaiHandle::Impl::PeripheralBlock)
 .text._ZN5daisy9SaiHandle4Impl8InitPinsEv
                0x00000000080069b4       0xa8 ../libDaisy/build/libdaisy.a(sai.o)
                0x00000000080069b4                daisy::SaiHandle::Impl::InitPins()
 .text.HAL_SAI_MspInit
                0x0000000008006a5c      0x164 ../libDaisy/build/libdaisy.a(sai.o)
                0x0000000008006a5c                HAL_SAI_MspInit
 .text.DMA1_Stream0_IRQHandler
                0x0000000008006bc0        0xc ../libDaisy/build/libdaisy.a(sai.o)
                0x0000000008006bc0                DMA1_Stream0_IRQHandler
 .text.DMA1_Stream1_IRQHandler
                0x0000000008006bcc        0xc ../libDaisy/build/libdaisy.a(sai.o)
                0x0000000008006bcc                DMA1_Stream1_IRQHandler
 .text.DMA1_Stream3_IRQHandler
                0x0000000008006bd8        0xc ../libDaisy/build/libdaisy.a(sai.o)
                0x0000000008006bd8                DMA1_Stream3_IRQHandler
 .text.DMA1_Stream4_IRQHandler
                0x0000000008006be4        0xc ../libDaisy/build/libdaisy.a(sai.o)
                0x0000000008006be4                DMA1_Stream4_IRQHandler
 .text.HAL_SAI_RxHalfCpltCallback
                0x0000000008006bf0       0x78 ../libDaisy/build/libdaisy.a(sai.o)
                0x0000000008006bf0                HAL_SAI_RxHalfCpltCallback
 .text.HAL_SAI_RxCpltCallback
                0x0000000008006c68       0x70 ../libDaisy/build/libdaisy.a(sai.o)
                0x0000000008006c68                HAL_SAI_RxCpltCallback
 .text._ZN5daisy9SaiHandle4InitERKNS0_6ConfigE
                0x0000000008006cd8      0x1f0 ../libDaisy/build/libdaisy.a(sai.o)
                0x0000000008006cd8                daisy::SaiHandle::Init(daisy::SaiHandle::Config const&)
 .text._ZNK5daisy9SaiHandle9GetConfigEv
                0x0000000008006ec8        0x4 ../libDaisy/build/libdaisy.a(sai.o)
                0x0000000008006ec8                daisy::SaiHandle::GetConfig() const
 .text._ZN5daisy9SaiHandle8StartDmaEPlS1_jPFvS1_S1_jE
                0x0000000008006ecc       0xbc ../libDaisy/build/libdaisy.a(sai.o)
                0x0000000008006ecc                daisy::SaiHandle::StartDma(long*, long*, unsigned int, void (*)(long*, long*, unsigned int))
 .text._ZN5daisy9SaiHandle13GetSampleRateEv
                0x0000000008006f88       0x24 ../libDaisy/build/libdaisy.a(sai.o)
                0x0000000008006f88                daisy::SaiHandle::GetSampleRate()
 .text._ZNK5daisy9SaiHandle9GetOffsetEv
                0x0000000008006fac        0x8 ../libDaisy/build/libdaisy.a(sai.o)
                0x0000000008006fac                daisy::SaiHandle::GetOffset() const
 .text._ZN5daisy12SdmmcHandler4InitERKNS0_6ConfigE
                0x0000000008006fb4       0x80 ../libDaisy/build/libdaisy.a(sdmmc.o)
                0x0000000008006fb4                daisy::SdmmcHandler::Init(daisy::SdmmcHandler::Config const&)
 .text.HAL_SD_MspInit
                0x0000000008007034       0xe4 ../libDaisy/build/libdaisy.a(sdmmc.o)
                0x0000000008007034                HAL_SD_MspInit
 .text.SDMMC1_IRQHandler
                0x0000000008007118        0xc ../libDaisy/build/libdaisy.a(sdmmc.o)
                0x0000000008007118                SDMMC1_IRQHandler
 .text._ZL20UART_CheckRxListenerPN5daisy11UartHandler4ImplE
                0x0000000008007124       0x84 ../libDaisy/build/libdaisy.a(uart.o)
 .text._ZN5daisy11UartHandler4Impl10StartDmaTxEPhjPFvPvEPFvS3_NS0_6ResultEES3_
                0x00000000080071a8      0x184 ../libDaisy/build/libdaisy.a(uart.o)
                0x00000000080071a8                daisy::UartHandler::Impl::StartDmaTx(unsigned char*, unsigned int, void (*)(void*), void (*)(void*, daisy::UartHandler::Result), void*)
 .text._ZN5daisy11UartHandler4Impl10StartDmaRxEPhjPFvPvEPFvS3_NS0_6ResultEES3_
                0x000000000800732c      0x184 ../libDaisy/build/libdaisy.a(uart.o)
                0x000000000800732c                daisy::UartHandler::Impl::StartDmaRx(unsigned char*, unsigned int, void (*)(void*), void (*)(void*, daisy::UartHandler::Result), void*)
 .text._ZN5daisy11UartHandler4Impl19DmaTransferFinishedEP20__UART_HandleTypeDefNS0_6ResultE
                0x00000000080074b0       0xc0 ../libDaisy/build/libdaisy.a(uart.o)
                0x00000000080074b0                daisy::UartHandler::Impl::DmaTransferFinished(__UART_HandleTypeDef*, daisy::UartHandler::Result)
 .text._ZN5daisy11UartHandler4Impl8InitPinsEv
                0x0000000008007570      0x154 ../libDaisy/build/libdaisy.a(uart.o)
                0x0000000008007570                daisy::UartHandler::Impl::InitPins()
 .text.HAL_UART_MspInit
                0x00000000080076c4      0x210 ../libDaisy/build/libdaisy.a(uart.o)
                0x00000000080076c4                HAL_UART_MspInit
 .text.dsy_uart_global_init
                0x00000000080078d4       0xfc ../libDaisy/build/libdaisy.a(uart.o)
                0x00000000080078d4                dsy_uart_global_init
 .text.USART1_IRQHandler
                0x00000000080079d0       0x2c ../libDaisy/build/libdaisy.a(uart.o)
                0x00000000080079d0                USART1_IRQHandler
 .text.USART2_IRQHandler
                0x00000000080079fc       0x34 ../libDaisy/build/libdaisy.a(uart.o)
                0x00000000080079fc                USART2_IRQHandler
 .text.USART3_IRQHandler
                0x0000000008007a30       0x34 ../libDaisy/build/libdaisy.a(uart.o)
                0x0000000008007a30                USART3_IRQHandler
 .text.UART4_IRQHandler
                0x0000000008007a64       0x34 ../libDaisy/build/libdaisy.a(uart.o)
                0x0000000008007a64                UART4_IRQHandler
 .text.UART5_IRQHandler
                0x0000000008007a98       0x34 ../libDaisy/build/libdaisy.a(uart.o)
                0x0000000008007a98                UART5_IRQHandler
 .text.USART6_IRQHandler
                0x0000000008007acc       0x34 ../libDaisy/build/libdaisy.a(uart.o)
                0x0000000008007acc                USART6_IRQHandler
 .text.UART7_IRQHandler
                0x0000000008007b00       0x34 ../libDaisy/build/libdaisy.a(uart.o)
                0x0000000008007b00                UART7_IRQHandler
 .text.UART8_IRQHandler
                0x0000000008007b34       0x34 ../libDaisy/build/libdaisy.a(uart.o)
                0x0000000008007b34                UART8_IRQHandler
 .text.LPUART1_IRQHandler
                0x0000000008007b68       0x34 ../libDaisy/build/libdaisy.a(uart.o)
                0x0000000008007b68                LPUART1_IRQHandler
 .text.DMA1_Stream5_IRQHandler
                0x0000000008007b9c       0x34 ../libDaisy/build/libdaisy.a(uart.o)
                0x0000000008007b9c                DMA1_Stream5_IRQHandler
 .text.DMA2_Stream4_IRQHandler
                0x0000000008007bd0       0x38 ../libDaisy/build/libdaisy.a(uart.o)
                0x0000000008007bd0                DMA2_Stream4_IRQHandler
 .text.HAL_UART_TxCpltCallback
                0x0000000008007c08        0x8 ../libDaisy/build/libdaisy.a(uart.o)
                0x0000000008007c08                HAL_UART_TxCpltCallback
 .text.HAL_UART_RxCpltCallback
                0x0000000008007c10       0x94 ../libDaisy/build/libdaisy.a(uart.o)
                0x0000000008007c10                HAL_UART_RxCpltCallback
 .text.HAL_UART_RxHalfCpltCallback
                0x0000000008007ca4       0x90 ../libDaisy/build/libdaisy.a(uart.o)
                0x0000000008007ca4                HAL_UART_RxHalfCpltCallback
 .text.HAL_UART_ErrorCallback
                0x0000000008007d34        0x8 ../libDaisy/build/libdaisy.a(uart.o)
                0x0000000008007d34                HAL_UART_ErrorCallback
 .text._ZN5daisy11UartHandler4InitERKNS0_6ConfigE
                0x0000000008007d3c       0xd4 ../libDaisy/build/libdaisy.a(uart.o)
                0x0000000008007d3c                daisy::UartHandler::Init(daisy::UartHandler::Config const&)
 .text.startup._GLOBAL__sub_I__Z19MapInstanceToHandleP13USART_TypeDef
                0x0000000008007e10      0x194 ../libDaisy/build/libdaisy.a(uart.o)
 .text.dsy_dma_init
                0x0000000008007fa4      0x100 ../libDaisy/build/libdaisy.a(dma.o)
                0x0000000008007fa4                dsy_dma_init
 .text.dsy_dma_invalidate_cache_for_buffer
                0x00000000080080a4       0x2c ../libDaisy/build/libdaisy.a(dma.o)
                0x00000000080080a4                dsy_dma_invalidate_cache_for_buffer
 .text._ZN5daisy14FatFSInterface4InitEh
                0x00000000080080d0       0x48 ../libDaisy/build/libdaisy.a(fatfs.o)
                0x00000000080080d0                daisy::FatFSInterface::Init(unsigned char)
 .text.get_fattime
                0x0000000008008118        0x4 ../libDaisy/build/libdaisy.a(fatfs.o)
                0x0000000008008118                get_fattime
 .text._ZN5daisy11TimerHandleD2Ev
                0x000000000800811c        0x4 ../libDaisy/build/libdaisy.a(system.o)
                0x000000000800811c                daisy::TimerHandle::~TimerHandle()
                0x000000000800811c                daisy::TimerHandle::~TimerHandle()
 .text.SysTick_Handler
                0x0000000008008120       0x10 ../libDaisy/build/libdaisy.a(system.o)
                0x0000000008008120                SysTick_Handler
 .text.OTG_HS_EP1_OUT_IRQHandler
                0x0000000008008130       0x24 ../libDaisy/build/libdaisy.a(system.o)
                0x0000000008008130                OTG_HS_EP1_OUT_IRQHandler
 .text.OTG_HS_EP1_IN_IRQHandler
                0x0000000008008154       0x24 ../libDaisy/build/libdaisy.a(system.o)
                0x0000000008008154                OTG_HS_EP1_IN_IRQHandler
 .text.OTG_HS_IRQHandler
                0x0000000008008178       0x24 ../libDaisy/build/libdaisy.a(system.o)
                0x0000000008008178                OTG_HS_IRQHandler
 .text.HardFault_Handler
                0x000000000800819c       0xe0 ../libDaisy/build/libdaisy.a(system.o)
                0x000000000800819c                HardFault_Handler
 .text._ZN5daisy6System6GetNowEv
                0x000000000800827c        0x4 ../libDaisy/build/libdaisy.a(system.o)
                0x000000000800827c                daisy::System::GetNow()
 .text._ZN5daisy6System5DelayEm
                0x0000000008008280        0x4 ../libDaisy/build/libdaisy.a(system.o)
                0x0000000008008280                daisy::System::Delay(unsigned long)
 .text._ZN5daisy6System20GetBootloaderVersionEv
                0x0000000008008284       0x34 ../libDaisy/build/libdaisy.a(system.o)
                0x0000000008008284                daisy::System::GetBootloaderVersion()
 .text._ZN5daisy6System15ConfigureClocksEv
                0x00000000080082b8      0x194 ../libDaisy/build/libdaisy.a(system.o)
                0x00000000080082b8                daisy::System::ConfigureClocks()
 .text._ZN5daisy6System12ConfigureMpuEv
                0x000000000800844c       0x7c ../libDaisy/build/libdaisy.a(system.o)
                0x000000000800844c                daisy::System::ConfigureMpu()
 .text._ZN5daisy6System4InitERKNS0_6ConfigE
                0x00000000080084c8       0xec ../libDaisy/build/libdaisy.a(system.o)
                0x00000000080084c8                daisy::System::Init(daisy::System::Config const&)
 .text._ZN5daisy6System12GetPClk1FreqEv
                0x00000000080085b4        0x4 ../libDaisy/build/libdaisy.a(system.o)
                0x00000000080085b4                daisy::System::GetPClk1Freq()
 .text._ZN5daisy6System22GetProgramMemoryRegionEv
                0x00000000080085b8       0x78 ../libDaisy/build/libdaisy.a(system.o)
                0x00000000080085b8                daisy::System::GetProgramMemoryRegion()
 .text.startup._GLOBAL__sub_I__ZN5daisy9boot_infoE
                0x0000000008008630       0x1c ../libDaisy/build/libdaisy.a(system.o)
 .text.SystemInit
                0x000000000800864c       0x9c ../libDaisy/build/libdaisy.a(system_stm32h7xx.o)
                0x000000000800864c                SystemInit
 .text.dummy_rx_callback
                0x00000000080086e8        0x4 ../libDaisy/build/libdaisy.a(usbd_cdc_if.o)
                0x00000000080086e8                dummy_rx_callback
 .text.CDC_DeInit_FS
                0x00000000080086ec        0x4 ../libDaisy/build/libdaisy.a(usbd_cdc_if.o)
 .text.CDC_Receive_FS
                0x00000000080086f0       0x2c ../libDaisy/build/libdaisy.a(usbd_cdc_if.o)
 .text.CDC_Receive_HS
                0x000000000800871c       0x2c ../libDaisy/build/libdaisy.a(usbd_cdc_if.o)
 .text.CDC_Init_FS
                0x0000000008008748       0x3c ../libDaisy/build/libdaisy.a(usbd_cdc_if.o)
 .text.CDC_Init_HS
                0x0000000008008784       0x3c ../libDaisy/build/libdaisy.a(usbd_cdc_if.o)
 .text.CDC_Control_FS
                0x00000000080087c0       0x34 ../libDaisy/build/libdaisy.a(usbd_cdc_if.o)
 .text.CDC_Control_HS
                0x00000000080087f4       0x34 ../libDaisy/build/libdaisy.a(usbd_cdc_if.o)
 .text.CDC_DeInit_HS
                0x0000000008008828        0x4 ../libDaisy/build/libdaisy.a(usbd_cdc_if.o)
 .text.CDC_Transmit_FS
                0x000000000800882c       0x2c ../libDaisy/build/libdaisy.a(usbd_cdc_if.o)
                0x000000000800882c                CDC_Transmit_FS
 .text.HAL_PCD_MspInit
                0x0000000008008858      0x144 ../libDaisy/build/libdaisy.a(usbd_conf.o)
                0x0000000008008858                HAL_PCD_MspInit
 .text.HAL_PCD_SetupStageCallback
                0x000000000800899c        0xc ../libDaisy/build/libdaisy.a(usbd_conf.o)
                0x000000000800899c                HAL_PCD_SetupStageCallback
 .text.HAL_PCD_DataOutStageCallback
                0x00000000080089a8       0x14 ../libDaisy/build/libdaisy.a(usbd_conf.o)
                0x00000000080089a8                HAL_PCD_DataOutStageCallback
 .text.HAL_PCD_DataInStageCallback
                0x00000000080089bc       0x14 ../libDaisy/build/libdaisy.a(usbd_conf.o)
                0x00000000080089bc                HAL_PCD_DataInStageCallback
 .text.HAL_PCD_SOFCallback
                0x00000000080089d0        0x8 ../libDaisy/build/libdaisy.a(usbd_conf.o)
                0x00000000080089d0                HAL_PCD_SOFCallback
 .text.HAL_PCD_ResetCallback
                0x00000000080089d8       0x24 ../libDaisy/build/libdaisy.a(usbd_conf.o)
                0x00000000080089d8                HAL_PCD_ResetCallback
 .text.HAL_PCD_SuspendCallback
                0x00000000080089fc       0x30 ../libDaisy/build/libdaisy.a(usbd_conf.o)
                0x00000000080089fc                HAL_PCD_SuspendCallback
 .text.HAL_PCD_ResumeCallback
                0x0000000008008a2c        0x8 ../libDaisy/build/libdaisy.a(usbd_conf.o)
                0x0000000008008a2c                HAL_PCD_ResumeCallback
 .text.HAL_PCD_ISOOUTIncompleteCallback
                0x0000000008008a34        0x8 ../libDaisy/build/libdaisy.a(usbd_conf.o)
                0x0000000008008a34                HAL_PCD_ISOOUTIncompleteCallback
 .text.HAL_PCD_ISOINIncompleteCallback
                0x0000000008008a3c        0x8 ../libDaisy/build/libdaisy.a(usbd_conf.o)
                0x0000000008008a3c                HAL_PCD_ISOINIncompleteCallback
 .text.HAL_PCD_ConnectCallback
                0x0000000008008a44        0x8 ../libDaisy/build/libdaisy.a(usbd_conf.o)
                0x0000000008008a44                HAL_PCD_ConnectCallback
 .text.HAL_PCD_DisconnectCallback
                0x0000000008008a4c        0x8 ../libDaisy/build/libdaisy.a(usbd_conf.o)
                0x0000000008008a4c                HAL_PCD_DisconnectCallback
 .text.USBD_LL_Init
                0x0000000008008a54       0xe4 ../libDaisy/build/libdaisy.a(usbd_conf.o)
                0x0000000008008a54                USBD_LL_Init
 .text.USBD_LL_Start
                0x0000000008008b38       0x1c ../libDaisy/build/libdaisy.a(usbd_conf.o)
                0x0000000008008b38                USBD_LL_Start
 .text.USBD_LL_OpenEP
                0x0000000008008b54       0x24 ../libDaisy/build/libdaisy.a(usbd_conf.o)
                0x0000000008008b54                USBD_LL_OpenEP
 .text.USBD_LL_CloseEP
                0x0000000008008b78       0x1c ../libDaisy/build/libdaisy.a(usbd_conf.o)
                0x0000000008008b78                USBD_LL_CloseEP
 .text.USBD_LL_StallEP
                0x0000000008008b94       0x1c ../libDaisy/build/libdaisy.a(usbd_conf.o)
                0x0000000008008b94                USBD_LL_StallEP
 .text.USBD_LL_ClearStallEP
                0x0000000008008bb0       0x1c ../libDaisy/build/libdaisy.a(usbd_conf.o)
                0x0000000008008bb0                USBD_LL_ClearStallEP
 .text.USBD_LL_IsStallEP
                0x0000000008008bcc       0x28 ../libDaisy/build/libdaisy.a(usbd_conf.o)
                0x0000000008008bcc                USBD_LL_IsStallEP
 .text.USBD_LL_SetUSBAddress
                0x0000000008008bf4       0x1c ../libDaisy/build/libdaisy.a(usbd_conf.o)
                0x0000000008008bf4                USBD_LL_SetUSBAddress
 .text.USBD_LL_Transmit
                0x0000000008008c10       0x1c ../libDaisy/build/libdaisy.a(usbd_conf.o)
                0x0000000008008c10                USBD_LL_Transmit
 .text.USBD_LL_PrepareReceive
                0x0000000008008c2c       0x1c ../libDaisy/build/libdaisy.a(usbd_conf.o)
                0x0000000008008c2c                USBD_LL_PrepareReceive
 .text.USBD_LL_GetRxDataSize
                0x0000000008008c48        0x8 ../libDaisy/build/libdaisy.a(usbd_conf.o)
                0x0000000008008c48                USBD_LL_GetRxDataSize
 .text.USBD_HS_DeviceDescriptor
                0x0000000008008c50        0xc ../libDaisy/build/libdaisy.a(usbd_desc.o)
                0x0000000008008c50                USBD_HS_DeviceDescriptor
 .text.USBD_FS_DeviceDescriptor
                0x0000000008008c5c        0xc ../libDaisy/build/libdaisy.a(usbd_desc.o)
                0x0000000008008c5c                USBD_FS_DeviceDescriptor
 .text.USBD_FS_LangIDStrDescriptor
                0x0000000008008c68        0xc ../libDaisy/build/libdaisy.a(usbd_desc.o)
                0x0000000008008c68                USBD_FS_LangIDStrDescriptor
 .text.USBD_FS_ManufacturerStrDescriptor
                0x0000000008008c74       0x1c ../libDaisy/build/libdaisy.a(usbd_desc.o)
                0x0000000008008c74                USBD_FS_ManufacturerStrDescriptor
 .text.USBD_HS_ProductStrDescriptor
                0x0000000008008c90       0x1c ../libDaisy/build/libdaisy.a(usbd_desc.o)
                0x0000000008008c90                USBD_HS_ProductStrDescriptor
 .text.USBD_FS_ConfigStrDescriptor
                0x0000000008008cac       0x1c ../libDaisy/build/libdaisy.a(usbd_desc.o)
                0x0000000008008cac                USBD_FS_ConfigStrDescriptor
 .text.USBD_FS_InterfaceStrDescriptor
                0x0000000008008cc8       0x1c ../libDaisy/build/libdaisy.a(usbd_desc.o)
                0x0000000008008cc8                USBD_FS_InterfaceStrDescriptor
 .text.USBD_FS_ProductStrDescriptor
                0x0000000008008ce4       0x1c ../libDaisy/build/libdaisy.a(usbd_desc.o)
                0x0000000008008ce4                USBD_FS_ProductStrDescriptor
 .text.USBD_HS_LangIDStrDescriptor
                0x0000000008008d00        0xc ../libDaisy/build/libdaisy.a(usbd_desc.o)
                0x0000000008008d00                USBD_HS_LangIDStrDescriptor
 .text.USBD_HS_ManufacturerStrDescriptor
                0x0000000008008d0c       0x1c ../libDaisy/build/libdaisy.a(usbd_desc.o)
                0x0000000008008d0c                USBD_HS_ManufacturerStrDescriptor
 .text.USBD_FS_SerialStrDescriptor
                0x0000000008008d28      0x124 ../libDaisy/build/libdaisy.a(usbd_desc.o)
                0x0000000008008d28                USBD_FS_SerialStrDescriptor
 .text.USBD_HS_SerialStrDescriptor
                0x0000000008008e4c      0x124 ../libDaisy/build/libdaisy.a(usbd_desc.o)
                0x0000000008008e4c                USBD_HS_SerialStrDescriptor
 .text.USBD_HS_InterfaceStrDescriptor
                0x0000000008008f70       0x1c ../libDaisy/build/libdaisy.a(usbd_desc.o)
                0x0000000008008f70                USBD_HS_InterfaceStrDescriptor
 .text.USBD_HS_ConfigStrDescriptor
                0x0000000008008f8c       0x1c ../libDaisy/build/libdaisy.a(usbd_desc.o)
                0x0000000008008f8c                USBD_HS_ConfigStrDescriptor
 .text.HAL_HCD_SOF_Callback
                0x0000000008008fa8        0x8 ../libDaisy/build/libdaisy.a(usbh_conf.o)
                0x0000000008008fa8                HAL_HCD_SOF_Callback
 .text.HAL_HCD_Connect_Callback
                0x0000000008008fb0        0x8 ../libDaisy/build/libdaisy.a(usbh_conf.o)
                0x0000000008008fb0                HAL_HCD_Connect_Callback
 .text.HAL_HCD_Disconnect_Callback
                0x0000000008008fb8        0x8 ../libDaisy/build/libdaisy.a(usbh_conf.o)
                0x0000000008008fb8                HAL_HCD_Disconnect_Callback
 .text.HAL_HCD_HC_NotifyURBChange_Callback
                0x0000000008008fc0        0x4 ../libDaisy/build/libdaisy.a(usbh_conf.o)
                0x0000000008008fc0                HAL_HCD_HC_NotifyURBChange_Callback
 .text.HAL_HCD_PortEnabled_Callback
                0x0000000008008fc4        0x8 ../libDaisy/build/libdaisy.a(usbh_conf.o)
                0x0000000008008fc4                HAL_HCD_PortEnabled_Callback
 .text.HAL_HCD_PortDisabled_Callback
                0x0000000008008fcc        0x8 ../libDaisy/build/libdaisy.a(usbh_conf.o)
                0x0000000008008fcc                HAL_HCD_PortDisabled_Callback
 .text.USBH_LL_Stop
                0x0000000008008fd4       0x1c ../libDaisy/build/libdaisy.a(usbh_conf.o)
                0x0000000008008fd4                USBH_LL_Stop
 .text.USBH_LL_GetLastXferSize
                0x0000000008008ff0        0x8 ../libDaisy/build/libdaisy.a(usbh_conf.o)
                0x0000000008008ff0                USBH_LL_GetLastXferSize
 .text.USBH_LL_SubmitURB
                0x0000000008008ff8       0x38 ../libDaisy/build/libdaisy.a(usbh_conf.o)
                0x0000000008008ff8                USBH_LL_SubmitURB
 .text.USBH_LL_GetURBState
                0x0000000008009030        0x8 ../libDaisy/build/libdaisy.a(usbh_conf.o)
                0x0000000008009030                USBH_LL_GetURBState
 .text.USBH_LL_SetToggle
                0x0000000008009038       0x24 ../libDaisy/build/libdaisy.a(usbh_conf.o)
                0x0000000008009038                USBH_LL_SetToggle
 .text.USBH_LL_GetToggle
                0x000000000800905c       0x20 ../libDaisy/build/libdaisy.a(usbh_conf.o)
                0x000000000800905c                USBH_LL_GetToggle
 .text._ZN5daisy5Color4InitENS0_11PresetColorE
                0x000000000800907c       0x20 ../libDaisy/build/libdaisy.a(color.o)
                0x000000000800907c                daisy::Color::Init(daisy::Color::PresetColor)
 .text.dsy_hal_map_get_port
                0x000000000800909c       0x10 ../libDaisy/build/libdaisy.a(hal_map.o)
                0x000000000800909c                dsy_hal_map_get_port
 .text.dsy_hal_map_get_pin
                0x00000000080090ac       0x10 ../libDaisy/build/libdaisy.a(hal_map.o)
                0x00000000080090ac                dsy_hal_map_get_pin
 .text.dsy_hal_map_gpio_clk_enable
                0x00000000080090bc      0x150 ../libDaisy/build/libdaisy.a(hal_map.o)
                0x00000000080090bc                dsy_hal_map_gpio_clk_enable
 .text.SD_initialize
                0x000000000800920c       0x30 ../libDaisy/build/libdaisy.a(sd_diskio.o)
                0x000000000800920c                SD_initialize
 .text.SD_status
                0x000000000800923c       0x20 ../libDaisy/build/libdaisy.a(sd_diskio.o)
                0x000000000800923c                SD_status
 .text.SD_read  0x000000000800925c       0xcc ../libDaisy/build/libdaisy.a(sd_diskio.o)
                0x000000000800925c                SD_read
 .text.SD_write
                0x0000000008009328       0xa4 ../libDaisy/build/libdaisy.a(sd_diskio.o)
                0x0000000008009328                SD_write
 .text.SD_ioctl
                0x00000000080093cc       0x68 ../libDaisy/build/libdaisy.a(sd_diskio.o)
                0x00000000080093cc                SD_ioctl
 .text.BSP_SD_WriteCpltCallback
                0x0000000008009434        0xc ../libDaisy/build/libdaisy.a(sd_diskio.o)
                0x0000000008009434                BSP_SD_WriteCpltCallback
 .text.BSP_SD_ReadCpltCallback
                0x0000000008009440        0xc ../libDaisy/build/libdaisy.a(sd_diskio.o)
                0x0000000008009440                BSP_SD_ReadCpltCallback
 .text.USBH_initialize
                0x000000000800944c        0x4 ../libDaisy/build/libdaisy.a(usbh_diskio.o)
                0x000000000800944c                USBH_initialize
 .text.USBH_status
                0x0000000008009450       0x18 ../libDaisy/build/libdaisy.a(usbh_diskio.o)
                0x0000000008009450                USBH_status
 .text.USBH_read
                0x0000000008009468      0x14c ../libDaisy/build/libdaisy.a(usbh_diskio.o)
                0x0000000008009468                USBH_read
 .text.USBH_write
                0x00000000080095b4      0x104 ../libDaisy/build/libdaisy.a(usbh_diskio.o)
                0x00000000080095b4                USBH_write
 .text.USBH_ioctl
                0x00000000080096b8       0x68 ../libDaisy/build/libdaisy.a(usbh_diskio.o)
                0x00000000080096b8                USBH_ioctl
 .text.HAL_MspInit
                0x0000000008009720        0x4 ../libDaisy/build/libdaisy.a(stm32h7xx_hal.o)
                0x0000000008009720                HAL_MspInit
 .text.HAL_InitTick
                0x0000000008009724       0x4c ../libDaisy/build/libdaisy.a(stm32h7xx_hal.o)
                0x0000000008009724                HAL_InitTick
 .text.HAL_Init
                0x0000000008009770       0x60 ../libDaisy/build/libdaisy.a(stm32h7xx_hal.o)
                0x0000000008009770                HAL_Init
 .text.HAL_IncTick
                0x00000000080097d0       0x18 ../libDaisy/build/libdaisy.a(stm32h7xx_hal.o)
                0x00000000080097d0                HAL_IncTick
 .text.HAL_GetTick
                0x00000000080097e8        0xc ../libDaisy/build/libdaisy.a(stm32h7xx_hal.o)
                0x00000000080097e8                HAL_GetTick
 .text.HAL_Delay
                0x00000000080097f4       0x24 ../libDaisy/build/libdaisy.a(stm32h7xx_hal.o)
                0x00000000080097f4                HAL_Delay
 .text.HAL_GetREVID
                0x0000000008009818        0xc ../libDaisy/build/libdaisy.a(stm32h7xx_hal.o)
                0x0000000008009818                HAL_GetREVID
 .text.HAL_ADC_ConvHalfCpltCallback
                0x0000000008009824        0x4 ../libDaisy/build/libdaisy.a(stm32h7xx_hal_adc.o)
                0x0000000008009824                HAL_ADC_ConvHalfCpltCallback
 .text.ADC_DMAHalfConvCplt
                0x0000000008009828        0xc ../libDaisy/build/libdaisy.a(stm32h7xx_hal_adc.o)
                0x0000000008009828                ADC_DMAHalfConvCplt
 .text.ADC_DMAConvCplt
                0x0000000008009834       0x6c ../libDaisy/build/libdaisy.a(stm32h7xx_hal_adc.o)
                0x0000000008009834                ADC_DMAConvCplt
 .text.ADC_DMAError
                0x00000000080098a0       0x1c ../libDaisy/build/libdaisy.a(stm32h7xx_hal_adc.o)
                0x00000000080098a0                ADC_DMAError
 .text.HAL_ADC_ConfigChannel
                0x00000000080098bc      0x3fc ../libDaisy/build/libdaisy.a(stm32h7xx_hal_adc.o)
                0x00000000080098bc                HAL_ADC_ConfigChannel
 .text.ADC_Enable
                0x0000000008009cb8       0xac ../libDaisy/build/libdaisy.a(stm32h7xx_hal_adc.o)
                0x0000000008009cb8                ADC_Enable
 .text.HAL_ADC_Start_DMA
                0x0000000008009d64      0x114 ../libDaisy/build/libdaisy.a(stm32h7xx_hal_adc.o)
                0x0000000008009d64                HAL_ADC_Start_DMA
 .text.ADC_Disable
                0x0000000008009e78       0x68 ../libDaisy/build/libdaisy.a(stm32h7xx_hal_adc.o)
                0x0000000008009e78                ADC_Disable
 .text.ADC_ConfigureBoostMode
                0x0000000008009ee0      0x184 ../libDaisy/build/libdaisy.a(stm32h7xx_hal_adc.o)
                0x0000000008009ee0                ADC_ConfigureBoostMode
 .text.HAL_ADC_Init
                0x000000000800a064      0x218 ../libDaisy/build/libdaisy.a(stm32h7xx_hal_adc.o)
                0x000000000800a064                HAL_ADC_Init
 .text.HAL_ADCEx_Calibration_Start
                0x000000000800a27c       0xa4 ../libDaisy/build/libdaisy.a(stm32h7xx_hal_adc_ex.o)
                0x000000000800a27c                HAL_ADCEx_Calibration_Start
 .text.HAL_ADCEx_MultiModeConfigChannel
                0x000000000800a320       0xc4 ../libDaisy/build/libdaisy.a(stm32h7xx_hal_adc_ex.o)
                0x000000000800a320                HAL_ADCEx_MultiModeConfigChannel
 .text.HAL_NVIC_SetPriorityGrouping
                0x000000000800a3e4       0x24 ../libDaisy/build/libdaisy.a(stm32h7xx_hal_cortex.o)
                0x000000000800a3e4                HAL_NVIC_SetPriorityGrouping
 .text.HAL_NVIC_SetPriority
                0x000000000800a408       0x7c ../libDaisy/build/libdaisy.a(stm32h7xx_hal_cortex.o)
                0x000000000800a408                HAL_NVIC_SetPriority
 .text.HAL_NVIC_EnableIRQ
                0x000000000800a484       0x1c ../libDaisy/build/libdaisy.a(stm32h7xx_hal_cortex.o)
                0x000000000800a484                HAL_NVIC_EnableIRQ
 .text.HAL_NVIC_DisableIRQ
                0x000000000800a4a0       0x28 ../libDaisy/build/libdaisy.a(stm32h7xx_hal_cortex.o)
                0x000000000800a4a0                HAL_NVIC_DisableIRQ
 .text.HAL_SYSTICK_Config
                0x000000000800a4c8       0x2c ../libDaisy/build/libdaisy.a(stm32h7xx_hal_cortex.o)
                0x000000000800a4c8                HAL_SYSTICK_Config
 .text.HAL_MPU_Disable
                0x000000000800a4f4       0x1c ../libDaisy/build/libdaisy.a(stm32h7xx_hal_cortex.o)
                0x000000000800a4f4                HAL_MPU_Disable
 .text.HAL_MPU_Enable
                0x000000000800a510       0x20 ../libDaisy/build/libdaisy.a(stm32h7xx_hal_cortex.o)
                0x000000000800a510                HAL_MPU_Enable
 .text.HAL_MPU_ConfigRegion
                0x000000000800a530       0x64 ../libDaisy/build/libdaisy.a(stm32h7xx_hal_cortex.o)
                0x000000000800a530                HAL_MPU_ConfigRegion
 .text.HAL_SYSTICK_Callback
                0x000000000800a594        0x4 ../libDaisy/build/libdaisy.a(stm32h7xx_hal_cortex.o)
                0x000000000800a594                HAL_SYSTICK_Callback
 .text.HAL_SYSTICK_IRQHandler
                0x000000000800a598        0x8 ../libDaisy/build/libdaisy.a(stm32h7xx_hal_cortex.o)
                0x000000000800a598                HAL_SYSTICK_IRQHandler
 .text.DMA_CalcBaseAndBitshift
                0x000000000800a5a0       0xf4 ../libDaisy/build/libdaisy.a(stm32h7xx_hal_dma.o)
 .text.DMA_CalcDMAMUXChannelBaseAndMask
                0x000000000800a694       0xd8 ../libDaisy/build/libdaisy.a(stm32h7xx_hal_dma.o)
 .text.HAL_DMA_Init
                0x000000000800a76c      0x37c ../libDaisy/build/libdaisy.a(stm32h7xx_hal_dma.o)
                0x000000000800a76c                HAL_DMA_Init
 .text.HAL_DMA_Start_IT
                0x000000000800aae8      0x240 ../libDaisy/build/libdaisy.a(stm32h7xx_hal_dma.o)
                0x000000000800aae8                HAL_DMA_Start_IT
 .text.HAL_DMA_Abort_IT
                0x000000000800ad28      0x134 ../libDaisy/build/libdaisy.a(stm32h7xx_hal_dma.o)
                0x000000000800ad28                HAL_DMA_Abort_IT
 .text.HAL_DMA_IRQHandler
                0x000000000800ae5c      0x6a0 ../libDaisy/build/libdaisy.a(stm32h7xx_hal_dma.o)
                0x000000000800ae5c                HAL_DMA_IRQHandler
 .text.HAL_DMA_GetError
                0x000000000800b4fc        0x4 ../libDaisy/build/libdaisy.a(stm32h7xx_hal_dma.o)
                0x000000000800b4fc                HAL_DMA_GetError
 .text.HAL_GPIO_Init
                0x000000000800b500      0x280 ../libDaisy/build/libdaisy.a(stm32h7xx_hal_gpio.o)
                0x000000000800b500                HAL_GPIO_Init
 .text.HAL_GPIO_DeInit
                0x000000000800b780      0x190 ../libDaisy/build/libdaisy.a(stm32h7xx_hal_gpio.o)
                0x000000000800b780                HAL_GPIO_DeInit
 .text.HAL_GPIO_ReadPin
                0x000000000800b910        0xc ../libDaisy/build/libdaisy.a(stm32h7xx_hal_gpio.o)
                0x000000000800b910                HAL_GPIO_ReadPin
 .text.HAL_GPIO_WritePin
                0x000000000800b91c        0x8 ../libDaisy/build/libdaisy.a(stm32h7xx_hal_gpio.o)
                0x000000000800b91c                HAL_GPIO_WritePin
 .text.HAL_HCD_HC_SubmitRequest
                0x000000000800b924       0xd0 ../libDaisy/build/libdaisy.a(stm32h7xx_hal_hcd.o)
                0x000000000800b924                HAL_HCD_HC_SubmitRequest
 .text.HAL_HCD_IRQHandler
                0x000000000800b9f4      0x780 ../libDaisy/build/libdaisy.a(stm32h7xx_hal_hcd.o)
                0x000000000800b9f4                HAL_HCD_IRQHandler
 .text.HAL_HCD_Stop
                0x000000000800c174       0x28 ../libDaisy/build/libdaisy.a(stm32h7xx_hal_hcd.o)
                0x000000000800c174                HAL_HCD_Stop
 .text.HAL_HCD_HC_GetURBState
                0x000000000800c19c       0x10 ../libDaisy/build/libdaisy.a(stm32h7xx_hal_hcd.o)
                0x000000000800c19c                HAL_HCD_HC_GetURBState
 .text.HAL_HCD_HC_GetXferCount
                0x000000000800c1ac        0xc ../libDaisy/build/libdaisy.a(stm32h7xx_hal_hcd.o)
                0x000000000800c1ac                HAL_HCD_HC_GetXferCount
 .text.I2C_WaitOnTXISFlagUntilTimeout
                0x000000000800c1b8       0xb8 ../libDaisy/build/libdaisy.a(stm32h7xx_hal_i2c.o)
 .text.I2C_WaitOnSTOPFlagUntilTimeout
                0x000000000800c270       0xac ../libDaisy/build/libdaisy.a(stm32h7xx_hal_i2c.o)
 .text.HAL_I2C_Init
                0x000000000800c31c       0xac ../libDaisy/build/libdaisy.a(stm32h7xx_hal_i2c.o)
                0x000000000800c31c                HAL_I2C_Init
 .text.HAL_I2C_Master_Transmit
                0x000000000800c3c8      0x1a8 ../libDaisy/build/libdaisy.a(stm32h7xx_hal_i2c.o)
                0x000000000800c3c8                HAL_I2C_Master_Transmit
 .text.HAL_I2C_Slave_Transmit
                0x000000000800c570      0x1c8 ../libDaisy/build/libdaisy.a(stm32h7xx_hal_i2c.o)
                0x000000000800c570                HAL_I2C_Slave_Transmit
 .text.HAL_I2C_EV_IRQHandler
                0x000000000800c738       0x10 ../libDaisy/build/libdaisy.a(stm32h7xx_hal_i2c.o)
                0x000000000800c738                HAL_I2C_EV_IRQHandler
 .text.HAL_I2C_GetState
                0x000000000800c748        0x8 ../libDaisy/build/libdaisy.a(stm32h7xx_hal_i2c.o)
                0x000000000800c748                HAL_I2C_GetState
 .text.HAL_I2CEx_ConfigAnalogFilter
                0x000000000800c750       0x54 ../libDaisy/build/libdaisy.a(stm32h7xx_hal_i2c_ex.o)
                0x000000000800c750                HAL_I2CEx_ConfigAnalogFilter
 .text.HAL_I2CEx_ConfigDigitalFilter
                0x000000000800c7a4       0x58 ../libDaisy/build/libdaisy.a(stm32h7xx_hal_i2c_ex.o)
                0x000000000800c7a4                HAL_I2CEx_ConfigDigitalFilter
 .text.HAL_PCD_Init
                0x000000000800c7fc      0x12c ../libDaisy/build/libdaisy.a(stm32h7xx_hal_pcd.o)
                0x000000000800c7fc                HAL_PCD_Init
 .text.HAL_PCD_Start
                0x000000000800c928       0x44 ../libDaisy/build/libdaisy.a(stm32h7xx_hal_pcd.o)
                0x000000000800c928                HAL_PCD_Start
 .text.HAL_PCD_IRQHandler
                0x000000000800c96c      0x69c ../libDaisy/build/libdaisy.a(stm32h7xx_hal_pcd.o)
                0x000000000800c96c                HAL_PCD_IRQHandler
 .text.HAL_PCD_SetAddress
                0x000000000800d008       0x2c ../libDaisy/build/libdaisy.a(stm32h7xx_hal_pcd.o)
                0x000000000800d008                HAL_PCD_SetAddress
 .text.HAL_PCD_EP_Open
                0x000000000800d034       0x7c ../libDaisy/build/libdaisy.a(stm32h7xx_hal_pcd.o)
                0x000000000800d034                HAL_PCD_EP_Open
 .text.HAL_PCD_EP_Close
                0x000000000800d0b0       0x6c ../libDaisy/build/libdaisy.a(stm32h7xx_hal_pcd.o)
                0x000000000800d0b0                HAL_PCD_EP_Close
 .text.HAL_PCD_EP_Receive
                0x000000000800d11c       0x50 ../libDaisy/build/libdaisy.a(stm32h7xx_hal_pcd.o)
                0x000000000800d11c                HAL_PCD_EP_Receive
 .text.HAL_PCD_EP_GetRxCount
                0x000000000800d16c       0x14 ../libDaisy/build/libdaisy.a(stm32h7xx_hal_pcd.o)
                0x000000000800d16c                HAL_PCD_EP_GetRxCount
 .text.HAL_PCD_EP_Transmit
                0x000000000800d180       0x50 ../libDaisy/build/libdaisy.a(stm32h7xx_hal_pcd.o)
                0x000000000800d180                HAL_PCD_EP_Transmit
 .text.HAL_PCD_EP_SetStall
                0x000000000800d1d0       0x88 ../libDaisy/build/libdaisy.a(stm32h7xx_hal_pcd.o)
                0x000000000800d1d0                HAL_PCD_EP_SetStall
 .text.HAL_PCD_EP_ClrStall
                0x000000000800d258       0x78 ../libDaisy/build/libdaisy.a(stm32h7xx_hal_pcd.o)
                0x000000000800d258                HAL_PCD_EP_ClrStall
 .text.HAL_PCDEx_SetTxFiFo
                0x000000000800d2d0       0x54 ../libDaisy/build/libdaisy.a(stm32h7xx_hal_pcd_ex.o)
                0x000000000800d2d0                HAL_PCDEx_SetTxFiFo
 .text.HAL_PCDEx_SetRxFiFo
                0x000000000800d324        0xc ../libDaisy/build/libdaisy.a(stm32h7xx_hal_pcd_ex.o)
                0x000000000800d324                HAL_PCDEx_SetRxFiFo
 .text.HAL_PCDEx_ActivateLPM
                0x000000000800d330       0x30 ../libDaisy/build/libdaisy.a(stm32h7xx_hal_pcd_ex.o)
                0x000000000800d330                HAL_PCDEx_ActivateLPM
 .text.HAL_PCDEx_LPM_Callback
                0x000000000800d360        0x4 ../libDaisy/build/libdaisy.a(stm32h7xx_hal_pcd_ex.o)
                0x000000000800d360                HAL_PCDEx_LPM_Callback
 .text.HAL_PWREx_ConfigSupply
                0x000000000800d364       0x4c ../libDaisy/build/libdaisy.a(stm32h7xx_hal_pwr_ex.o)
                0x000000000800d364                HAL_PWREx_ConfigSupply
 .text.HAL_PWREx_EnableUSBVoltageDetector
                0x000000000800d3b0       0x10 ../libDaisy/build/libdaisy.a(stm32h7xx_hal_pwr_ex.o)
                0x000000000800d3b0                HAL_PWREx_EnableUSBVoltageDetector
 .text.QSPI_Config
                0x000000000800d3c0      0x174 ../libDaisy/build/libdaisy.a(stm32h7xx_hal_qspi.o)
 .text.HAL_QSPI_Init
                0x000000000800d534       0xd8 ../libDaisy/build/libdaisy.a(stm32h7xx_hal_qspi.o)
                0x000000000800d534                HAL_QSPI_Init
 .text.HAL_QSPI_DeInit
                0x000000000800d60c       0x3c ../libDaisy/build/libdaisy.a(stm32h7xx_hal_qspi.o)
                0x000000000800d60c                HAL_QSPI_DeInit
 .text.HAL_QSPI_Command
                0x000000000800d648       0xd4 ../libDaisy/build/libdaisy.a(stm32h7xx_hal_qspi.o)
                0x000000000800d648                HAL_QSPI_Command
 .text.HAL_QSPI_Transmit
                0x000000000800d71c       0xfc ../libDaisy/build/libdaisy.a(stm32h7xx_hal_qspi.o)
                0x000000000800d71c                HAL_QSPI_Transmit
 .text.HAL_QSPI_Receive
                0x000000000800d818      0x108 ../libDaisy/build/libdaisy.a(stm32h7xx_hal_qspi.o)
                0x000000000800d818                HAL_QSPI_Receive
 .text.HAL_QSPI_AutoPolling
                0x000000000800d920       0xf0 ../libDaisy/build/libdaisy.a(stm32h7xx_hal_qspi.o)
                0x000000000800d920                HAL_QSPI_AutoPolling
 .text.HAL_QSPI_MemoryMapped
                0x000000000800da10       0xc0 ../libDaisy/build/libdaisy.a(stm32h7xx_hal_qspi.o)
                0x000000000800da10                HAL_QSPI_MemoryMapped
 .text.HAL_QSPI_ErrorCallback
                0x000000000800dad0        0x4 ../libDaisy/build/libdaisy.a(stm32h7xx_hal_qspi.o)
                0x000000000800dad0                HAL_QSPI_ErrorCallback
 .text.QSPI_DMAAbortCplt
                0x000000000800dad4       0x38 ../libDaisy/build/libdaisy.a(stm32h7xx_hal_qspi.o)
 .text.HAL_QSPI_AbortCpltCallback
                0x000000000800db0c        0x4 ../libDaisy/build/libdaisy.a(stm32h7xx_hal_qspi.o)
                0x000000000800db0c                HAL_QSPI_AbortCpltCallback
 .text.HAL_QSPI_CmdCpltCallback
                0x000000000800db10        0x4 ../libDaisy/build/libdaisy.a(stm32h7xx_hal_qspi.o)
                0x000000000800db10                HAL_QSPI_CmdCpltCallback
 .text.HAL_QSPI_RxCpltCallback
                0x000000000800db14        0x4 ../libDaisy/build/libdaisy.a(stm32h7xx_hal_qspi.o)
                0x000000000800db14                HAL_QSPI_RxCpltCallback
 .text.HAL_QSPI_TxCpltCallback
                0x000000000800db18        0x4 ../libDaisy/build/libdaisy.a(stm32h7xx_hal_qspi.o)
                0x000000000800db18                HAL_QSPI_TxCpltCallback
 .text.HAL_QSPI_FifoThresholdCallback
                0x000000000800db1c        0x4 ../libDaisy/build/libdaisy.a(stm32h7xx_hal_qspi.o)
                0x000000000800db1c                HAL_QSPI_FifoThresholdCallback
 .text.HAL_QSPI_StatusMatchCallback
                0x000000000800db20        0x4 ../libDaisy/build/libdaisy.a(stm32h7xx_hal_qspi.o)
                0x000000000800db20                HAL_QSPI_StatusMatchCallback
 .text.HAL_QSPI_TimeOutCallback
                0x000000000800db24        0x4 ../libDaisy/build/libdaisy.a(stm32h7xx_hal_qspi.o)
                0x000000000800db24                HAL_QSPI_TimeOutCallback
 .text.HAL_QSPI_IRQHandler
                0x000000000800db28      0x210 ../libDaisy/build/libdaisy.a(stm32h7xx_hal_qspi.o)
                0x000000000800db28                HAL_QSPI_IRQHandler
 .text.HAL_RCC_OscConfig
                0x000000000800dd38      0x51c ../libDaisy/build/libdaisy.a(stm32h7xx_hal_rcc.o)
                0x000000000800dd38                HAL_RCC_OscConfig
 .text.HAL_RCC_GetSysClockFreq
                0x000000000800e254      0x140 ../libDaisy/build/libdaisy.a(stm32h7xx_hal_rcc.o)
                0x000000000800e254                HAL_RCC_GetSysClockFreq
 .text.HAL_RCC_ClockConfig
                0x000000000800e394      0x234 ../libDaisy/build/libdaisy.a(stm32h7xx_hal_rcc.o)
                0x000000000800e394                HAL_RCC_ClockConfig
 .text.HAL_RCC_GetHCLKFreq
                0x000000000800e5c8       0x2c ../libDaisy/build/libdaisy.a(stm32h7xx_hal_rcc.o)
                0x000000000800e5c8                HAL_RCC_GetHCLKFreq
 .text.HAL_RCC_GetPCLK1Freq
                0x000000000800e5f4       0x38 ../libDaisy/build/libdaisy.a(stm32h7xx_hal_rcc.o)
                0x000000000800e5f4                HAL_RCC_GetPCLK1Freq
 .text.HAL_RCC_GetPCLK2Freq
                0x000000000800e62c       0x38 ../libDaisy/build/libdaisy.a(stm32h7xx_hal_rcc.o)
                0x000000000800e62c                HAL_RCC_GetPCLK2Freq
 .text.RCCEx_PLL2_Config
                0x000000000800e664       0xf4 ../libDaisy/build/libdaisy.a(stm32h7xx_hal_rcc_ex.o)
 .text.RCCEx_PLL3_Config
                0x000000000800e758       0xf4 ../libDaisy/build/libdaisy.a(stm32h7xx_hal_rcc_ex.o)
 .text.HAL_RCCEx_PeriphCLKConfig
                0x000000000800e84c      0xa7c ../libDaisy/build/libdaisy.a(stm32h7xx_hal_rcc_ex.o)
                0x000000000800e84c                HAL_RCCEx_PeriphCLKConfig
 .text.HAL_RCCEx_GetD3PCLK1Freq
                0x000000000800f2c8       0x24 ../libDaisy/build/libdaisy.a(stm32h7xx_hal_rcc_ex.o)
                0x000000000800f2c8                HAL_RCCEx_GetD3PCLK1Freq
 .text.HAL_RCCEx_GetPLL2ClockFreq
                0x000000000800f2ec      0x17c ../libDaisy/build/libdaisy.a(stm32h7xx_hal_rcc_ex.o)
                0x000000000800f2ec                HAL_RCCEx_GetPLL2ClockFreq
 .text.HAL_RCCEx_GetPLL3ClockFreq
                0x000000000800f468      0x17c ../libDaisy/build/libdaisy.a(stm32h7xx_hal_rcc_ex.o)
                0x000000000800f468                HAL_RCCEx_GetPLL3ClockFreq
 .text.HAL_RCCEx_GetPLL1ClockFreq
                0x000000000800f5e4      0x17c ../libDaisy/build/libdaisy.a(stm32h7xx_hal_rcc_ex.o)
                0x000000000800f5e4                HAL_RCCEx_GetPLL1ClockFreq
 .text.HAL_RCCEx_GetPeriphCLKFreq
                0x000000000800f760      0x198 ../libDaisy/build/libdaisy.a(stm32h7xx_hal_rcc_ex.o)
                0x000000000800f760                HAL_RCCEx_GetPeriphCLKFreq
 .text.HAL_RCCEx_GetD1SysClockFreq
                0x000000000800f8f8       0x2c ../libDaisy/build/libdaisy.a(stm32h7xx_hal_rcc_ex.o)
                0x000000000800f8f8                HAL_RCCEx_GetD1SysClockFreq
 .text.HAL_SAI_Init.part.0
                0x000000000800f924      0x348 ../libDaisy/build/libdaisy.a(stm32h7xx_hal_sai.o)
 .text.HAL_SAI_InitProtocol
                0x000000000800fc6c      0x178 ../libDaisy/build/libdaisy.a(stm32h7xx_hal_sai.o)
                0x000000000800fc6c                HAL_SAI_InitProtocol
 .text.HAL_SAI_Transmit_DMA
                0x000000000800fde4      0x124 ../libDaisy/build/libdaisy.a(stm32h7xx_hal_sai.o)
                0x000000000800fde4                HAL_SAI_Transmit_DMA
 .text.HAL_SAI_Receive_DMA
                0x000000000800ff08       0xd0 ../libDaisy/build/libdaisy.a(stm32h7xx_hal_sai.o)
                0x000000000800ff08                HAL_SAI_Receive_DMA
 .text.HAL_SAI_TxCpltCallback
                0x000000000800ffd8        0x4 ../libDaisy/build/libdaisy.a(stm32h7xx_hal_sai.o)
                0x000000000800ffd8                HAL_SAI_TxCpltCallback
 .text.SAI_DMATxCplt
                0x000000000800ffdc       0x64 ../libDaisy/build/libdaisy.a(stm32h7xx_hal_sai.o)
 .text.HAL_SAI_TxHalfCpltCallback
                0x0000000008010040        0x4 ../libDaisy/build/libdaisy.a(stm32h7xx_hal_sai.o)
                0x0000000008010040                HAL_SAI_TxHalfCpltCallback
 .text.SAI_DMATxHalfCplt
                0x0000000008010044        0xc ../libDaisy/build/libdaisy.a(stm32h7xx_hal_sai.o)
 .text.SAI_DMARxCplt
                0x0000000008010050       0x64 ../libDaisy/build/libdaisy.a(stm32h7xx_hal_sai.o)
 .text.SAI_DMARxHalfCplt
                0x00000000080100b4        0xc ../libDaisy/build/libdaisy.a(stm32h7xx_hal_sai.o)
 .text.HAL_SAI_ErrorCallback
                0x00000000080100c0        0x4 ../libDaisy/build/libdaisy.a(stm32h7xx_hal_sai.o)
                0x00000000080100c0                HAL_SAI_ErrorCallback
 .text.SAI_DMAError
                0x00000000080100c4       0x6c ../libDaisy/build/libdaisy.a(stm32h7xx_hal_sai.o)
 .text.SD_FindSCR
                0x0000000008010130       0xe4 ../libDaisy/build/libdaisy.a(stm32h7xx_hal_sd.o)
 .text.SD_HighSpeed
                0x0000000008010214      0x114 ../libDaisy/build/libdaisy.a(stm32h7xx_hal_sd.o)
 .text.HAL_SD_ReadBlocks_DMA
                0x0000000008010328      0x114 ../libDaisy/build/libdaisy.a(stm32h7xx_hal_sd.o)
                0x0000000008010328                HAL_SD_ReadBlocks_DMA
 .text.HAL_SD_WriteBlocks_DMA
                0x000000000801043c      0x108 ../libDaisy/build/libdaisy.a(stm32h7xx_hal_sd.o)
                0x000000000801043c                HAL_SD_WriteBlocks_DMA
 .text.HAL_SD_ErrorCallback
                0x0000000008010544        0x4 ../libDaisy/build/libdaisy.a(stm32h7xx_hal_sd.o)
                0x0000000008010544                HAL_SD_ErrorCallback
 .text.HAL_SD_GetCardCSD
                0x0000000008010548      0x17c ../libDaisy/build/libdaisy.a(stm32h7xx_hal_sd.o)
                0x0000000008010548                HAL_SD_GetCardCSD
 .text.HAL_SD_InitCard
                0x00000000080106c4      0x1f4 ../libDaisy/build/libdaisy.a(stm32h7xx_hal_sd.o)
                0x00000000080106c4                HAL_SD_InitCard
 .text.HAL_SD_GetCardStatus
                0x00000000080108b8      0x178 ../libDaisy/build/libdaisy.a(stm32h7xx_hal_sd.o)
                0x00000000080108b8                HAL_SD_GetCardStatus
 .text.HAL_SD_GetCardInfo
                0x0000000008010a30       0x28 ../libDaisy/build/libdaisy.a(stm32h7xx_hal_sd.o)
                0x0000000008010a30                HAL_SD_GetCardInfo
 .text.HAL_SD_ConfigWideBusOperation
                0x0000000008010a58      0x12c ../libDaisy/build/libdaisy.a(stm32h7xx_hal_sd.o)
                0x0000000008010a58                HAL_SD_ConfigWideBusOperation
 .text.HAL_SD_Init
                0x0000000008010b84       0xc8 ../libDaisy/build/libdaisy.a(stm32h7xx_hal_sd.o)
                0x0000000008010b84                HAL_SD_Init
 .text.HAL_SD_ConfigSpeedBusOperation
                0x0000000008010c4c       0xc0 ../libDaisy/build/libdaisy.a(stm32h7xx_hal_sd.o)
                0x0000000008010c4c                HAL_SD_ConfigSpeedBusOperation
 .text.HAL_SD_GetCardState
                0x0000000008010d0c       0x28 ../libDaisy/build/libdaisy.a(stm32h7xx_hal_sd.o)
                0x0000000008010d0c                HAL_SD_GetCardState
 .text.HAL_SDEx_Read_DMADoubleBuf0CpltCallback
                0x0000000008010d34        0x4 ../libDaisy/build/libdaisy.a(stm32h7xx_hal_sd.o)
                0x0000000008010d34                HAL_SDEx_Read_DMADoubleBuf0CpltCallback
 .text.HAL_SDEx_Read_DMADoubleBuf1CpltCallback
                0x0000000008010d38        0x4 ../libDaisy/build/libdaisy.a(stm32h7xx_hal_sd.o)
                0x0000000008010d38                HAL_SDEx_Read_DMADoubleBuf1CpltCallback
 .text.HAL_SDEx_Write_DMADoubleBuf0CpltCallback
                0x0000000008010d3c        0x4 ../libDaisy/build/libdaisy.a(stm32h7xx_hal_sd.o)
                0x0000000008010d3c                HAL_SDEx_Write_DMADoubleBuf0CpltCallback
 .text.HAL_SDEx_Write_DMADoubleBuf1CpltCallback
                0x0000000008010d40        0x4 ../libDaisy/build/libdaisy.a(stm32h7xx_hal_sd.o)
                0x0000000008010d40                HAL_SDEx_Write_DMADoubleBuf1CpltCallback
 .text.HAL_SD_IRQHandler
                0x0000000008010d44      0x248 ../libDaisy/build/libdaisy.a(stm32h7xx_hal_sd.o)
                0x0000000008010d44                HAL_SD_IRQHandler
 .text.HAL_SDRAM_Init
                0x0000000008010f8c       0x54 ../libDaisy/build/libdaisy.a(stm32h7xx_hal_sdram.o)
                0x0000000008010f8c                HAL_SDRAM_Init
 .text.HAL_SDRAM_SendCommand
                0x0000000008010fe0       0x40 ../libDaisy/build/libdaisy.a(stm32h7xx_hal_sdram.o)
                0x0000000008010fe0                HAL_SDRAM_SendCommand
 .text.HAL_SDRAM_ProgramRefreshRate
                0x0000000008011020       0x30 ../libDaisy/build/libdaisy.a(stm32h7xx_hal_sdram.o)
                0x0000000008011020                HAL_SDRAM_ProgramRefreshRate
 .text.HAL_UART_Transmit_DMA
                0x0000000008011050       0xa4 ../libDaisy/build/libdaisy.a(stm32h7xx_hal_uart.o)
                0x0000000008011050                HAL_UART_Transmit_DMA
 .text.HAL_UART_Receive_DMA
                0x00000000080110f4       0xac ../libDaisy/build/libdaisy.a(stm32h7xx_hal_uart.o)
                0x00000000080110f4                HAL_UART_Receive_DMA
 .text.UART_DMATransmitCplt
                0x00000000080111a0       0x2c ../libDaisy/build/libdaisy.a(stm32h7xx_hal_uart.o)
 .text.HAL_UART_TxHalfCpltCallback
                0x00000000080111cc        0x4 ../libDaisy/build/libdaisy.a(stm32h7xx_hal_uart.o)
                0x00000000080111cc                HAL_UART_TxHalfCpltCallback
 .text.UART_DMATxHalfCplt
                0x00000000080111d0        0xc ../libDaisy/build/libdaisy.a(stm32h7xx_hal_uart.o)
 .text.UART_DMAReceiveCplt
                0x00000000080111dc       0x38 ../libDaisy/build/libdaisy.a(stm32h7xx_hal_uart.o)
 .text.UART_DMARxHalfCplt
                0x0000000008011214        0xc ../libDaisy/build/libdaisy.a(stm32h7xx_hal_uart.o)
 .text.UART_DMAError
                0x0000000008011220       0x78 ../libDaisy/build/libdaisy.a(stm32h7xx_hal_uart.o)
 .text.HAL_UART_IRQHandler
                0x0000000008011298      0x1d0 ../libDaisy/build/libdaisy.a(stm32h7xx_hal_uart.o)
                0x0000000008011298                HAL_UART_IRQHandler
 .text.UART_DMAAbortOnError
                0x0000000008011468       0x14 ../libDaisy/build/libdaisy.a(stm32h7xx_hal_uart.o)
 .text.HAL_UART_GetState
                0x000000000801147c        0xc ../libDaisy/build/libdaisy.a(stm32h7xx_hal_uart.o)
                0x000000000801147c                HAL_UART_GetState
 .text.UART_SetConfig
                0x0000000008011488     0x14b8 ../libDaisy/build/libdaisy.a(stm32h7xx_hal_uart.o)
                0x0000000008011488                UART_SetConfig
 .text.UART_AdvFeatureConfig
                0x0000000008012940       0xb0 ../libDaisy/build/libdaisy.a(stm32h7xx_hal_uart.o)
                0x0000000008012940                UART_AdvFeatureConfig
 .text.UART_CheckIdleState
                0x00000000080129f0       0x84 ../libDaisy/build/libdaisy.a(stm32h7xx_hal_uart.o)
                0x00000000080129f0                UART_CheckIdleState
 .text.HAL_UART_Init
                0x0000000008012a74       0x68 ../libDaisy/build/libdaisy.a(stm32h7xx_hal_uart.o)
                0x0000000008012a74                HAL_UART_Init
 .text.HAL_UARTEx_WakeupCallback
                0x0000000008012adc        0x4 ../libDaisy/build/libdaisy.a(stm32h7xx_hal_uart_ex.o)
                0x0000000008012adc                HAL_UARTEx_WakeupCallback
 .text.HAL_UARTEx_RxFifoFullCallback
                0x0000000008012ae0        0x4 ../libDaisy/build/libdaisy.a(stm32h7xx_hal_uart_ex.o)
                0x0000000008012ae0                HAL_UARTEx_RxFifoFullCallback
 .text.HAL_UARTEx_TxFifoEmptyCallback