Archive member included to satisfy reference by file (symbol)

../libDaisy/build/libdaisy.a(daisy_pod.o)
                              build/main.o (daisy::DaisyPod::SetAudioBlockSize(unsigned int))
../libDaisy/build/libdaisy.a(daisy_seed.o)
                              ../libDaisy/build/libdaisy.a(daisy_pod.o) (daisy::DaisySeed::Configure())
../libDaisy/build/libdaisy.a(codec_ak4556.o)
                              ../libDaisy/build/libdaisy.a(daisy_seed.o) (daisy::Ak4556::Init(dsy_gpio_pin))
../libDaisy/build/libdaisy.a(codec_wm8731.o)
                              ../libDaisy/build/libdaisy.a(daisy_seed.o) (daisy::Wm8731::Init(daisy::Wm8731::Config const&, daisy::I2CHandle))
../libDaisy/build/libdaisy.a(sdram.o)
                              ../libDaisy/build/libdaisy.a(daisy_seed.o) (SdramHandle::Init())
../libDaisy/build/libdaisy.a(audio.o)
                              ../libDaisy/build/libdaisy.a(daisy_seed.o) (daisy::AudioHandle::Init(daisy::AudioHandle::Config const&, daisy::SaiHandle))
../libDaisy/build/libdaisy.a(ctrl.o)
                              ../libDaisy/build/libdaisy.a(daisy_pod.o) (daisy::AnalogControl::Init(unsigned short*, float, bool, bool, float))
../libDaisy/build/libdaisy.a(encoder.o)
                              ../libDaisy/build/libdaisy.a(daisy_pod.o) (daisy::Encoder::Init(dsy_gpio_pin, dsy_gpio_pin, dsy_gpio_pin, float))
../libDaisy/build/libdaisy.a(logger.o)
                              build/AudioFileManager.o (daisy::Logger<(daisy::LoggerDestination)1>::Print(char const*, ...))
../libDaisy/build/libdaisy.a(midi.o)
                              build/main.o (daisy::MidiUartTransport::Config::Config())
../libDaisy/build/libdaisy.a(midi_parser.o)
                              ../libDaisy/build/libdaisy.a(daisy_pod.o) (daisy::MidiParser::Reset())
../libDaisy/build/libdaisy.a(rgb_led.o)
                              ../libDaisy/build/libdaisy.a(daisy_pod.o) (daisy::RgbLed::Init(dsy_gpio_pin, dsy_gpio_pin, dsy_gpio_pin, bool))
../libDaisy/build/libdaisy.a(switch.o)
                              ../libDaisy/build/libdaisy.a(daisy_pod.o) (daisy::Switch::Init(dsy_gpio_pin, float))
../libDaisy/build/libdaisy.a(usb.o)
                              ../libDaisy/build/libdaisy.a(logger.o) (daisy::UsbHandle::Init(daisy::UsbHandle::UsbPeriph))
../libDaisy/build/libdaisy.a(adc.o)
                              ../libDaisy/build/libdaisy.a(daisy_pod.o) (daisy::AdcChannelConfig::InitSingle(dsy_gpio_pin, daisy::AdcChannelConfig::ConversionSpeed))
../libDaisy/build/libdaisy.a(gpio.o)
                              ../libDaisy/build/libdaisy.a(daisy_seed.o) (daisy::GPIO::Init(daisy::Pin, daisy::GPIO::Mode, daisy::GPIO::Pull, daisy::GPIO::Speed))
../libDaisy/build/libdaisy.a(i2c.o)
                              ../libDaisy/build/libdaisy.a(daisy_seed.o) (daisy::I2CHandle::Init(daisy::I2CHandle::Config const&))
../libDaisy/build/libdaisy.a(qspi.o)
                              ../libDaisy/build/libdaisy.a(daisy_seed.o) (daisy::QSPIHandle::Init(daisy::QSPIHandle::Config const&))
../libDaisy/build/libdaisy.a(sai.o)
                              ../libDaisy/build/libdaisy.a(daisy_seed.o) (daisy::SaiHandle::Init(daisy::SaiHandle::Config const&))
../libDaisy/build/libdaisy.a(sdmmc.o)
                              build/AudioFileManager.o (daisy::SdmmcHandler::Init(daisy::SdmmcHandler::Config const&))
../libDaisy/build/libdaisy.a(uart.o)
                              ../libDaisy/build/libdaisy.a(daisy_pod.o) (daisy::UartHandler::Init(daisy::UartHandler::Config const&))
../libDaisy/build/libdaisy.a(dma.o)
                              ../libDaisy/build/libdaisy.a(uart.o) (dsy_dma_invalidate_cache_for_buffer)
../libDaisy/build/libdaisy.a(fatfs.o)
                              build/AudioFileManager.o (daisy::FatFSInterface::Init(unsigned char))
../libDaisy/build/libdaisy.a(system.o)
                              ../libDaisy/build/libdaisy.a(daisy_seed.o) (daisy::System::DeInit())
../libDaisy/build/libdaisy.a(system_stm32h7xx.o)
                              build/startup_stm32h750xx.o (SystemInit)
../libDaisy/build/libdaisy.a(usbd_cdc_if.o)
                              ../libDaisy/build/libdaisy.a(usb.o) (CDC_Transmit_FS)
../libDaisy/build/libdaisy.a(usbd_conf.o)
                              ../libDaisy/build/libdaisy.a(system.o) (hpcd_USB_OTG_HS)
../libDaisy/build/libdaisy.a(usbd_desc.o)
                              ../libDaisy/build/libdaisy.a(usb.o) (HS_Desc)
../libDaisy/build/libdaisy.a(usbh_conf.o)
                              ../libDaisy/build/libdaisy.a(system.o) (hhcd_USB_OTG_HS)
../libDaisy/build/libdaisy.a(color.o)
                              ../libDaisy/build/libdaisy.a(daisy_pod.o) (daisy::Color::Init(daisy::Color::PresetColor))
../libDaisy/build/libdaisy.a(hal_map.o)
                              ../libDaisy/build/libdaisy.a(gpio.o) (dsy_hal_map_get_port)
../libDaisy/build/libdaisy.a(sd_diskio.o)
                              ../libDaisy/build/libdaisy.a(fatfs.o) (SD_Driver)
[...]
Memory Configuration

Name             Origin             Length             Attributes
FLASH            0x0000000008000000 0x0000000000020000 xr
DTCMRAM          0x0000000020000000 0x0000000000020000 xrw
SRAM             0x0000000024000000 0x0000000000080000 xrw
RAM_D2           0x0000000030000000 0x0000000000048000 xrw
RAM_D3           0x0000000038000000 0x0000000000010000 xrw
BACKUP_SRAM      0x0000000038800000 0x0000000000001000 xrw
ITCMRAM          0x0000000000000000 0x0000000000010000 xrw
SDRAM            0x00000000c0000000 0x0000000004000000 xrw
QSPIFLASH        0x0000000090000000 0x0000000000800000 xr
*default*        0x0000000000000000 0xffffffffffffffff

Linker script and memory map

LOAD /Library/DaisyToolchain/0.2.0/arm/bin/../lib/gcc/arm-none-eabi/10.3.1/thumb/v7e-m+dp/hard/crti.o
LOAD /Library/DaisyToolchain/0.2.0/arm/bin/../lib/gcc/arm-none-eabi/10.3.1/thumb/v7e-m+dp/hard/crtbegin.o
LOAD /Library/DaisyToolchain/0.2.0/arm/bin/../lib/gcc/arm-none-eabi/10.3.1/../../../../arm-none-eabi/lib/thumb/v7e-m+dp/hard/crt0.o
LOAD build/startup_stm32h750xx.o
LOAD build/diskio.o
LOAD build/ff.o
LOAD build/ff_gen_drv.o
LOAD build/ccsbcs.o
LOAD build/main.o
LOAD build/AudioFileManager.o
LOAD ../libDaisy/build/libdaisy.a
LOAD /Library/DaisyToolchain/0.2.0/arm/bin/../lib/gcc/arm-none-eabi/10.3.1/../../../../arm-none-eabi/lib/thumb/v7e-m+dp/hard/libnosys.a
LOAD ../DaisySP/build/libdaisysp.a
LOAD /Library/DaisyToolchain/0.2.0/arm/bin/../lib/gcc/arm-none-eabi/10.3.1/../../../../arm-none-eabi/lib/thumb/v7e-m+dp/hard/libstdc++_nano.a
LOAD /Library/DaisyToolchain/0.2.0/arm/bin/../lib/gcc/arm-none-eabi/10.3.1/../../../../arm-none-eabi/lib/thumb/v7e-m+dp/hard/libm.a
LOAD /Library/DaisyToolchain/0.2.0/arm/bin/../lib/gcc/arm-none-eabi/10.3.1/../../../../arm-none-eabi/lib/thumb/v7e-m+dp/hard/libc_nano.a
START GROUP
LOAD /Library/DaisyToolchain/0.2.0/arm/bin/../lib/gcc/arm-none-eabi/10.3.1/thumb/v7e-m+dp/hard/libgcc.a
LOAD /Library/DaisyToolchain/0.2.0/arm/bin/../lib/gcc/arm-none-eabi/10.3.1/../../../../arm-none-eabi/lib/thumb/v7e-m+dp/hard/libc_nano.a
END GROUP
START GROUP
LOAD /Library/DaisyToolchain/0.2.0/arm/bin/../lib/gcc/arm-none-eabi/10.3.1/thumb/v7e-m+dp/hard/libgcc.a
LOAD /Library/DaisyToolchain/0.2.0/arm/bin/../lib/gcc/arm-none-eabi/10.3.1/../../../../arm-none-eabi/lib/thumb/v7e-m+dp/hard/libc_nano.a
LOAD /Library/DaisyToolchain/0.2.0/arm/bin/../lib/gcc/arm-none-eabi/10.3.1/../../../../arm-none-eabi/lib/thumb/v7e-m+dp/hard/libnosys.a
END GROUP
START GROUP
LOAD /Library/DaisyToolchain/0.2.0/arm/bin/../lib/gcc/arm-none-eabi/10.3.1/thumb/v7e-m+dp/hard/libgcc.a
LOAD /Library/DaisyToolchain/0.2.0/arm/bin/../lib/gcc/arm-none-eabi/10.3.1/../../../../arm-none-eabi/lib/thumb/v7e-m+dp/hard/libc_nano.a
LOAD /Library/DaisyToolchain/0.2.0/arm/bin/../lib/gcc/arm-none-eabi/10.3.1/../../../../arm-none-eabi/lib/thumb/v7e-m+dp/hard/libnosys.a
END GROUP
LOAD /Library/DaisyToolchain/0.2.0/arm/bin/../lib/gcc/arm-none-eabi/10.3.1/thumb/v7e-m+dp/hard/crtend.o
LOAD /Library/DaisyToolchain/0.2.0/arm/bin/../lib/gcc/arm-none-eabi/10.3.1/thumb/v7e-m+dp/hard/crtn.o
                0x0000000020020000                _estack = 0x20020000

.isr_vector     0x0000000008000000      0x298
                0x0000000008000000                . = ALIGN (0x4)
 *(.isr_vector)
 .isr_vector    0x0000000008000000      0x298 build/startup_stm32h750xx.o
                0x0000000008000000                g_pfnVectors
                0x0000000008000298                . = ALIGN (0x4)

.text           0x00000000080002a0    0x1ab5c
                0x00000000080002a0                . = ALIGN (0x4)
                0x00000000080002a0                _stext = .
 *(.text)
 .text          0x00000000080002a0       0x40 /Library/DaisyToolchain/0.2.0/arm/bin/../lib/gcc/arm-none-eabi/10.3.1/thumb/v7e-m+dp/hard/crtbegin.o
 .text          0x00000000080002e0       0x10 /Library/DaisyToolchain/0.2.0/arm/bin/../lib/gcc/arm-none-eabi/10.3.1/../../../../arm-none-eabi/lib/thumb/v7e-m+dp/hard/libc_nano.a(lib_a-strlen.o)
                0x00000000080002e0                strlen
 .text          0x00000000080002f0       0xa0 /Library/DaisyToolchain/0.2.0/arm/bin/../lib/gcc/arm-none-eabi/10.3.1/../../../../arm-none-eabi/lib/thumb/v7e-m+dp/hard/libc_nano.a(lib_a-memchr.o)
                0x00000000080002f0                memchr
 .text          0x0000000008000390       0x30 /Library/DaisyToolchain/0.2.0/arm/bin/../lib/gcc/arm-none-eabi/10.3.1/thumb/v7e-m+dp/hard/libgcc.a(_aeabi_uldivmod.o)
                0x0000000008000390                __aeabi_uldivmod
 .text          0x00000000080003c0      0x2d0 /Library/DaisyToolchain/0.2.0/arm/bin/../lib/gcc/arm-none-eabi/10.3.1/thumb/v7e-m+dp/hard/libgcc.a(_udivmoddi4.o)
                0x00000000080003c0                __udivmoddi4
 .text          0x0000000008000690        0x4 /Library/DaisyToolchain/0.2.0/arm/bin/../lib/gcc/arm-none-eabi/10.3.1/thumb/v7e-m+dp/hard/libgcc.a(_dvmd_tls.o)
                0x0000000008000690                __aeabi_ldiv0
                0x0000000008000690                __aeabi_idiv0
 *(.text*)
 .text.Default_Handler
                0x0000000008000694        0x4 build/startup_stm32h750xx.o
                0x0000000008000694                SAI1_IRQHandler
                0x0000000008000694                HASH_RNG_IRQHandler
                0x0000000008000694                EXTI2_IRQHandler
                0x0000000008000694                TIM8_CC_IRQHandler
                0x0000000008000694                HRTIM1_Master_IRQHandler
                0x0000000008000694                DebugMon_Handler
                0x0000000008000694                TIM1_CC_IRQHandler
                0x0000000008000694                BDMA_Channel6_IRQHandler
                0x0000000008000694                DMA2_Stream5_IRQHandler
                0x0000000008000694                HRTIM1_FLT_IRQHandler
                0x0000000008000694                JPEG_IRQHandler
                0x0000000008000694                BDMA_Channel1_IRQHandler
                0x0000000008000694                HRTIM1_TIMD_IRQHandler
                0x0000000008000694                TAMP_STAMP_IRQHandler
                0x0000000008000694                PendSV_Handler
                0x0000000008000694                NMI_Handler
                0x0000000008000694                EXTI3_IRQHandler
                0x0000000008000694                LPTIM4_IRQHandler
                0x0000000008000694                TIM8_TRG_COM_TIM14_IRQHandler
                0x0000000008000694                LPTIM2_IRQHandler
                0x0000000008000694                DFSDM1_FLT1_IRQHandler
                0x0000000008000694                DMAMUX2_OVR_IRQHandler
                0x0000000008000694                TIM8_UP_TIM13_IRQHandler
                0x0000000008000694                I2C3_ER_IRQHandler
                0x0000000008000694                DFSDM1_FLT2_IRQHandler
                0x0000000008000694                MDMA_IRQHandler
                0x0000000008000694                LPTIM3_IRQHandler
                0x0000000008000694                HSEM1_IRQHandler
                0x0000000008000694                EXTI0_IRQHandler
                0x0000000008000694                FPU_IRQHandler
                0x0000000008000694                OTG_HS_WKUP_IRQHandler
                0x0000000008000694                FDCAN1_IT1_IRQHandler
                0x0000000008000694                UsageFault_Handler
                0x0000000008000694                LTDC_ER_IRQHandler
                0x0000000008000694                HRTIM1_TIME_IRQHandler
                0x0000000008000694                TIM6_DAC_IRQHandler
                0x0000000008000694                DCMI_IRQHandler
                0x0000000008000694                HRTIM1_TIMC_IRQHandler
                0x0000000008000694                SAI2_IRQHandler
                0x0000000008000694                DFSDM1_FLT3_IRQHandler
                0x0000000008000694                TIM17_IRQHandler
                0x0000000008000694                CRYP_IRQHandler
                0x0000000008000694                BDMA_Channel7_IRQHandler
                0x0000000008000694                LPTIM5_IRQHandler
                0x0000000008000694                ADC3_IRQHandler
                0x0000000008000694                DMA2_Stream0_IRQHandler
                0x0000000008000694                BDMA_Channel2_IRQHandler
                0x0000000008000694                DMAMUX1_OVR_IRQHandler
                0x0000000008000694                TIM16_IRQHandler
                0x0000000008000694                BDMA_Channel5_IRQHandler
                0x0000000008000694                RCC_IRQHandler
                0x0000000008000694                TIM8_BRK_TIM12_IRQHandler
                0x0000000008000694                TIM1_TRG_COM_IRQHandler
                0x0000000008000694                Default_Handler
                0x0000000008000694                ECC_IRQHandler
                0x0000000008000694                CEC_IRQHandler
                0x0000000008000694                EXTI15_10_IRQHandler
                0x0000000008000694                BDMA_Channel0_IRQHandler
                0x0000000008000694                ADC_IRQHandler
                0x0000000008000694                DMA1_Stream7_IRQHandler
                0x0000000008000694                HRTIM1_TIMA_IRQHandler
                0x0000000008000694                TIM7_IRQHandler
                0x0000000008000694                DMA2_Stream7_IRQHandler
                0x0000000008000694                TIM15_IRQHandler
                0x0000000008000694                PVD_AVD_IRQHandler
                0x0000000008000694                EXTI9_5_IRQHandler
                0x0000000008000694                RTC_WKUP_IRQHandler
                0x0000000008000694                LTDC_IRQHandler
                0x0000000008000694                SAI3_IRQHandler
                0x0000000008000694                ETH_WKUP_IRQHandler
                0x0000000008000694                SPDIF_RX_IRQHandler
                0x0000000008000694                MemManage_Handler
                0x0000000008000694                SVC_Handler
                0x0000000008000694                CRS_IRQHandler
                0x0000000008000694                EXTI4_IRQHandler
                0x0000000008000694                HRTIM1_TIMB_IRQHandler
                0x0000000008000694                FDCAN2_IT1_IRQHandler
                0x0000000008000694                ETH_IRQHandler
                0x0000000008000694                TIM1_UP_IRQHandler
                0x0000000008000694                BDMA_Channel4_IRQHandler
                0x0000000008000694                WWDG_IRQHandler
                0x0000000008000694                SPI6_IRQHandler
                0x0000000008000694                I2C4_EV_IRQHandler
                0x0000000008000694                MDIOS_IRQHandler
                0x0000000008000694                FDCAN2_IT0_IRQHandler
                0x0000000008000694                FDCAN1_IT0_IRQHandler
                0x0000000008000694                OTG_FS_WKUP_IRQHandler
                0x0000000008000694                DMA2D_IRQHandler
                0x0000000008000694                TIM1_BRK_IRQHandler
                0x0000000008000694                EXTI1_IRQHandler
                0x0000000008000694                SDMMC2_IRQHandler
                0x0000000008000694                BDMA_Channel3_IRQHandler
                0x0000000008000694                MDIOS_WKUP_IRQHandler
                0x0000000008000694                DFSDM1_FLT0_IRQHandler
                0x0000000008000694                SAI4_IRQHandler
                0x0000000008000694                I2C2_ER_IRQHandler
                0x0000000008000694                DMA2_Stream1_IRQHandler
                0x0000000008000694                FLASH_IRQHandler
                0x0000000008000694                BusFault_Handler
                0x0000000008000694                WAKEUP_PIN_IRQHandler
                0x0000000008000694                I2C1_ER_IRQHandler
                0x0000000008000694                FMC_IRQHandler
                0x0000000008000694                FDCAN_CAL_IRQHandler
                0x0000000008000694                SWPMI1_IRQHandler
                0x0000000008000694                COMP1_IRQHandler
                0x0000000008000694                LPTIM1_IRQHandler
                0x0000000008000694                I2C4_ER_IRQHandler
                0x0000000008000694                DMA2_Stream6_IRQHandler
                0x0000000008000694                RTC_Alarm_IRQHandler
 .text.Reset_Handler
                0x0000000008000698       0x44 build/startup_stm32h750xx.o
                0x0000000008000698                Reset_Handler
 .text.disk_status
                0x00000000080006dc       0x14 build/diskio.o
                0x00000000080006dc                disk_status
 .text.disk_initialize
                0x00000000080006f0       0x24 build/diskio.o
                0x00000000080006f0                disk_initialize
 .text.disk_read
                0x0000000008000714       0x1c build/diskio.o
                0x0000000008000714                disk_read
 .text.disk_write
                0x0000000008000730       0x1c build/diskio.o
                0x0000000008000730                disk_write
 .text.disk_ioctl
                0x000000000800074c       0x18 build/diskio.o
                0x000000000800074c                disk_ioctl
 .text.get_ldnumber
                0x0000000008000764       0x54 build/ff.o
 .text.validate
                0x00000000080007b8       0x30 build/ff.o
 .text.get_fileinfo
                0x00000000080007e8       0xf8 build/ff.o
 .text.sync_window.part.0
                0x00000000080008e0       0x54 build/ff.o
 .text.sync_fs  0x0000000008000934       0xc0 build/ff.o
 .text.move_window.part.0
                0x00000000080009f4       0x30 build/ff.o
 .text.check_fs
                0x0000000008000a24       0x84 build/ff.o
 .text.find_volume
                0x0000000008000aa8      0x258 build/ff.o
 .text.put_fat.part.0
                0x0000000008000d00      0x1c0 build/ff.o
 .text.get_fat.isra.0
                0x0000000008000ec0      0x148 build/ff.o
 .text.remove_chain
                0x0000000008001008       0x84 build/ff.o
 .text.create_chain
                0x000000000800108c       0xd4 build/ff.o
 .text.dir_next
                0x0000000008001160      0x148 build/ff.o
 .text.dir_read.constprop.0
                0x00000000080012a8      0x14c build/ff.o
 .text.dir_sdi  0x00000000080013f4       0xa8 build/ff.o
 .text.dir_find
                0x000000000800149c      0x1ec build/ff.o
 .text.follow_path
                0x0000000008001688      0x3a8 build/ff.o
 .text.dir_register
                0x0000000008001a30      0x3e8 build/ff.o
 .text.f_mount  0x0000000008001e18       0x58 build/ff.o
                0x0000000008001e18                f_mount
 .text.f_open   0x0000000008001e70      0x278 build/ff.o
                0x0000000008001e70                f_open
 .text.f_read   0x00000000080020e8      0x1c4 build/ff.o
                0x00000000080020e8                f_read
 .text.f_sync   0x00000000080022ac       0xec build/ff.o
                0x00000000080022ac                f_sync
 .text.f_close  0x0000000008002398       0x24 build/ff.o
                0x0000000008002398                f_close
 .text.f_lseek  0x00000000080023bc      0x2ac build/ff.o
                0x00000000080023bc                f_lseek
 .text.f_opendir
                0x0000000008002668       0x7c build/ff.o
                0x0000000008002668                f_opendir
 .text.f_closedir
                0x00000000080026e4       0x30 build/ff.o
                0x00000000080026e4                f_closedir
 .text.f_readdir
                0x0000000008002714       0x5c build/ff.o
                0x0000000008002714                f_readdir
 .text.FATFS_LinkDriver
                0x0000000008002770       0x58 build/ff_gen_drv.o
                0x0000000008002770                FATFS_LinkDriver
 .text.ff_convert
                0x00000000080027c8       0x40 build/ccsbcs.o
                0x00000000080027c8                ff_convert
 .text.ff_wtoupper
                0x0000000008002808       0xa0 build/ccsbcs.o
                0x0000000008002808                ff_wtoupper
 .text._ZN5daisy12SdmmcHandlerD2Ev
                0x00000000080028a8        0x4 build/main.o
                0x00000000080028a8                daisy::SdmmcHandler::~SdmmcHandler()
                0x00000000080028a8                daisy::SdmmcHandler::~SdmmcHandler()
 .text._ZN5daisy8DaisyPodD2Ev
                0x00000000080028ac        0x4 build/main.o
                0x00000000080028ac                daisy::DaisyPod::~DaisyPod()
                0x00000000080028ac                daisy::DaisyPod::~DaisyPod()
 .text.startup.main
                0x00000000080028b0       0xac build/main.o
                0x00000000080028b0                main
 .text.startup._GLOBAL__sub_I_pod
                0x000000000800295c       0x8c build/main.o
 .text._ZN16AudioFileManager12ScanWavFilesEv
                0x00000000080029e8      0x10c build/AudioFileManager.o
                0x00000000080029e8                AudioFileManager::ScanWavFiles()
 .text._ZN16AudioFileManager13CheckSDStatusEv
                0x0000000008002af4       0x98 build/AudioFileManager.o
                0x0000000008002af4                AudioFileManager::CheckSDStatus()
 .text._ZN16AudioFileManager14CheckSDCardCSDEv
                0x0000000008002b8c       0x48 build/AudioFileManager.o
                0x0000000008002b8c                AudioFileManager::CheckSDCardCSD()
 .text._ZN16AudioFileManager12GetWavHeaderEP3FIL
                0x0000000008002bd4       0xcc build/AudioFileManager.o
                0x0000000008002bd4                AudioFileManager::GetWavHeader(FIL*)
 .text._ZN16AudioFileManager8LoadFileEi
                0x0000000008002ca0       0xc4 build/AudioFileManager.o
                0x0000000008002ca0                AudioFileManager::LoadFile(int)
 .text._ZN16AudioFileManager10SetBuffersEPfS0_j
                0x0000000008002d64        0x8 build/AudioFileManager.o
                0x0000000008002d64                AudioFileManager::SetBuffers(float*, float*, unsigned int)
 .text._ZN16AudioFileManager14BlinkOnSDErrorEc
                0x0000000008002d6c       0x70 build/AudioFileManager.o
                0x0000000008002d6c                AudioFileManager::BlinkOnSDError(char)
 .text._ZN16AudioFileManager4InitEv
                0x0000000008002ddc       0x78 build/AudioFileManager.o
                0x0000000008002ddc                AudioFileManager::Init()
 .text._ZN5daisy8DaisyPod17SetAudioBlockSizeEj
                0x0000000008002e54       0x2c ../libDaisy/build/libdaisy.a(daisy_pod.o)
                0x0000000008002e54                daisy::DaisyPod::SetAudioBlockSize(unsigned int)
 .text._ZN5daisy8DaisyPod10UpdateLedsEv
                0x0000000008002e80       0x18 ../libDaisy/build/libdaisy.a(daisy_pod.o)
                0x0000000008002e80                daisy::DaisyPod::UpdateLeds()
 .text._ZN5daisy8DaisyPod8InitLedsEv
                0x0000000008002e98       0x98 ../libDaisy/build/libdaisy.a(daisy_pod.o)
                0x0000000008002e98                daisy::DaisyPod::InitLeds()
 .text._ZN5daisy8DaisyPod9InitKnobsEv
                0x0000000008002f30       0x90 ../libDaisy/build/libdaisy.a(daisy_pod.o)
                0x0000000008002f30                daisy::DaisyPod::InitKnobs()
 .text._ZN5daisy8DaisyPod4InitEb
                0x0000000008002fc0      0x128 ../libDaisy/build/libdaisy.a(daisy_pod.o)
                0x0000000008002fc0                daisy::DaisyPod::Init(bool)
 .text._ZN5daisy9DaisySeed9ConfigureEv
                0x00000000080030e8        0x4 ../libDaisy/build/libdaisy.a(daisy_seed.o)
                0x00000000080030e8                daisy::DaisySeed::Configure()
 .text._ZN5daisy9DaisySeed17SetAudioBlockSizeEj
                0x00000000080030ec       0x38 ../libDaisy/build/libdaisy.a(daisy_seed.o)
                0x00000000080030ec                daisy::DaisySeed::SetAudioBlockSize(unsigned int)
 .text._ZNK5daisy9DaisySeed17AudioCallbackRateEv
                0x0000000008003124        0x8 ../libDaisy/build/libdaisy.a(daisy_seed.o)
                0x0000000008003124                daisy::DaisySeed::AudioCallbackRate() const
 .text._ZN5daisy9DaisySeed17CheckBoardVersionEv
                0x000000000800312c       0x6c ../libDaisy/build/libdaisy.a(daisy_seed.o)
                0x000000000800312c                daisy::DaisySeed::CheckBoardVersion()
 .text._ZN5daisy9DaisySeed14ConfigureAudioEv
                0x0000000008003198      0x10c ../libDaisy/build/libdaisy.a(daisy_seed.o)
                0x0000000008003198                daisy::DaisySeed::ConfigureAudio()
 .text._ZN5daisy9DaisySeed4InitEb
                0x00000000080032a4      0x108 ../libDaisy/build/libdaisy.a(daisy_seed.o)
                0x00000000080032a4                daisy::DaisySeed::Init(bool)
 .text._ZN5daisy6Ak45564InitE12dsy_gpio_pin
                0x00000000080033ac       0x44 ../libDaisy/build/libdaisy.a(codec_ak4556.o)
                0x00000000080033ac                daisy::Ak4556::Init(dsy_gpio_pin)
 .text._ZN5daisy6Wm873120WriteControlRegisterEht
                0x00000000080033f0       0x3c ../libDaisy/build/libdaisy.a(codec_wm8731.o)
                0x00000000080033f0                daisy::Wm8731::WriteControlRegister(unsigned char, unsigned short)
 .text._ZN5daisy6Wm87314InitERKNS0_6ConfigENS_9I2CHandleE
                0x000000000800342c      0x1bc ../libDaisy/build/libdaisy.a(codec_wm8731.o)
                0x000000000800342c                daisy::Wm8731::Init(daisy::Wm8731::Config const&, daisy::I2CHandle)
 .text._ZN11SdramHandle10DeviceInitEv
                0x00000000080035e8       0x98 ../libDaisy/build/libdaisy.a(sdram.o)
                0x00000000080035e8                SdramHandle::DeviceInit()
 .text._ZN11SdramHandle4InitEv
                0x0000000008003680       0x7c ../libDaisy/build/libdaisy.a(sdram.o)
                0x0000000008003680                SdramHandle::Init()
 .text.HAL_SDRAM_MspInit
                0x00000000080036fc      0x1a8 ../libDaisy/build/libdaisy.a(sdram.o)
                0x00000000080036fc                HAL_SDRAM_MspInit
 .text._ZN5daisy11AudioHandle4InitERKNS0_6ConfigENS_9SaiHandleE
                0x00000000080038a4       0x70 ../libDaisy/build/libdaisy.a(audio.o)
                0x00000000080038a4                daisy::AudioHandle::Init(daisy::AudioHandle::Config const&, daisy::SaiHandle)
 .text._ZNK5daisy11AudioHandle9GetConfigEv
                0x0000000008003914        0x8 ../libDaisy/build/libdaisy.a(audio.o)
                0x0000000008003914                daisy::AudioHandle::GetConfig() const
 .text._ZN5daisy11AudioHandle12SetBlockSizeEj
                0x000000000800391c       0x1c ../libDaisy/build/libdaisy.a(audio.o)
                0x000000000800391c                daisy::AudioHandle::SetBlockSize(unsigned int)
 .text._ZN5daisy11AudioHandle13GetSampleRateEv
                0x0000000008003938        0x8 ../libDaisy/build/libdaisy.a(audio.o)
                0x0000000008003938                daisy::AudioHandle::GetSampleRate()
 .text.startup._GLOBAL__sub_I__ZN5daisy11AudioHandle4Impl4InitENS0_6ConfigENS_9SaiHandleE
                0x0000000008003940       0x24 ../libDaisy/build/libdaisy.a(audio.o)
 .text._ZN5daisy13AnalogControl4InitEPtfbbf
                0x0000000008003964       0x64 ../libDaisy/build/libdaisy.a(ctrl.o)
                0x0000000008003964                daisy::AnalogControl::Init(unsigned short*, float, bool, bool, float)
 .text._ZN5daisy13AnalogControl13SetSampleRateEf
                0x00000000080039c8       0x58 ../libDaisy/build/libdaisy.a(ctrl.o)
                0x00000000080039c8                daisy::AnalogControl::SetSampleRate(float)
 .text._ZN5daisy7Encoder4InitE12dsy_gpio_pinS1_S1_f
                0x0000000008003a20       0x60 ../libDaisy/build/libdaisy.a(encoder.o)
                0x0000000008003a20                daisy::Encoder::Init(dsy_gpio_pin, dsy_gpio_pin, dsy_gpio_pin, float)
 .text._ZN5daisy9UsbHandleD2Ev
                0x0000000008003a80        0x4 ../libDaisy/build/libdaisy.a(logger.o)
                0x0000000008003a80                daisy::UsbHandle::~UsbHandle()
                0x0000000008003a80                daisy::UsbHandle::~UsbHandle()
 .text._ZN5daisy6LoggerILNS_17LoggerDestinationE1EE11TransmitBufEv
                0x0000000008003a84       0x60 ../libDaisy/build/libdaisy.a(logger.o)
                0x0000000008003a84                daisy::Logger<(daisy::LoggerDestination)1>::TransmitBuf()
 .text._ZN5daisy6LoggerILNS_17LoggerDestinationE1EE6PrintVEPKcSt9__va_list
                0x0000000008003ae4       0x2c ../libDaisy/build/libdaisy.a(logger.o)
                0x0000000008003ae4                daisy::Logger<(daisy::LoggerDestination)1>::PrintV(char const*, std::__va_list)
 .text._ZN5daisy6LoggerILNS_17LoggerDestinationE1EE5PrintEPKcz
                0x0000000008003b10       0x1c ../libDaisy/build/libdaisy.a(logger.o)
                0x0000000008003b10                daisy::Logger<(daisy::LoggerDestination)1>::Print(char const*, ...)
 .text._ZN5daisy6LoggerILNS_17LoggerDestinationE1EE13AppendNewLineEv
                0x0000000008003b2c       0x60 ../libDaisy/build/libdaisy.a(logger.o)
                0x0000000008003b2c                daisy::Logger<(daisy::LoggerDestination)1>::AppendNewLine()
 .text._ZN5daisy6LoggerILNS_17LoggerDestinationE1EE10PrintLineVEPKcSt9__va_list
                0x0000000008003b8c       0x30 ../libDaisy/build/libdaisy.a(logger.o)
                0x0000000008003b8c                daisy::Logger<(daisy::LoggerDestination)1>::PrintLineV(char const*, std::__va_list)
 .text._ZN5daisy6LoggerILNS_17LoggerDestinationE1EE9PrintLineEPKcz
                0x0000000008003bbc       0x1c ../libDaisy/build/libdaisy.a(logger.o)
                0x0000000008003bbc                daisy::Logger<(daisy::LoggerDestination)1>::PrintLine(char const*, ...)
 .text._ZN5daisy6LoggerILNS_17LoggerDestinationE1EE8StartLogEb
                0x0000000008003bd8       0x40 ../libDaisy/build/libdaisy.a(logger.o)
                0x0000000008003bd8                daisy::Logger<(daisy::LoggerDestination)1>::StartLog(bool)
 .text.startup._GLOBAL__sub_I__ZN5daisy10LoggerImplILNS_17LoggerDestinationE1EE11usb_handle_E
                0x0000000008003c18       0x2c ../libDaisy/build/libdaisy.a(logger.o)
 .text._ZN5daisy17MidiUartTransport6ConfigC2Ev
                0x0000000008003c44       0x28 ../libDaisy/build/libdaisy.a(midi.o)
                0x0000000008003c44                daisy::MidiUartTransport::Config::Config()
                0x0000000008003c44                daisy::MidiUartTransport::Config::Config()
 .text._ZN5daisy10MidiParser5ResetEv
                0x0000000008003c6c        0xc ../libDaisy/build/libdaisy.a(midi_parser.o)
                0x0000000008003c6c                daisy::MidiParser::Reset()
 .text._ZN5daisy6RgbLed4InitE12dsy_gpio_pinS1_S1_b
                0x0000000008003c78       0x50 ../libDaisy/build/libdaisy.a(rgb_led.o)
                0x0000000008003c78                daisy::RgbLed::Init(dsy_gpio_pin, dsy_gpio_pin, dsy_gpio_pin, bool)
 .text._ZN5daisy6RgbLed3SetEfff
                0x0000000008003cc8       0x34 ../libDaisy/build/libdaisy.a(rgb_led.o)
                0x0000000008003cc8                daisy::RgbLed::Set(float, float, float)
 .text._ZN5daisy6RgbLed6SetRedEf
                0x0000000008003cfc        0x4 ../libDaisy/build/libdaisy.a(rgb_led.o)
                0x0000000008003cfc                daisy::RgbLed::SetRed(float)
 .text._ZN5daisy6RgbLed8SetColorENS_5ColorE
                0x0000000008003d00       0x2c ../libDaisy/build/libdaisy.a(rgb_led.o)
                0x0000000008003d00                daisy::RgbLed::SetColor(daisy::Color)
 .text._ZN5daisy6RgbLed6UpdateEv
                0x0000000008003d2c       0x1c ../libDaisy/build/libdaisy.a(rgb_led.o)
                0x0000000008003d2c                daisy::RgbLed::Update()
 .text._ZN5daisy6Switch4InitE12dsy_gpio_pinf
                0x0000000008003d48       0x34 ../libDaisy/build/libdaisy.a(switch.o)
                0x0000000008003d48                daisy::Switch::Init(dsy_gpio_pin, float)
 .text.DummyRxCallback
                0x0000000008003d7c        0x4 ../libDaisy/build/libdaisy.a(usb.o)
                0x0000000008003d7c                DummyRxCallback
 .text._ZN5daisy9UsbHandle4InitENS0_9UsbPeriphE
                0x0000000008003d80      0x10c ../libDaisy/build/libdaisy.a(usb.o)
                0x0000000008003d80                daisy::UsbHandle::Init(daisy::UsbHandle::UsbPeriph)
 .text._ZN5daisy9UsbHandle16TransmitInternalEPhj
                0x0000000008003e8c       0x14 ../libDaisy/build/libdaisy.a(usb.o)
                0x0000000008003e8c                daisy::UsbHandle::TransmitInternal(unsigned char*, unsigned int)
 .text.OTG_FS_EP1_OUT_IRQHandler
                0x0000000008003ea0        0xc ../libDaisy/build/libdaisy.a(usb.o)
                0x0000000008003ea0                OTG_FS_EP1_OUT_IRQHandler
 .text.OTG_FS_EP1_IN_IRQHandler
                0x0000000008003eac        0xc ../libDaisy/build/libdaisy.a(usb.o)
                0x0000000008003eac                OTG_FS_EP1_IN_IRQHandler
 .text.OTG_FS_IRQHandler
                0x0000000008003eb8        0xc ../libDaisy/build/libdaisy.a(usb.o)
                0x0000000008003eb8                OTG_FS_IRQHandler
 .text._ZN5daisy16AdcChannelConfig10InitSingleE12dsy_gpio_pinNS0_15ConversionSpeedE
                0x0000000008003ec4       0x28 ../libDaisy/build/libdaisy.a(adc.o)
                0x0000000008003ec4                daisy::AdcChannelConfig::InitSingle(dsy_gpio_pin, daisy::AdcChannelConfig::ConversionSpeed)
 .text._ZN5daisy9AdcHandle4InitEPNS_16AdcChannelConfigEjNS0_12OverSamplingE
                0x0000000008003eec      0x41c ../libDaisy/build/libdaisy.a(adc.o)
                0x0000000008003eec                daisy::AdcHandle::Init(daisy::AdcChannelConfig*, unsigned int, daisy::AdcHandle::OverSampling)
 .text._ZNK5daisy9AdcHandle6GetPtrEh
                0x0000000008004308       0x14 ../libDaisy/build/libdaisy.a(adc.o)
                0x0000000008004308                daisy::AdcHandle::GetPtr(unsigned char) const
 .text.HAL_ADC_MspInit
                0x000000000800431c       0x98 ../libDaisy/build/libdaisy.a(adc.o)
                0x000000000800431c                HAL_ADC_MspInit
 .text.DMA1_Stream2_IRQHandler
                0x00000000080043b4        0xc ../libDaisy/build/libdaisy.a(adc.o)
                0x00000000080043b4                DMA1_Stream2_IRQHandler
 .text._ZN5daisy4GPIO4InitENS_3PinENS0_4ModeENS0_4PullENS0_5SpeedE
                0x00000000080043c0      0x1cc ../libDaisy/build/libdaisy.a(gpio.o)
                0x00000000080043c0                daisy::GPIO::Init(daisy::Pin, daisy::GPIO::Mode, daisy::GPIO::Pull, daisy::GPIO::Speed)
 .text._ZN5daisy4GPIO4ReadEv
                0x000000000800458c       0x18 ../libDaisy/build/libdaisy.a(gpio.o)
                0x000000000800458c                daisy::GPIO::Read()
 .text._ZN5daisy4GPIO5WriteEb
                0x00000000080045a4       0x14 ../libDaisy/build/libdaisy.a(gpio.o)
                0x00000000080045a4                daisy::GPIO::Write(bool)
 .text.dsy_gpio_init
                0x00000000080045b8      0x1b8 ../libDaisy/build/libdaisy.a(gpio.o)
                0x00000000080045b8                dsy_gpio_init
 .text.dsy_gpio_write
                0x0000000008004770       0x24 ../libDaisy/build/libdaisy.a(gpio.o)
                0x0000000008004770                dsy_gpio_write
 .text._ZN5daisy9I2CHandle4Impl8InitPinsEv
                0x0000000008004794       0x58 ../libDaisy/build/libdaisy.a(i2c.o)
                0x0000000008004794                daisy::I2CHandle::Impl::InitPins()
 .text.HAL_I2C_MspInit
                0x00000000080047ec      0x1b4 ../libDaisy/build/libdaisy.a(i2c.o)
                0x00000000080047ec                HAL_I2C_MspInit
 .text.dsy_i2c_global_init
                0x00000000080049a0       0x78 ../libDaisy/build/libdaisy.a(i2c.o)
                0x00000000080049a0                dsy_i2c_global_init
 .text.DMA1_Stream6_IRQHandler
                0x0000000008004a18       0x34 ../libDaisy/build/libdaisy.a(i2c.o)
                0x0000000008004a18                DMA1_Stream6_IRQHandler
 .text.I2C1_EV_IRQHandler
                0x0000000008004a4c        0xc ../libDaisy/build/libdaisy.a(i2c.o)
                0x0000000008004a4c                I2C1_EV_IRQHandler
 .text.I2C2_EV_IRQHandler
                0x0000000008004a58        0xc ../libDaisy/build/libdaisy.a(i2c.o)
                0x0000000008004a58                I2C2_EV_IRQHandler
 .text.I2C3_EV_IRQHandler
                0x0000000008004a64        0xc ../libDaisy/build/libdaisy.a(i2c.o)
                0x0000000008004a64                I2C3_EV_IRQHandler
 .text._ZN5daisy9I2CHandle4InitERKNS0_6ConfigE
                0x0000000008004a70      0x12c ../libDaisy/build/libdaisy.a(i2c.o)
                0x0000000008004a70                daisy::I2CHandle::Init(daisy::I2CHandle::Config const&)
 .text._ZN5daisy9I2CHandle16TransmitBlockingEtPhtm
                0x0000000008004b9c       0x50 ../libDaisy/build/libdaisy.a(i2c.o)
                0x0000000008004b9c                daisy::I2CHandle::TransmitBlocking(unsigned short, unsigned char*, unsigned short, unsigned long)
 .text.startup._GLOBAL__sub_I__ZN5daisy9I2CHandle4Impl10GlobalInitEv
                0x0000000008004bec       0x18 ../libDaisy/build/libdaisy.a(i2c.o)
 .text._ZN5daisy10QSPIHandle4Impl11WriteEnableEv
                0x0000000008004c04       0x8c ../libDaisy/build/libdaisy.a(qspi.o)
                0x0000000008004c04                daisy::QSPIHandle::Impl::WriteEnable()
 .text._ZN5daisy10QSPIHandle4Impl17DummyCyclesConfigENS0_6Config6DeviceE
                0x0000000008004c90      0x118 ../libDaisy/build/libdaisy.a(qspi.o)
                0x0000000008004c90                daisy::QSPIHandle::Impl::DummyCyclesConfig(daisy::QSPIHandle::Config::Device)
 .text._ZN5daisy10QSPIHandle4Impl10QuadEnableEv
                0x0000000008004da8      0x158 ../libDaisy/build/libdaisy.a(qspi.o)
                0x0000000008004da8                daisy::QSPIHandle::Impl::QuadEnable()
 .text._ZN5daisy10QSPIHandle4InitERKNS0_6ConfigE
                0x0000000008004f00      0x198 ../libDaisy/build/libdaisy.a(qspi.o)
                0x0000000008004f00                daisy::QSPIHandle::Init(daisy::QSPIHandle::Config const&)
 .text.HAL_QSPI_MspInit
                0x0000000008005098      0x11c ../libDaisy/build/libdaisy.a(qspi.o)
                0x0000000008005098                HAL_QSPI_MspInit
 .text.HAL_QSPI_MspDeInit
                0x00000000080051b4       0x54 ../libDaisy/build/libdaisy.a(qspi.o)
                0x00000000080051b4                HAL_QSPI_MspDeInit
 .text.QUADSPI_IRQHandler
                0x0000000008005208        0xc ../libDaisy/build/libdaisy.a(qspi.o)
                0x0000000008005208                QUADSPI_IRQHandler
 .text.startup._GLOBAL__sub_I__ZN5daisy10QSPIHandle4Impl4InitERKNS0_6ConfigE
                0x0000000008005214       0x28 ../libDaisy/build/libdaisy.a(qspi.o)
 .text._ZN5daisy9SaiHandle4Impl7InitDmaENS1_15PeripheralBlockE
                0x000000000800523c       0xa0 ../libDaisy/build/libdaisy.a(sai.o)
                0x000000000800523c                daisy::SaiHandle::Impl::InitDma(daisy::SaiHandle::Impl::PeripheralBlock)
 .text._ZN5daisy9SaiHandle4Impl8InitPinsEv
                0x00000000080052dc       0xa8 ../libDaisy/build/libdaisy.a(sai.o)
                0x00000000080052dc                daisy::SaiHandle::Impl::InitPins()
 .text.HAL_SAI_MspInit
                0x0000000008005384      0x164 ../libDaisy/build/libdaisy.a(sai.o)
                0x0000000008005384                HAL_SAI_MspInit
 .text.DMA1_Stream0_IRQHandler
                0x00000000080054e8        0xc ../libDaisy/build/libdaisy.a(sai.o)
                0x00000000080054e8                DMA1_Stream0_IRQHandler
 .text.DMA1_Stream1_IRQHandler
                0x00000000080054f4        0xc ../libDaisy/build/libdaisy.a(sai.o)
                0x00000000080054f4                DMA1_Stream1_IRQHandler
 .text.DMA1_Stream3_IRQHandler
                0x0000000008005500        0xc ../libDaisy/build/libdaisy.a(sai.o)
                0x0000000008005500                DMA1_Stream3_IRQHandler
 .text.DMA1_Stream4_IRQHandler
                0x000000000800550c        0xc ../libDaisy/build/libdaisy.a(sai.o)
                0x000000000800550c                DMA1_Stream4_IRQHandler
 .text._ZN5daisy9SaiHandle4InitERKNS0_6ConfigE
                0x0000000008005518      0x1f0 ../libDaisy/build/libdaisy.a(sai.o)
                0x0000000008005518                daisy::SaiHandle::Init(daisy::SaiHandle::Config const&)
 .text._ZNK5daisy9SaiHandle9GetConfigEv
                0x0000000008005708        0x4 ../libDaisy/build/libdaisy.a(sai.o)
                0x0000000008005708                daisy::SaiHandle::GetConfig() const
 .text._ZN5daisy9SaiHandle13GetSampleRateEv
                0x000000000800570c       0x24 ../libDaisy/build/libdaisy.a(sai.o)
                0x000000000800570c                daisy::SaiHandle::GetSampleRate()
 .text._ZN5daisy12SdmmcHandler4InitERKNS0_6ConfigE
                0x0000000008005730       0x80 ../libDaisy/build/libdaisy.a(sdmmc.o)
                0x0000000008005730                daisy::SdmmcHandler::Init(daisy::SdmmcHandler::Config const&)
 .text.HAL_SD_MspInit
                0x00000000080057b0       0xe4 ../libDaisy/build/libdaisy.a(sdmmc.o)
                0x00000000080057b0                HAL_SD_MspInit
 .text.SDMMC1_IRQHandler
                0x0000000008005894        0xc ../libDaisy/build/libdaisy.a(sdmmc.o)
                0x0000000008005894                SDMMC1_IRQHandler
 .text._ZL20UART_CheckRxListenerPN5daisy11UartHandler4ImplE
                0x00000000080058a0       0x84 ../libDaisy/build/libdaisy.a(uart.o)
 .text._ZN5daisy11UartHandler4Impl10StartDmaTxEPhjPFvPvEPFvS3_NS0_6ResultEES3_
                0x0000000008005924      0x184 ../libDaisy/build/libdaisy.a(uart.o)
                0x0000000008005924                daisy::UartHandler::Impl::StartDmaTx(unsigned char*, unsigned int, void (*)(void*), void (*)(void*, daisy::UartHandler::Result), void*)
 .text._ZN5daisy11UartHandler4Impl10StartDmaRxEPhjPFvPvEPFvS3_NS0_6ResultEES3_
                0x0000000008005aa8      0x184 ../libDaisy/build/libdaisy.a(uart.o)
                0x0000000008005aa8                daisy::UartHandler::Impl::StartDmaRx(unsigned char*, unsigned int, void (*)(void*), void (*)(void*, daisy::UartHandler::Result), void*)
 .text._ZN5daisy11UartHandler4Impl19DmaTransferFinishedEP20__UART_HandleTypeDefNS0_6ResultE
                0x0000000008005c2c       0xc0 ../libDaisy/build/libdaisy.a(uart.o)
                0x0000000008005c2c                daisy::UartHandler::Impl::DmaTransferFinished(__UART_HandleTypeDef*, daisy::UartHandler::Result)
 .text._ZN5daisy11UartHandler4Impl8InitPinsEv
                0x0000000008005cec      0x154 ../libDaisy/build/libdaisy.a(uart.o)
                0x0000000008005cec                daisy::UartHandler::Impl::InitPins()
 .text.HAL_UART_MspInit
                0x0000000008005e40      0x210 ../libDaisy/build/libdaisy.a(uart.o)
                0x0000000008005e40                HAL_UART_MspInit
 .text.dsy_uart_global_init
                0x0000000008006050       0xfc ../libDaisy/build/libdaisy.a(uart.o)
                0x0000000008006050                dsy_uart_global_init
 .text.USART1_IRQHandler
                0x000000000800614c       0x2c ../libDaisy/build/libdaisy.a(uart.o)
                0x000000000800614c                USART1_IRQHandler
 .text.USART2_IRQHandler
                0x0000000008006178       0x34 ../libDaisy/build/libdaisy.a(uart.o)
                0x0000000008006178                USART2_IRQHandler
 .text.USART3_IRQHandler
                0x00000000080061ac       0x34 ../libDaisy/build/libdaisy.a(uart.o)
                0x00000000080061ac                USART3_IRQHandler
 .text.UART4_IRQHandler
                0x00000000080061e0       0x34 ../libDaisy/build/libdaisy.a(uart.o)
                0x00000000080061e0                UART4_IRQHandler
 .text.UART5_IRQHandler
                0x0000000008006214       0x34 ../libDaisy/build/libdaisy.a(uart.o)
                0x0000000008006214                UART5_IRQHandler
 .text.USART6_IRQHandler
                0x0000000008006248       0x34 ../libDaisy/build/libdaisy.a(uart.o)
                0x0000000008006248                USART6_IRQHandler
 .text.UART7_IRQHandler
                0x000000000800627c       0x34 ../libDaisy/build/libdaisy.a(uart.o)
                0x000000000800627c                UART7_IRQHandler
 .text.UART8_IRQHandler
                0x00000000080062b0       0x34 ../libDaisy/build/libdaisy.a(uart.o)
                0x00000000080062b0                UART8_IRQHandler
 .text.LPUART1_IRQHandler
                0x00000000080062e4       0x34 ../libDaisy/build/libdaisy.a(uart.o)
                0x00000000080062e4                LPUART1_IRQHandler
 .text.DMA1_Stream5_IRQHandler
                0x0000000008006318       0x34 ../libDaisy/build/libdaisy.a(uart.o)
                0x0000000008006318                DMA1_Stream5_IRQHandler
 .text.DMA2_Stream4_IRQHandler
                0x000000000800634c       0x38 ../libDaisy/build/libdaisy.a(uart.o)
                0x000000000800634c                DMA2_Stream4_IRQHandler
 .text.HAL_UART_TxCpltCallback
                0x0000000008006384        0x8 ../libDaisy/build/libdaisy.a(uart.o)
                0x0000000008006384                HAL_UART_TxCpltCallback
 .text.HAL_UART_RxCpltCallback
                0x000000000800638c       0x94 ../libDaisy/build/libdaisy.a(uart.o)
                0x000000000800638c                HAL_UART_RxCpltCallback
 .text.HAL_UART_RxHalfCpltCallback
                0x0000000008006420       0x90 ../libDaisy/build/libdaisy.a(uart.o)
                0x0000000008006420                HAL_UART_RxHalfCpltCallback
 .text.HAL_UART_ErrorCallback
                0x00000000080064b0        0x8 ../libDaisy/build/libdaisy.a(uart.o)
                0x00000000080064b0                HAL_UART_ErrorCallback
 .text._ZN5daisy11UartHandler4InitERKNS0_6ConfigE
                0x00000000080064b8       0xd4 ../libDaisy/build/libdaisy.a(uart.o)
                0x00000000080064b8                daisy::UartHandler::Init(daisy::UartHandler::Config const&)
 .text.startup._GLOBAL__sub_I__Z19MapInstanceToHandleP13USART_TypeDef
                0x000000000800658c      0x194 ../libDaisy/build/libdaisy.a(uart.o)
 .text.dsy_dma_init
                0x0000000008006720      0x100 ../libDaisy/build/libdaisy.a(dma.o)
                0x0000000008006720                dsy_dma_init
 .text.dsy_dma_invalidate_cache_for_buffer
                0x0000000008006820       0x2c ../libDaisy/build/libdaisy.a(dma.o)
                0x0000000008006820                dsy_dma_invalidate_cache_for_buffer
 .text._ZN5daisy14FatFSInterface4InitEh
                0x000000000800684c       0x48 ../libDaisy/build/libdaisy.a(fatfs.o)
                0x000000000800684c                daisy::FatFSInterface::Init(unsigned char)
 .text.get_fattime
                0x0000000008006894        0x4 ../libDaisy/build/libdaisy.a(fatfs.o)
                0x0000000008006894                get_fattime
 .text._ZN5daisy11TimerHandleD2Ev
                0x0000000008006898        0x4 ../libDaisy/build/libdaisy.a(system.o)
                0x0000000008006898                daisy::TimerHandle::~TimerHandle()
                0x0000000008006898                daisy::TimerHandle::~TimerHandle()
 .text.SysTick_Handler
                0x000000000800689c       0x10 ../libDaisy/build/libdaisy.a(system.o)
                0x000000000800689c                SysTick_Handler
 .text.OTG_HS_EP1_OUT_IRQHandler
                0x00000000080068ac       0x24 ../libDaisy/build/libdaisy.a(system.o)
                0x00000000080068ac                OTG_HS_EP1_OUT_IRQHandler
 .text.OTG_HS_EP1_IN_IRQHandler
                0x00000000080068d0       0x24 ../libDaisy/build/libdaisy.a(system.o)
                0x00000000080068d0                OTG_HS_EP1_IN_IRQHandler
 .text.OTG_HS_IRQHandler
                0x00000000080068f4       0x24 ../libDaisy/build/libdaisy.a(system.o)
                0x00000000080068f4                OTG_HS_IRQHandler
 .text.HardFault_Handler
                0x0000000008006918       0xe0 ../libDaisy/build/libdaisy.a(system.o)
                0x0000000008006918                HardFault_Handler
 .text._ZN5daisy6System6GetNowEv
                0x00000000080069f8        0x4 ../libDaisy/build/libdaisy.a(system.o)
                0x00000000080069f8                daisy::System::GetNow()
 .text._ZN5daisy6System5DelayEm
                0x00000000080069fc        0x4 ../libDaisy/build/libdaisy.a(system.o)
                0x00000000080069fc                daisy::System::Delay(unsigned long)
 .text._ZN5daisy6System20GetBootloaderVersionEv
                0x0000000008006a00       0x34 ../libDaisy/build/libdaisy.a(system.o)
                0x0000000008006a00                daisy::System::GetBootloaderVersion()
 .text._ZN5daisy6System15ConfigureClocksEv
                0x0000000008006a34      0x194 ../libDaisy/build/libdaisy.a(system.o)
                0x0000000008006a34                daisy::System::ConfigureClocks()
 .text._ZN5daisy6System12ConfigureMpuEv
                0x0000000008006bc8       0x7c ../libDaisy/build/libdaisy.a(system.o)
                0x0000000008006bc8                daisy::System::ConfigureMpu()
 .text._ZN5daisy6System4InitERKNS0_6ConfigE
                0x0000000008006c44       0xec ../libDaisy/build/libdaisy.a(system.o)
                0x0000000008006c44                daisy::System::Init(daisy::System::Config const&)
 .text._ZN5daisy6System12GetPClk1FreqEv
                0x0000000008006d30        0x4 ../libDaisy/build/libdaisy.a(system.o)
                0x0000000008006d30                daisy::System::GetPClk1Freq()
 .text._ZN5daisy6System22GetProgramMemoryRegionEv
                0x0000000008006d34       0x78 ../libDaisy/build/libdaisy.a(system.o)
                0x0000000008006d34                daisy::System::GetProgramMemoryRegion()
 .text.startup._GLOBAL__sub_I__ZN5daisy9boot_infoE
                0x0000000008006dac       0x1c ../libDaisy/build/libdaisy.a(system.o)
 .text.SystemInit
                0x0000000008006dc8       0x9c ../libDaisy/build/libdaisy.a(system_stm32h7xx.o)
                0x0000000008006dc8                SystemInit
 .text.dummy_rx_callback
                0x0000000008006e64        0x4 ../libDaisy/build/libdaisy.a(usbd_cdc_if.o)
                0x0000000008006e64                dummy_rx_callback
 .text.CDC_DeInit_FS
                0x0000000008006e68        0x4 ../libDaisy/build/libdaisy.a(usbd_cdc_if.o)
 .text.CDC_Receive_FS
                0x0000000008006e6c       0x2c ../libDaisy/build/libdaisy.a(usbd_cdc_if.o)
 .text.CDC_Receive_HS
                0x0000000008006e98       0x2c ../libDaisy/build/libdaisy.a(usbd_cdc_if.o)
 .text.CDC_Init_FS
                0x0000000008006ec4       0x3c ../libDaisy/build/libdaisy.a(usbd_cdc_if.o)
 .text.CDC_Init_HS
                0x0000000008006f00       0x3c ../libDaisy/build/libdaisy.a(usbd_cdc_if.o)
 .text.CDC_Control_FS
                0x0000000008006f3c       0x34 ../libDaisy/build/libdaisy.a(usbd_cdc_if.o)
 .text.CDC_Control_HS
                0x0000000008006f70       0x34 ../libDaisy/build/libdaisy.a(usbd_cdc_if.o)
 .text.CDC_DeInit_HS
                0x0000000008006fa4        0x4 ../libDaisy/build/libdaisy.a(usbd_cdc_if.o)
 .text.CDC_Transmit_FS
                0x0000000008006fa8       0x2c ../libDaisy/build/libdaisy.a(usbd_cdc_if.o)
                0x0000000008006fa8                CDC_Transmit_FS
 .text.HAL_PCD_MspInit
                0x0000000008006fd4      0x144 ../libDaisy/build/libdaisy.a(usbd_conf.o)
                0x0000000008006fd4                HAL_PCD_MspInit
 .text.HAL_PCD_SetupStageCallback
                0x0000000008007118        0xc ../libDaisy/build/libdaisy.a(usbd_conf.o)
                0x0000000008007118                HAL_PCD_SetupStageCallback
 .text.HAL_PCD_DataOutStageCallback
                0x0000000008007124       0x14 ../libDaisy/build/libdaisy.a(usbd_conf.o)
                0x0000000008007124                HAL_PCD_DataOutStageCallback
 .text.HAL_PCD_DataInStageCallback
                0x0000000008007138       0x14 ../libDaisy/build/libdaisy.a(usbd_conf.o)
                0x0000000008007138                HAL_PCD_DataInStageCallback
 .text.HAL_PCD_SOFCallback
                0x000000000800714c        0x8 ../libDaisy/build/libdaisy.a(usbd_conf.o)
                0x000000000800714c                HAL_PCD_SOFCallback
 .text.HAL_PCD_ResetCallback
                0x0000000008007154       0x24 ../libDaisy/build/libdaisy.a(usbd_conf.o)
                0x0000000008007154                HAL_PCD_ResetCallback
 .text.HAL_PCD_SuspendCallback
                0x0000000008007178       0x30 ../libDaisy/build/libdaisy.a(usbd_conf.o)
                0x0000000008007178                HAL_PCD_SuspendCallback
 .text.HAL_PCD_ResumeCallback
                0x00000000080071a8        0x8 ../libDaisy/build/libdaisy.a(usbd_conf.o)
                0x00000000080071a8                HAL_PCD_ResumeCallback
 .text.HAL_PCD_ISOOUTIncompleteCallback
                0x00000000080071b0        0x8 ../libDaisy/build/libdaisy.a(usbd_conf.o)
                0x00000000080071b0                HAL_PCD_ISOOUTIncompleteCallback
 .text.HAL_PCD_ISOINIncompleteCallback
                0x00000000080071b8        0x8 ../libDaisy/build/libdaisy.a(usbd_conf.o)
                0x00000000080071b8                HAL_PCD_ISOINIncompleteCallback
 .text.HAL_PCD_ConnectCallback
                0x00000000080071c0        0x8 ../libDaisy/build/libdaisy.a(usbd_conf.o)
                0x00000000080071c0                HAL_PCD_ConnectCallback
 .text.HAL_PCD_DisconnectCallback
                0x00000000080071c8        0x8 ../libDaisy/build/libdaisy.a(usbd_conf.o)
                0x00000000080071c8                HAL_PCD_DisconnectCallback
 .text.USBD_LL_Init
                0x00000000080071d0       0xe4 ../libDaisy/build/libdaisy.a(usbd_conf.o)
                0x00000000080071d0                USBD_LL_Init
 .text.USBD_LL_Start
                0x00000000080072b4       0x1c ../libDaisy/build/libdaisy.a(usbd_conf.o)
                0x00000000080072b4                USBD_LL_Start
 .text.USBD_LL_OpenEP
                0x00000000080072d0       0x24 ../libDaisy/build/libdaisy.a(usbd_conf.o)
                0x00000000080072d0                USBD_LL_OpenEP
 .text.USBD_LL_CloseEP
                0x00000000080072f4       0x1c ../libDaisy/build/libdaisy.a(usbd_conf.o)
                0x00000000080072f4                USBD_LL_CloseEP
 .text.USBD_LL_StallEP
                0x0000000008007310       0x1c ../libDaisy/build/libdaisy.a(usbd_conf.o)
                0x0000000008007310                USBD_LL_StallEP
 .text.USBD_LL_ClearStallEP
                0x000000000800732c       0x1c ../libDaisy/build/libdaisy.a(usbd_conf.o)
                0x000000000800732c                USBD_LL_ClearStallEP
 .text.USBD_LL_IsStallEP
                0x0000000008007348       0x28 ../libDaisy/build/libdaisy.a(usbd_conf.o)
                0x0000000008007348                USBD_LL_IsStallEP
 .text.USBD_LL_SetUSBAddress
                0x0000000008007370       0x1c ../libDaisy/build/libdaisy.a(usbd_conf.o)
                0x0000000008007370                USBD_LL_SetUSBAddress
 .text.USBD_LL_Transmit
                0x000000000800738c       0x1c ../libDaisy/build/libdaisy.a(usbd_conf.o)
                0x000000000800738c                USBD_LL_Transmit
 .text.USBD_LL_PrepareReceive
                0x00000000080073a8       0x1c ../libDaisy/build/libdaisy.a(usbd_conf.o)
                0x00000000080073a8                USBD_LL_PrepareReceive
 .text.USBD_LL_GetRxDataSize
                0x00000000080073c4        0x8 ../libDaisy/build/libdaisy.a(usbd_conf.o)
                0x00000000080073c4                USBD_LL_GetRxDataSize
 .text.USBD_HS_DeviceDescriptor
                0x00000000080073cc        0xc ../libDaisy/build/libdaisy.a(usbd_desc.o)
                0x00000000080073cc                USBD_HS_DeviceDescriptor
 .text.USBD_FS_DeviceDescriptor
                0x00000000080073d8        0xc ../libDaisy/build/libdaisy.a(usbd_desc.o)
                0x00000000080073d8                USBD_FS_DeviceDescriptor
 .text.USBD_FS_LangIDStrDescriptor
                0x00000000080073e4        0xc ../libDaisy/build/libdaisy.a(usbd_desc.o)
                0x00000000080073e4                USBD_FS_LangIDStrDescriptor
 .text.USBD_FS_ManufacturerStrDescriptor
                0x00000000080073f0       0x1c ../libDaisy/build/libdaisy.a(usbd_desc.o)
                0x00000000080073f0                USBD_FS_ManufacturerStrDescriptor
 .text.USBD_HS_ProductStrDescriptor
                0x000000000800740c       0x1c ../libDaisy/build/libdaisy.a(usbd_desc.o)
                0x000000000800740c                USBD_HS_ProductStrDescriptor
 .text.USBD_FS_ConfigStrDescriptor
                0x0000000008007428       0x1c ../libDaisy/build/libdaisy.a(usbd_desc.o)
                0x0000000008007428                USBD_FS_ConfigStrDescriptor
 .text.USBD_FS_InterfaceStrDescriptor
                0x0000000008007444       0x1c ../libDaisy/build/libdaisy.a(usbd_desc.o)
                0x0000000008007444                USBD_FS_InterfaceStrDescriptor
 .text.USBD_FS_ProductStrDescriptor
                0x0000000008007460       0x1c ../libDaisy/build/libdaisy.a(usbd_desc.o)
                0x0000000008007460                USBD_FS_ProductStrDescriptor
 .text.USBD_HS_LangIDStrDescriptor
                0x000000000800747c        0xc ../libDaisy/build/libdaisy.a(usbd_desc.o)
                0x000000000800747c                USBD_HS_LangIDStrDescriptor
 .text.USBD_HS_ManufacturerStrDescriptor
                0x0000000008007488       0x1c ../libDaisy/build/libdaisy.a(usbd_desc.o)
                0x0000000008007488                USBD_HS_ManufacturerStrDescriptor
 .text.USBD_FS_SerialStrDescriptor
                0x00000000080074a4      0x124 ../libDaisy/build/libdaisy.a(usbd_desc.o)
                0x00000000080074a4                USBD_FS_SerialStrDescriptor
 .text.USBD_HS_SerialStrDescriptor
                0x00000000080075c8      0x124 ../libDaisy/build/libdaisy.a(usbd_desc.o)
                0x00000000080075c8                USBD_HS_SerialStrDescriptor
 .text.USBD_HS_InterfaceStrDescriptor
                0x00000000080076ec       0x1c ../libDaisy/build/libdaisy.a(usbd_desc.o)
                0x00000000080076ec                USBD_HS_InterfaceStrDescriptor
 .text.USBD_HS_ConfigStrDescriptor
                0x0000000008007708       0x1c ../libDaisy/build/libdaisy.a(usbd_desc.o)
                0x0000000008007708                USBD_HS_ConfigStrDescriptor
 .text.HAL_HCD_SOF_Callback
                0x0000000008007724        0x8 ../libDaisy/build/libdaisy.a(usbh_conf.o)
                0x0000000008007724                HAL_HCD_SOF_Callback
 .text.HAL_HCD_Connect_Callback
                0x000000000800772c        0x8 ../libDaisy/build/libdaisy.a(usbh_conf.o)
                0x000000000800772c                HAL_HCD_Connect_Callback
 .text.HAL_HCD_Disconnect_Callback
                0x0000000008007734        0x8 ../libDaisy/build/libdaisy.a(usbh_conf.o)
                0x0000000008007734                HAL_HCD_Disconnect_Callback
 .text.HAL_HCD_HC_NotifyURBChange_Callback
                0x000000000800773c        0x4 ../libDaisy/build/libdaisy.a(usbh_conf.o)
                0x000000000800773c                HAL_HCD_HC_NotifyURBChange_Callback
 .text.HAL_HCD_PortEnabled_Callback
                0x0000000008007740        0x8 ../libDaisy/build/libdaisy.a(usbh_conf.o)
                0x0000000008007740                HAL_HCD_PortEnabled_Callback
 .text.HAL_HCD_PortDisabled_Callback
                0x0000000008007748        0x8 ../libDaisy/build/libdaisy.a(usbh_conf.o)
                0x0000000008007748                HAL_HCD_PortDisabled_Callback
 .text.USBH_LL_Stop
                0x0000000008007750       0x1c ../libDaisy/build/libdaisy.a(usbh_conf.o)
                0x0000000008007750                USBH_LL_Stop
 .text.USBH_LL_GetLastXferSize
                0x000000000800776c        0x8 ../libDaisy/build/libdaisy.a(usbh_conf.o)
                0x000000000800776c                USBH_LL_GetLastXferSize
 .text.USBH_LL_SubmitURB
                0x0000000008007774       0x38 ../libDaisy/build/libdaisy.a(usbh_conf.o)
                0x0000000008007774                USBH_LL_SubmitURB
 .text.USBH_LL_GetURBState
                0x00000000080077ac        0x8 ../libDaisy/build/libdaisy.a(usbh_conf.o)
                0x00000000080077ac                USBH_LL_GetURBState
 .text.USBH_LL_SetToggle
                0x00000000080077b4       0x24 ../libDaisy/build/libdaisy.a(usbh_conf.o)
                0x00000000080077b4                USBH_LL_SetToggle
 .text.USBH_LL_GetToggle
                0x00000000080077d8       0x20 ../libDaisy/build/libdaisy.a(usbh_conf.o)
                0x00000000080077d8                USBH_LL_GetToggle
 .text._ZN5daisy5Color4InitENS0_11PresetColorE
                0x00000000080077f8       0x20 ../libDaisy/build/libdaisy.a(color.o)
                0x00000000080077f8                daisy::Color::Init(daisy::Color::PresetColor)
 .text.dsy_hal_map_get_port
                0x0000000008007818       0x10 ../libDaisy/build/libdaisy.a(hal_map.o)
                0x0000000008007818                dsy_hal_map_get_port
 .text.dsy_hal_map_get_pin
                0x0000000008007828       0x10 ../libDaisy/build/libdaisy.a(hal_map.o)
                0x0000000008007828                dsy_hal_map_get_pin
 .text.dsy_hal_map_gpio_clk_enable
                0x0000000008007838      0x150 ../libDaisy/build/libdaisy.a(hal_map.o)
                0x0000000008007838                dsy_hal_map_gpio_clk_enable
 .text.SD_initialize
                0x0000000008007988       0x30 ../libDaisy/build/libdaisy.a(sd_diskio.o)
                0x0000000008007988                SD_initialize
 .text.SD_status
                0x00000000080079b8       0x20 ../libDaisy/build/libdaisy.a(sd_diskio.o)
                0x00000000080079b8                SD_status
 .text.SD_read  0x00000000080079d8       0xcc ../libDaisy/build/libdaisy.a(sd_diskio.o)
                0x00000000080079d8                SD_read
 .text.SD_write
                0x0000000008007aa4       0xa4 ../libDaisy/build/libdaisy.a(sd_diskio.o)
                0x0000000008007aa4                SD_write
 .text.SD_ioctl
                0x0000000008007b48       0x68 ../libDaisy/build/libdaisy.a(sd_diskio.o)
                0x0000000008007b48                SD_ioctl
 .text.BSP_SD_WriteCpltCallback
                0x0000000008007bb0        0xc ../libDaisy/build/libdaisy.a(sd_diskio.o)
                0x0000000008007bb0                BSP_SD_WriteCpltCallback
 .text.BSP_SD_ReadCpltCallback
                0x0000000008007bbc        0xc ../libDaisy/build/libdaisy.a(sd_diskio.o)
                0x0000000008007bbc                BSP_SD_ReadCpltCallback
 .text.USBH_initialize
                0x0000000008007bc8        0x4 ../libDaisy/build/libdaisy.a(usbh_diskio.o)
                0x0000000008007bc8                USBH_initialize
 .text.USBH_status
                0x0000000008007bcc       0x18 ../libDaisy/build/libdaisy.a(usbh_diskio.o)
                0x0000000008007bcc                USBH_status
 .text.USBH_read
                0x0000000008007be4      0x14c ../libDaisy/build/libdaisy.a(usbh_diskio.o)
                0x0000000008007be4                USBH_read
 .text.USBH_write
                0x0000000008007d30      0x104 ../libDaisy/build/libdaisy.a(usbh_diskio.o)
                0x0000000008007d30                USBH_write
 .text.USBH_ioctl
                0x0000000008007e34       0x68 ../libDaisy/build/libdaisy.a(usbh_diskio.o)
                0x0000000008007e34                USBH_ioctl
 .text.HAL_MspInit
                0x0000000008007e9c        0x4 ../libDaisy/build/libdaisy.a(stm32h7xx_hal.o)
                0x0000000008007e9c                HAL_MspInit
 .text.HAL_InitTick
                0x0000000008007ea0       0x4c ../libDaisy/build/libdaisy.a(stm32h7xx_hal.o)
                0x0000000008007ea0                HAL_InitTick
 .text.HAL_Init
                0x0000000008007eec       0x60 ../libDaisy/build/libdaisy.a(stm32h7xx_hal.o)
                0x0000000008007eec                HAL_Init
 .text.HAL_IncTick
                0x0000000008007f4c       0x18 ../libDaisy/build/libdaisy.a(stm32h7xx_hal.o)
                0x0000000008007f4c                HAL_IncTick
 .text.HAL_GetTick
                0x0000000008007f64        0xc ../libDaisy/build/libdaisy.a(stm32h7xx_hal.o)
                0x0000000008007f64                HAL_GetTick
 .text.HAL_Delay
                0x0000000008007f70       0x24 ../libDaisy/build/libdaisy.a(stm32h7xx_hal.o)
                0x0000000008007f70                HAL_Delay
 .text.HAL_GetREVID
                0x0000000008007f94        0xc ../libDaisy/build/libdaisy.a(stm32h7xx_hal.o)
                0x0000000008007f94                HAL_GetREVID
 .text.HAL_ADC_ConfigChannel
                0x0000000008007fa0      0x3fc ../libDaisy/build/libdaisy.a(stm32h7xx_hal_adc.o)
                0x0000000008007fa0                HAL_ADC_ConfigChannel
 .text.ADC_ConfigureBoostMode
                0x000000000800839c      0x184 ../libDaisy/build/libdaisy.a(stm32h7xx_hal_adc.o)
                0x000000000800839c                ADC_ConfigureBoostMode
 .text.HAL_ADC_Init
                0x0000000008008520      0x218 ../libDaisy/build/libdaisy.a(stm32h7xx_hal_adc.o)
                0x0000000008008520                HAL_ADC_Init
 .text.HAL_ADCEx_MultiModeConfigChannel
                0x0000000008008738       0xc4 ../libDaisy/build/libdaisy.a(stm32h7xx_hal_adc_ex.o)
                0x0000000008008738                HAL_ADCEx_MultiModeConfigChannel
 .text.HAL_NVIC_SetPriorityGrouping
                0x00000000080087fc       0x24 ../libDaisy/build/libdaisy.a(stm32h7xx_hal_cortex.o)
                0x00000000080087fc                HAL_NVIC_SetPriorityGrouping
 .text.HAL_NVIC_SetPriority
                0x0000000008008820       0x7c ../libDaisy/build/libdaisy.a(stm32h7xx_hal_cortex.o)
                0x0000000008008820                HAL_NVIC_SetPriority
 .text.HAL_NVIC_EnableIRQ
                0x000000000800889c       0x1c ../libDaisy/build/libdaisy.a(stm32h7xx_hal_cortex.o)
                0x000000000800889c                HAL_NVIC_EnableIRQ
 .text.HAL_NVIC_DisableIRQ
                0x00000000080088b8       0x28 ../libDaisy/build/libdaisy.a(stm32h7xx_hal_cortex.o)
                0x00000000080088b8                HAL_NVIC_DisableIRQ
 .text.HAL_SYSTICK_Config
                0x00000000080088e0       0x2c ../libDaisy/build/libdaisy.a(stm32h7xx_hal_cortex.o)
                0x00000000080088e0                HAL_SYSTICK_Config
 .text.HAL_MPU_Disable
                0x000000000800890c       0x1c ../libDaisy/build/libdaisy.a(stm32h7xx_hal_cortex.o)
                0x000000000800890c                HAL_MPU_Disable
 .text.HAL_MPU_Enable
                0x0000000008008928       0x20 ../libDaisy/build/libdaisy.a(stm32h7xx_hal_cortex.o)
                0x0000000008008928                HAL_MPU_Enable
 .text.HAL_MPU_ConfigRegion
                0x0000000008008948       0x64 ../libDaisy/build/libdaisy.a(stm32h7xx_hal_cortex.o)
                0x0000000008008948                HAL_MPU_ConfigRegion
 .text.HAL_SYSTICK_Callback
                0x00000000080089ac        0x4 ../libDaisy/build/libdaisy.a(stm32h7xx_hal_cortex.o)
                0x00000000080089ac                HAL_SYSTICK_Callback
 .text.HAL_SYSTICK_IRQHandler
                0x00000000080089b0        0x8 ../libDaisy/build/libdaisy.a(stm32h7xx_hal_cortex.o)
                0x00000000080089b0                HAL_SYSTICK_IRQHandler
 .text.DMA_CalcBaseAndBitshift
                0x00000000080089b8       0xf4 ../libDaisy/build/libdaisy.a(stm32h7xx_hal_dma.o)
 .text.DMA_CalcDMAMUXChannelBaseAndMask
                0x0000000008008aac       0xd8 ../libDaisy/build/libdaisy.a(stm32h7xx_hal_dma.o)
 .text.HAL_DMA_Init
                0x0000000008008b84      0x37c ../libDaisy/build/libdaisy.a(stm32h7xx_hal_dma.o)
                0x0000000008008b84                HAL_DMA_Init
 .text.HAL_DMA_Start_IT
                0x0000000008008f00      0x240 ../libDaisy/build/libdaisy.a(stm32h7xx_hal_dma.o)
                0x0000000008008f00                HAL_DMA_Start_IT
 .text.HAL_DMA_Abort_IT
                0x0000000008009140      0x134 ../libDaisy/build/libdaisy.a(stm32h7xx_hal_dma.o)
                0x0000000008009140                HAL_DMA_Abort_IT
 .text.HAL_DMA_IRQHandler
                0x0000000008009274      0x6a0 ../libDaisy/build/libdaisy.a(stm32h7xx_hal_dma.o)
                0x0000000008009274                HAL_DMA_IRQHandler
 .text.HAL_DMA_GetError
                0x0000000008009914        0x4 ../libDaisy/build/libdaisy.a(stm32h7xx_hal_dma.o)
                0x0000000008009914                HAL_DMA_GetError
 .text.HAL_GPIO_Init
                0x0000000008009918      0x280 ../libDaisy/build/libdaisy.a(stm32h7xx_hal_gpio.o)
                0x0000000008009918                HAL_GPIO_Init
 .text.HAL_GPIO_DeInit
                0x0000000008009b98      0x190 ../libDaisy/build/libdaisy.a(stm32h7xx_hal_gpio.o)
                0x0000000008009b98                HAL_GPIO_DeInit
 .text.HAL_GPIO_ReadPin
                0x0000000008009d28        0xc ../libDaisy/build/libdaisy.a(stm32h7xx_hal_gpio.o)
                0x0000000008009d28                HAL_GPIO_ReadPin
 .text.HAL_GPIO_WritePin
                0x0000000008009d34        0x8 ../libDaisy/build/libdaisy.a(stm32h7xx_hal_gpio.o)
                0x0000000008009d34                HAL_GPIO_WritePin
 .text.HAL_HCD_HC_SubmitRequest
                0x0000000008009d3c       0xd0 ../libDaisy/build/libdaisy.a(stm32h7xx_hal_hcd.o)
                0x0000000008009d3c                HAL_HCD_HC_SubmitRequest
 .text.HAL_HCD_IRQHandler
                0x0000000008009e0c      0x780 ../libDaisy/build/libdaisy.a(stm32h7xx_hal_hcd.o)
                0x0000000008009e0c                HAL_HCD_IRQHandler
 .text.HAL_HCD_Stop
                0x000000000800a58c       0x28 ../libDaisy/build/libdaisy.a(stm32h7xx_hal_hcd.o)
                0x000000000800a58c                HAL_HCD_Stop
 .text.HAL_HCD_HC_GetURBState
                0x000000000800a5b4       0x10 ../libDaisy/build/libdaisy.a(stm32h7xx_hal_hcd.o)
                0x000000000800a5b4                HAL_HCD_HC_GetURBState
 .text.HAL_HCD_HC_GetXferCount
                0x000000000800a5c4        0xc ../libDaisy/build/libdaisy.a(stm32h7xx_hal_hcd.o)
                0x000000000800a5c4                HAL_HCD_HC_GetXferCount
 .text.I2C_WaitOnTXISFlagUntilTimeout
                0x000000000800a5d0       0xb8 ../libDaisy/build/libdaisy.a(stm32h7xx_hal_i2c.o)
 .text.I2C_WaitOnSTOPFlagUntilTimeout
                0x000000000800a688       0xac ../libDaisy/build/libdaisy.a(stm32h7xx_hal_i2c.o)
 .text.HAL_I2C_Init
                0x000000000800a734       0xac ../libDaisy/build/libdaisy.a(stm32h7xx_hal_i2c.o)
                0x000000000800a734                HAL_I2C_Init
 .text.HAL_I2C_Master_Transmit
                0x000000000800a7e0      0x1a8 ../libDaisy/build/libdaisy.a(stm32h7xx_hal_i2c.o)
                0x000000000800a7e0                HAL_I2C_Master_Transmit
 .text.HAL_I2C_Slave_Transmit
                0x000000000800a988      0x1c8 ../libDaisy/build/libdaisy.a(stm32h7xx_hal_i2c.o)
                0x000000000800a988                HAL_I2C_Slave_Transmit
 .text.HAL_I2C_EV_IRQHandler
                0x000000000800ab50       0x10 ../libDaisy/build/libdaisy.a(stm32h7xx_hal_i2c.o)
                0x000000000800ab50                HAL_I2C_EV_IRQHandler
 .text.HAL_I2C_GetState
                0x000000000800ab60        0x8 ../libDaisy/build/libdaisy.a(stm32h7xx_hal_i2c.o)
                0x000000000800ab60                HAL_I2C_GetState
 .text.HAL_I2CEx_ConfigAnalogFilter
                0x000000000800ab68       0x54 ../libDaisy/build/libdaisy.a(stm32h7xx_hal_i2c_ex.o)
                0x000000000800ab68                HAL_I2CEx_ConfigAnalogFilter
 .text.HAL_I2CEx_ConfigDigitalFilter
                0x000000000800abbc       0x58 ../libDaisy/build/libdaisy.a(stm32h7xx_hal_i2c_ex.o)
                0x000000000800abbc                HAL_I2CEx_ConfigDigitalFilter
 .text.HAL_PCD_Init
                0x000000000800ac14      0x12c ../libDaisy/build/libdaisy.a(stm32h7xx_hal_pcd.o)
                0x000000000800ac14                HAL_PCD_Init
 .text.HAL_PCD_Start
                0x000000000800ad40       0x44 ../libDaisy/build/libdaisy.a(stm32h7xx_hal_pcd.o)
                0x000000000800ad40                HAL_PCD_Start
 .text.HAL_PCD_IRQHandler
                0x000000000800ad84      0x69c ../libDaisy/build/libdaisy.a(stm32h7xx_hal_pcd.o)
                0x000000000800ad84                HAL_PCD_IRQHandler
 .text.HAL_PCD_SetAddress
                0x000000000800b420       0x2c ../libDaisy/build/libdaisy.a(stm32h7xx_hal_pcd.o)
                0x000000000800b420                HAL_PCD_SetAddress
 .text.HAL_PCD_EP_Open
                0x000000000800b44c       0x7c ../libDaisy/build/libdaisy.a(stm32h7xx_hal_pcd.o)
                0x000000000800b44c                HAL_PCD_EP_Open
 .text.HAL_PCD_EP_Close
                0x000000000800b4c8       0x6c ../libDaisy/build/libdaisy.a(stm32h7xx_hal_pcd.o)
                0x000000000800b4c8                HAL_PCD_EP_Close
 .text.HAL_PCD_EP_Receive
                0x000000000800b534       0x50 ../libDaisy/build/libdaisy.a(stm32h7xx_hal_pcd.o)
                0x000000000800b534                HAL_PCD_EP_Receive
 .text.HAL_PCD_EP_GetRxCount
                0x000000000800b584       0x14 ../libDaisy/build/libdaisy.a(stm32h7xx_hal_pcd.o)
                0x000000000800b584                HAL_PCD_EP_GetRxCount
 .text.HAL_PCD_EP_Transmit
                0x000000000800b598       0x50 ../libDaisy/build/libdaisy.a(stm32h7xx_hal_pcd.o)
                0x000000000800b598                HAL_PCD_EP_Transmit
 .text.HAL_PCD_EP_SetStall
                0x000000000800b5e8       0x88 ../libDaisy/build/libdaisy.a(stm32h7xx_hal_pcd.o)
                0x000000000800b5e8                HAL_PCD_EP_SetStall
 .text.HAL_PCD_EP_ClrStall
                0x000000000800b670       0x78 ../libDaisy/build/libdaisy.a(stm32h7xx_hal_pcd.o)
                0x000000000800b670                HAL_PCD_EP_ClrStall
 .text.HAL_PCDEx_SetTxFiFo
                0x000000000800b6e8       0x54 ../libDaisy/build/libdaisy.a(stm32h7xx_hal_pcd_ex.o)
                0x000000000800b6e8                HAL_PCDEx_SetTxFiFo
 .text.HAL_PCDEx_SetRxFiFo
                0x000000000800b73c        0xc ../libDaisy/build/libdaisy.a(stm32h7xx_hal_pcd_ex.o)
                0x000000000800b73c                HAL_PCDEx_SetRxFiFo
 .text.HAL_PCDEx_ActivateLPM
                0x000000000800b748       0x30 ../libDaisy/build/libdaisy.a(stm32h7xx_hal_pcd_ex.o)
                0x000000000800b748                HAL_PCDEx_ActivateLPM
 .text.HAL_PCDEx_LPM_Callback
                0x000000000800b778        0x4 ../libDaisy/build/libdaisy.a(stm32h7xx_hal_pcd_ex.o)
                0x000000000800b778                HAL_PCDEx_LPM_Callback
 .text.HAL_PWREx_ConfigSupply
                0x000000000800b77c       0x4c ../libDaisy/build/libdaisy.a(stm32h7xx_hal_pwr_ex.o)
                0x000000000800b77c                HAL_PWREx_ConfigSupply
 .text.HAL_PWREx_EnableUSBVoltageDetector
                0x000000000800b7c8       0x10 ../libDaisy/build/libdaisy.a(stm32h7xx_hal_pwr_ex.o)
                0x000000000800b7c8                HAL_PWREx_EnableUSBVoltageDetector
 .text.QSPI_Config
                0x000000000800b7d8      0x174 ../libDaisy/build/libdaisy.a(stm32h7xx_hal_qspi.o)
 .text.HAL_QSPI_Init
                0x000000000800b94c       0xd8 ../libDaisy/build/libdaisy.a(stm32h7xx_hal_qspi.o)
                0x000000000800b94c                HAL_QSPI_Init
 .text.HAL_QSPI_DeInit
                0x000000000800ba24       0x3c ../libDaisy/build/libdaisy.a(stm32h7xx_hal_qspi.o)
                0x000000000800ba24                HAL_QSPI_DeInit
 .text.HAL_QSPI_Command
                0x000000000800ba60       0xd4 ../libDaisy/build/libdaisy.a(stm32h7xx_hal_qspi.o)
                0x000000000800ba60                HAL_QSPI_Command
 .text.HAL_QSPI_Transmit
                0x000000000800bb34       0xfc ../libDaisy/build/libdaisy.a(stm32h7xx_hal_qspi.o)
                0x000000000800bb34                HAL_QSPI_Transmit
 .text.HAL_QSPI_Receive
                0x000000000800bc30      0x108 ../libDaisy/build/libdaisy.a(stm32h7xx_hal_qspi.o)
                0x000000000800bc30                HAL_QSPI_Receive
 .text.HAL_QSPI_AutoPolling
                0x000000000800bd38       0xf0 ../libDaisy/build/libdaisy.a(stm32h7xx_hal_qspi.o)
                0x000000000800bd38                HAL_QSPI_AutoPolling
 .text.HAL_QSPI_MemoryMapped
                0x000000000800be28       0xc0 ../libDaisy/build/libdaisy.a(stm32h7xx_hal_qspi.o)
                0x000000000800be28                HAL_QSPI_MemoryMapped
 .text.HAL_QSPI_ErrorCallback
                0x000000000800bee8        0x4 ../libDaisy/build/libdaisy.a(stm32h7xx_hal_qspi.o)
                0x000000000800bee8                HAL_QSPI_ErrorCallback
 .text.QSPI_DMAAbortCplt
                0x000000000800beec       0x38 ../libDaisy/build/libdaisy.a(stm32h7xx_hal_qspi.o)
 .text.HAL_QSPI_AbortCpltCallback
                0x000000000800bf24        0x4 ../libDaisy/build/libdaisy.a(stm32h7xx_hal_qspi.o)
                0x000000000800bf24                HAL_QSPI_AbortCpltCallback
 .text.HAL_QSPI_CmdCpltCallback
                0x000000000800bf28        0x4 ../libDaisy/build/libdaisy.a(stm32h7xx_hal_qspi.o)
                0x000000000800bf28                HAL_QSPI_CmdCpltCallback
 .text.HAL_QSPI_RxCpltCallback
                0x000000000800bf2c        0x4 ../libDaisy/build/libdaisy.a(stm32h7xx_hal_qspi.o)
                0x000000000800bf2c                HAL_QSPI_RxCpltCallback
 .text.HAL_QSPI_TxCpltCallback
                0x000000000800bf30        0x4 ../libDaisy/build/libdaisy.a(stm32h7xx_hal_qspi.o)
                0x000000000800bf30                HAL_QSPI_TxCpltCallback
 .text.HAL_QSPI_FifoThresholdCallback
                0x000000000800bf34        0x4 ../libDaisy/build/libdaisy.a(stm32h7xx_hal_qspi.o)
                0x000000000800bf34                HAL_QSPI_FifoThresholdCallback
 .text.HAL_QSPI_StatusMatchCallback
                0x000000000800bf38        0x4 ../libDaisy/build/libdaisy.a(stm32h7xx_hal_qspi.o)
                0x000000000800bf38                HAL_QSPI_StatusMatchCallback
 .text.HAL_QSPI_TimeOutCallback
                0x000000000800bf3c        0x4 ../libDaisy/build/libdaisy.a(stm32h7xx_hal_qspi.o)
                0x000000000800bf3c                HAL_QSPI_TimeOutCallback
 .text.HAL_QSPI_IRQHandler
                0x000000000800bf40      0x210 ../libDaisy/build/libdaisy.a(stm32h7xx_hal_qspi.o)
                0x000000000800bf40                HAL_QSPI_IRQHandler
 .text.HAL_RCC_OscConfig
                0x000000000800c150      0x51c ../libDaisy/build/libdaisy.a(stm32h7xx_hal_rcc.o)
                0x000000000800c150                HAL_RCC_OscConfig
 .text.HAL_RCC_GetSysClockFreq
                0x000000000800c66c      0x140 ../libDaisy/build/libdaisy.a(stm32h7xx_hal_rcc.o)
                0x000000000800c66c                HAL_RCC_GetSysClockFreq
 .text.HAL_RCC_ClockConfig
                0x000000000800c7ac      0x234 ../libDaisy/build/libdaisy.a(stm32h7xx_hal_rcc.o)
                0x000000000800c7ac                HAL_RCC_ClockConfig
 .text.HAL_RCC_GetHCLKFreq
                0x000000000800c9e0       0x2c ../libDaisy/build/libdaisy.a(stm32h7xx_hal_rcc.o)
                0x000000000800c9e0                HAL_RCC_GetHCLKFreq
 .text.HAL_RCC_GetPCLK1Freq
                0x000000000800ca0c       0x38 ../libDaisy/build/libdaisy.a(stm32h7xx_hal_rcc.o)
                0x000000000800ca0c                HAL_RCC_GetPCLK1Freq
 .text.HAL_RCC_GetPCLK2Freq
                0x000000000800ca44       0x38 ../libDaisy/build/libdaisy.a(stm32h7xx_hal_rcc.o)
                0x000000000800ca44                HAL_RCC_GetPCLK2Freq
 .text.RCCEx_PLL2_Config
                0x000000000800ca7c       0xf4 ../libDaisy/build/libdaisy.a(stm32h7xx_hal_rcc_ex.o)
 .text.RCCEx_PLL3_Config
                0x000000000800cb70       0xf4 ../libDaisy/build/libdaisy.a(stm32h7xx_hal_rcc_ex.o)
 .text.HAL_RCCEx_PeriphCLKConfig
                0x000000000800cc64      0xa7c ../libDaisy/build/libdaisy.a(stm32h7xx_hal_rcc_ex.o)
                0x000000000800cc64                HAL_RCCEx_PeriphCLKConfig
 .text.HAL_RCCEx_GetD3PCLK1Freq
                0x000000000800d6e0       0x24 ../libDaisy/build/libdaisy.a(stm32h7xx_hal_rcc_ex.o)
                0x000000000800d6e0                HAL_RCCEx_GetD3PCLK1Freq
 .text.HAL_RCCEx_GetPLL2ClockFreq
                0x000000000800d704      0x17c ../libDaisy/build/libdaisy.a(stm32h7xx_hal_rcc_ex.o)
                0x000000000800d704                HAL_RCCEx_GetPLL2ClockFreq
 .text.HAL_RCCEx_GetPLL3ClockFreq
                0x000000000800d880      0x17c ../libDaisy/build/libdaisy.a(stm32h7xx_hal_rcc_ex.o)
                0x000000000800d880                HAL_RCCEx_GetPLL3ClockFreq
 .text.HAL_RCCEx_GetPLL1ClockFreq
                0x000000000800d9fc      0x17c ../libDaisy/build/libdaisy.a(stm32h7xx_hal_rcc_ex.o)
                0x000000000800d9fc                HAL_RCCEx_GetPLL1ClockFreq
 .text.HAL_RCCEx_GetPeriphCLKFreq
                0x000000000800db78      0x198 ../libDaisy/build/libdaisy.a(stm32h7xx_hal_rcc_ex.o)
                0x000000000800db78                HAL_RCCEx_GetPeriphCLKFreq
 .text.HAL_RCCEx_GetD1SysClockFreq
                0x000000000800dd10       0x2c ../libDaisy/build/libdaisy.a(stm32h7xx_hal_rcc_ex.o)
                0x000000000800dd10                HAL_RCCEx_GetD1SysClockFreq
 .text.HAL_SAI_Init.part.0
                0x000000000800dd3c      0x348 ../libDaisy/build/libdaisy.a(stm32h7xx_hal_sai.o)
 .text.HAL_SAI_InitProtocol
                0x000000000800e084      0x178 ../libDaisy/build/libdaisy.a(stm32h7xx_hal_sai.o)
                0x000000000800e084                HAL_SAI_InitProtocol
 .text.SD_FindSCR
                0x000000000800e1fc       0xe4 ../libDaisy/build/libdaisy.a(stm32h7xx_hal_sd.o)
 .text.SD_HighSpeed
                0x000000000800e2e0      0x114 ../libDaisy/build/libdaisy.a(stm32h7xx_hal_sd.o)
 .text.HAL_SD_ReadBlocks_DMA
                0x000000000800e3f4      0x114 ../libDaisy/build/libdaisy.a(stm32h7xx_hal_sd.o)
                0x000000000800e3f4                HAL_SD_ReadBlocks_DMA
 .text.HAL_SD_WriteBlocks_DMA
                0x000000000800e508      0x108 ../libDaisy/build/libdaisy.a(stm32h7xx_hal_sd.o)
                0x000000000800e508                HAL_SD_WriteBlocks_DMA
 .text.HAL_SD_ErrorCallback
                0x000000000800e610        0x4 ../libDaisy/build/libdaisy.a(stm32h7xx_hal_sd.o)
                0x000000000800e610                HAL_SD_ErrorCallback
 .text.HAL_SD_GetCardCSD
                0x000000000800e614      0x17c ../libDaisy/build/libdaisy.a(stm32h7xx_hal_sd.o)
                0x000000000800e614                HAL_SD_GetCardCSD
 .text.HAL_SD_InitCard
                0x000000000800e790      0x1f4 ../libDaisy/build/libdaisy.a(stm32h7xx_hal_sd.o)
                0x000000000800e790                HAL_SD_InitCard
 .text.HAL_SD_GetCardStatus
                0x000000000800e984      0x178 ../libDaisy/build/libdaisy.a(stm32h7xx_hal_sd.o)
                0x000000000800e984                HAL_SD_GetCardStatus
 .text.HAL_SD_GetCardInfo
                0x000000000800eafc       0x28 ../libDaisy/build/libdaisy.a(stm32h7xx_hal_sd.o)
                0x000000000800eafc                HAL_SD_GetCardInfo
 .text.HAL_SD_ConfigWideBusOperation
                0x000000000800eb24      0x12c ../libDaisy/build/libdaisy.a(stm32h7xx_hal_sd.o)
                0x000000000800eb24                HAL_SD_ConfigWideBusOperation
 .text.HAL_SD_Init
                0x000000000800ec50       0xc8 ../libDaisy/build/libdaisy.a(stm32h7xx_hal_sd.o)
                0x000000000800ec50                HAL_SD_Init
 .text.HAL_SD_ConfigSpeedBusOperation
                0x000000000800ed18       0xc0 ../libDaisy/build/libdaisy.a(stm32h7xx_hal_sd.o)
                0x000000000800ed18                HAL_SD_ConfigSpeedBusOperation
 .text.HAL_SD_GetCardState
                0x000000000800edd8       0x28 ../libDaisy/build/libdaisy.a(stm32h7xx_hal_sd.o)
                0x000000000800edd8                HAL_SD_GetCardState
 .text.HAL_SDEx_Read_DMADoubleBuf0CpltCallback
                0x000000000800ee00        0x4 ../libDaisy/build/libdaisy.a(stm32h7xx_hal_sd.o)
                0x000000000800ee00                HAL_SDEx_Read_DMADoubleBuf0CpltCallback
 .text.HAL_SDEx_Read_DMADoubleBuf1CpltCallback
                0x000000000800ee04        0x4 ../libDaisy/build/libdaisy.a(stm32h7xx_hal_sd.o)
                0x000000000800ee04                HAL_SDEx_Read_DMADoubleBuf1CpltCallback
 .text.HAL_SDEx_Write_DMADoubleBuf0CpltCallback
                0x000000000800ee08        0x4 ../libDaisy/build/libdaisy.a(stm32h7xx_hal_sd.o)
                0x000000000800ee08                HAL_SDEx_Write_DMADoubleBuf0CpltCallback
 .text.HAL_SDEx_Write_DMADoubleBuf1CpltCallback
                0x000000000800ee0c        0x4 ../libDaisy/build/libdaisy.a(stm32h7xx_hal_sd.o)
                0x000000000800ee0c                HAL_SDEx_Write_DMADoubleBuf1CpltCallback
 .text.HAL_SD_IRQHandler
                0x000000000800ee10      0x248 ../libDaisy/build/libdaisy.a(stm32h7xx_hal_sd.o)
                0x000000000800ee10                HAL_SD_IRQHandler
 .text.HAL_SDRAM_Init
                0x000000000800f058       0x54 ../libDaisy/build/libdaisy.a(stm32h7xx_hal_sdram.o)
                0x000000000800f058                HAL_SDRAM_Init
 .text.HAL_SDRAM_SendCommand
                0x000000000800f0ac       0x40 ../libDaisy/build/libdaisy.a(stm32h7xx_hal_sdram.o)
                0x000000000800f0ac                HAL_SDRAM_SendCommand
 .text.HAL_SDRAM_ProgramRefreshRate
                0x000000000800f0ec       0x30 ../libDaisy/build/libdaisy.a(stm32h7xx_hal_sdram.o)
                0x000000000800f0ec                HAL_SDRAM_ProgramRefreshRate
 .text.HAL_UART_Transmit_DMA
                0x000000000800f11c       0xa4 ../libDaisy/build/libdaisy.a(stm32h7xx_hal_uart.o)
                0x000000000800f11c                HAL_UART_Transmit_DMA
 .text.HAL_UART_Receive_DMA
                0x000000000800f1c0       0xac ../libDaisy/build/libdaisy.a(stm32h7xx_hal_uart.o)
                0x000000000800f1c0                HAL_UART_Receive_DMA
 .text.UART_DMATransmitCplt
                0x000000000800f26c       0x2c ../libDaisy/build/libdaisy.a(stm32h7xx_hal_uart.o)
 .text.HAL_UART_TxHalfCpltCallback
                0x000000000800f298        0x4 ../libDaisy/build/libdaisy.a(stm32h7xx_hal_uart.o)
                0x000000000800f298                HAL_UART_TxHalfCpltCallback
 .text.UART_DMATxHalfCplt
                0x000000000800f29c        0xc ../libDaisy/build/libdaisy.a(stm32h7xx_hal_uart.o)
 .text.UART_DMAReceiveCplt
                0x000000000800f2a8       0x38 ../libDaisy/build/libdaisy.a(stm32h7xx_hal_uart.o)
 .text.UART_DMARxHalfCplt
                0x000000000800f2e0        0xc ../libDaisy/build/libdaisy.a(stm32h7xx_hal_uart.o)
 .text.UART_DMAError
                0x000000000800f2ec       0x78 ../libDaisy/build/libdaisy.a(stm32h7xx_hal_uart.o)
 .text.HAL_UART_IRQHandler
                0x000000000800f364      0x1d0 ../libDaisy/build/libdaisy.a(stm32h7xx_hal_uart.o)
                0x000000000800f364                HAL_UART_IRQHandler
 .text.UART_DMAAbortOnError
                0x000000000800f534       0x14 ../libDaisy/build/libdaisy.a(stm32h7xx_hal_uart.o)
 .text.HAL_UART_GetState
                0x000000000800f548        0xc ../libDaisy/build/libdaisy.a(stm32h7xx_hal_uart.o)
                0x000000000800f548                HAL_UART_GetState
 .text.UART_SetConfig
                0x000000000800f554     0x14b8 ../libDaisy/build/libdaisy.a(stm32h7xx_hal_uart.o)
                0x000000000800f554                UART_SetConfig
 .text.UART_AdvFeatureConfig
                0x0000000008010a0c       0xb0 ../libDaisy/build/libdaisy.a(stm32h7xx_hal_uart.o)
                0x0000000008010a0c                UART_AdvFeatureConfig
 .text.UART_CheckIdleState
                0x0000000008010abc       0x84 ../libDaisy/build/libdaisy.a(stm32h7xx_hal_uart.o)
                0x0000000008010abc                UART_CheckIdleState
 .text.HAL_UART_Init
                0x0000000008010b40       0x68 ../libDaisy/build/libdaisy.a(stm32h7xx_hal_uart.o)
                0x0000000008010b40                HAL_UART_Init
 .text.HAL_UARTEx_WakeupCallback
                0x0000000008010ba8        0x4 ../libDaisy/build/libdaisy.a(stm32h7xx_hal_uart_ex.o)
                0x0000000008010ba8                HAL_UARTEx_WakeupCallback
 .text.HAL_UARTEx_RxFifoFullCallback
                0x0000000008010bac        0x4 ../libDaisy/build/libdaisy.a(stm32h7xx_hal_uart_ex.o)
                0x0000000008010bac                HAL_UARTEx_RxFifoFullCallback
 .text.HAL_UARTEx_TxFifoEmptyCallback
                0x0000000008010bb0        0x4 ../libDaisy/build/libdaisy.a(stm32h7xx_hal_uart_ex.o)
                0x0000000008010bb0                HAL_UARTEx_TxFifoEmptyCallback
 .text.HAL_UARTEx_DisableFifoMode
                0x0000000008010bb4       0x3c ../libDaisy/build/libdaisy.a(stm32h7xx_hal_uart_ex.o)
                0x0000000008010bb4                HAL_UARTEx_DisableFifoMode
 .text.HAL_UARTEx_SetTxFifoThreshold
                0x0000000008010bf0       0xa4 ../libDaisy/build/libdaisy.a(stm32h7xx_hal_uart_ex.o)
                0x0000000008010bf0                HAL_UARTEx_SetTxFifoThreshold
 .text.HAL_UARTEx_SetRxFifoThreshold
                0x0000000008010c94       0xa4 ../libDaisy/build/libdaisy.a(stm32h7xx_hal_uart_ex.o)
                0x0000000008010c94                HAL_UARTEx_SetRxFifoThreshold
 .text.FMC_SDRAM_Init
                0x0000000008010d38       0x7c ../libDaisy/build/libdaisy.a(stm32h7xx_ll_fmc.o)
                0x0000000008010d38                FMC_SDRAM_Init
 .text.FMC_SDRAM_Timing_Init
                0x0000000008010db4       0x98 ../libDaisy/build/libdaisy.a(stm32h7xx_ll_fmc.o)
                0x0000000008010db4                FMC_SDRAM_Timing_Init
 .text.FMC_SDRAM_SendCommand
                0x0000000008010e4c       0x28 ../libDaisy/build/libdaisy.a(stm32h7xx_ll_fmc.o)
                0x0000000008010e4c                FMC_SDRAM_SendCommand
 .text.FMC_SDRAM_ProgramRefreshRate
                0x0000000008010e74       0x1c ../libDaisy/build/libdaisy.a(stm32h7xx_ll_fmc.o)
                0x0000000008010e74                FMC_SDRAM_ProgramRefreshRate
 .text.SDMMC_Init
                0x0000000008010e90       0x38 ../libDaisy/build/libdaisy.a(stm32h7xx_ll_sdmmc.o)
                0x0000000008010e90                SDMMC_Init
 .text.SDMMC_ReadFIFO
                0x0000000008010ec8        0x8 ../libDaisy/build/libdaisy.a(stm32h7xx_ll_sdmmc.o)
                0x0000000008010ec8                SDMMC_ReadFIFO
 .text.SDMMC_WriteFIFO
                0x0000000008010ed0        0xc ../libDaisy/build/libdaisy.a(stm32h7xx_ll_sdmmc.o)
                0x0000000008010ed0                SDMMC_WriteFIFO
 .text.SDMMC_PowerState_ON
                0x0000000008010edc       0x18 ../libDaisy/build/libdaisy.a(stm32h7xx_ll_sdmmc.o)
                0x0000000008010edc                SDMMC_PowerState_ON
 .text.SDMMC_GetPowerState
                0x0000000008010ef4        0x8 ../libDaisy/build/libdaisy.a(stm32h7xx_ll_sdmmc.o)
                0x0000000008010ef4                SDMMC_GetPowerState
 .text.SDMMC_GetResponse
                0x0000000008010efc        0x8 ../libDaisy/build/libdaisy.a(stm32h7xx_ll_sdmmc.o)
                0x0000000008010efc                SDMMC_GetResponse
 .text.SDMMC_ConfigData
                0x0000000008010f04       0x2c ../libDaisy/build/libdaisy.a(stm32h7xx_ll_sdmmc.o)
                0x0000000008010f04                SDMMC_ConfigData
 .text.SDMMC_CmdBlockLength
                0x0000000008010f30      0x14c ../libDaisy/build/libdaisy.a(stm32h7xx_ll_sdmmc.o)
                0x0000000008010f30                SDMMC_CmdBlockLength
 .text.SDMMC_CmdReadSingleBlock
                0x000000000801107c      0x14c ../libDaisy/build/libdaisy.a(stm32h7xx_ll_sdmmc.o)
                0x000000000801107c                SDMMC_CmdReadSingleBlock
 .text.SDMMC_CmdReadMultiBlock
                0x00000000080111c8      0x14c ../libDaisy/build/libdaisy.a(stm32h7xx_ll_sdmmc.o)
                0x00000000080111c8                SDMMC_CmdReadMultiBlock
 .text.SDMMC_CmdWriteSingleBlock
                0x0000000008011314      0x14c ../libDaisy/build/libdaisy.a(stm32h7xx_ll_sdmmc.o)
                0x0000000008011314                SDMMC_CmdWriteSingleBlock
 .text.SDMMC_CmdWriteMultiBlock
                0x0000000008011460      0x14c ../libDaisy/build/libdaisy.a(stm32h7xx_ll_sdmmc.o)
                0x0000000008011460                SDMMC_CmdWriteMultiBlock
 .text.SDMMC_CmdStopTransfer
                0x00000000080115ac      0x168 ../libDaisy/build/libdaisy.a(stm32h7xx_ll_sdmmc.o)
                0x00000000080115ac                SDMMC_CmdStopTransfer
 .text.SDMMC_CmdSelDesel
                0x0000000008011714      0x14c ../libDaisy/build/libdaisy.a(stm32h7xx_ll_sdmmc.o)
                0x0000000008011714                SDMMC_CmdSelDesel
 .text.SDMMC_CmdGoIdleState
                0x0000000008011860       0x58 ../libDaisy/build/libdaisy.a(stm32h7xx_ll_sdmmc.o)
                0x0000000008011860                SDMMC_CmdGoIdleState
 .text.SDMMC_CmdOperCond
                0x00000000080118b8       0x80 ../libDaisy/build/libdaisy.a(stm32h7xx_ll_sdmmc.o)
                0x00000000080118b8                SDMMC_CmdOperCond
 .text.SDMMC_CmdAppCommand
                0x0000000008011938      0x14c ../libDaisy/build/libdaisy.a(stm32h7xx_ll_sdmmc.o)
                0x0000000008011938                SDMMC_CmdAppCommand
 .text.SDMMC_CmdAppOperCommand
                0x0000000008011a84       0x74 ../libDaisy/build/libdaisy.a(stm32h7xx_ll_sdmmc.o)
                0x0000000008011a84                SDMMC_CmdAppOperCommand
 .text.SDMMC_CmdBusWidth
                0x0000000008011af8      0x14c ../libDaisy/build/libdaisy.a(stm32h7xx_ll_sdmmc.o)
                0x0000000008011af8                SDMMC_CmdBusWidth
 .text.SDMMC_CmdSendSCR
                0x0000000008011c44      0x150 ../libDaisy/build/libdaisy.a(stm32h7xx_ll_sdmmc.o)
                0x0000000008011c44                SDMMC_CmdSendSCR
 .text.SDMMC_CmdSendCID
                0x0000000008011d94       0x7c ../libDaisy/build/libdaisy.a(stm32h7xx_ll_sdmmc.o)
                0x0000000008011d94                SDMMC_CmdSendCID
 .text.SDMMC_CmdSendCSD
                0x0000000008011e10       0x80 ../libDaisy/build/libdaisy.a(stm32h7xx_ll_sdmmc.o)
                0x0000000008011e10                SDMMC_CmdSendCSD
 .text.SDMMC_CmdSetRelAdd
                0x0000000008011e90       0xb0 ../libDaisy/build/libdaisy.a(stm32h7xx_ll_sdmmc.o)
                0x0000000008011e90                SDMMC_CmdSetRelAdd
 .text.SDMMC_CmdSendStatus
                0x0000000008011f40      0x14c ../libDaisy/build/libdaisy.a(stm32h7xx_ll_sdmmc.o)
                0x0000000008011f40                SDMMC_CmdSendStatus
 .text.SDMMC_CmdStatusRegister
                0x000000000801208c      0x150 ../libDaisy/build/libdaisy.a(stm32h7xx_ll_sdmmc.o)
                0x000000000801208c                SDMMC_CmdStatusRegister
 .text.SDMMC_CmdSwitch
                0x00000000080121dc      0x14c ../libDaisy/build/libdaisy.a(stm32h7xx_ll_sdmmc.o)
                0x00000000080121dc                SDMMC_CmdSwitch
 .text.USB_CoreInit
                0x0000000008012328      0x124 ../libDaisy/build/libdaisy.a(stm32h7xx_ll_usb.o)
                0x0000000008012328                USB_CoreInit
 .text.USB_SetTurnaroundTime
                0x000000000801244c      0x104 ../libDaisy/build/libdaisy.a(stm32h7xx_ll_usb.o)
                0x000000000801244c                USB_SetTurnaroundTime
 .text.USB_EnableGlobalInt
                0x0000000008012550       0x10 ../libDaisy/build/libdaisy.a(stm32h7xx_ll_usb.o)
                0x0000000008012550                USB_EnableGlobalInt
 .text.USB_DisableGlobalInt
                0x0000000008012560       0x10 ../libDaisy/build/libdaisy.a(stm32h7xx_ll_usb.o)
                0x0000000008012560                USB_DisableGlobalInt
 .text.USB_SetCurrentMode
                0x0000000008012570       0x30 ../libDaisy/build/libdaisy.a(stm32h7xx_ll_usb.o)
                0x0000000008012570                USB_SetCurrentMode
 .text.USB_DevInit
                0x00000000080125a0      0x20c ../libDaisy/build/libdaisy.a(stm32h7xx_ll_usb.o)
                0x00000000080125a0                USB_DevInit
 .text.USB_FlushTxFifo
                0x00000000080127ac       0x34 ../libDaisy/build/libdaisy.a(stm32h7xx_ll_usb.o)
                0x00000000080127ac                USB_FlushTxFifo
 .text.USB_GetDevSpeed
                0x00000000080127e0       0x24 ../libDaisy/build/libdaisy.a(stm32h7xx_ll_usb.o)
                0x00000000080127e0                USB_GetDevSpeed
 .text.USB_ActivateEndpoint
                0x0000000008012804       0x90 ../libDaisy/build/libdaisy.a(stm32h7xx_ll_usb.o)
                0x0000000008012804                USB_ActivateEndpoint
 .text.USB_DeactivateEndpoint
                0x0000000008012894       0x84 ../libDaisy/build/libdaisy.a(stm32h7xx_ll_usb.o)
                0x0000000008012894                USB_DeactivateEndpoint
 .text.USB_EPStartXfer
                0x0000000008012918      0x230 ../libDaisy/build/libdaisy.a(stm32h7xx_ll_usb.o)
                0x0000000008012918                USB_EPStartXfer
 .text.USB_EP0StartXfer
                0x0000000008012b48      0x174 ../libDaisy/build/libdaisy.a(stm32h7xx_ll_usb.o)
                0x0000000008012b48                USB_EP0StartXfer
 .text.USB_WritePacket