Archive member included to satisfy reference by file (symbol)

../libDaisy/build/libdaisy.a(daisy_pod.o)
                              build/GrannyChordApp.o (daisy::DaisyPod::StartAudio(void (*)(float const* const*, float**, unsigned int)))
../libDaisy/build/libdaisy.a(daisy_seed.o)
                              ../libDaisy/build/libdaisy.a(daisy_pod.o) (daisy::DaisySeed::Configure())
../libDaisy/build/libdaisy.a(codec_ak4556.o)
                              ../libDaisy/build/libdaisy.a(daisy_seed.o) (daisy::Ak4556::Init(dsy_gpio_pin))
../libDaisy/build/libdaisy.a(codec_wm8731.o)
                              ../libDaisy/build/libdaisy.a(daisy_seed.o) (daisy::Wm8731::Init(daisy::Wm8731::Config const&, daisy::I2CHandle))
../libDaisy/build/libdaisy.a(sdram.o)
                              ../libDaisy/build/libdaisy.a(daisy_seed.o) (SdramHandle::Init())
../libDaisy/build/libdaisy.a(audio.o)
                              ../libDaisy/build/libdaisy.a(daisy_seed.o) (daisy::AudioHandle::Init(daisy::AudioHandle::Config const&, daisy::SaiHandle))
../libDaisy/build/libdaisy.a(ctrl.o)
                              ../libDaisy/build/libdaisy.a(daisy_pod.o) (daisy::AnalogControl::Init(unsigned short*, float, bool, bool, float))
../libDaisy/build/libdaisy.a(encoder.o)
                              ../libDaisy/build/libdaisy.a(daisy_pod.o) (daisy::Encoder::Init(dsy_gpio_pin, dsy_gpio_pin, dsy_gpio_pin, float))
../libDaisy/build/libdaisy.a(logger.o)
                              build/main.o (daisy::Logger<(daisy::LoggerDestination)1>::PrintLine(char const*, ...))
../libDaisy/build/libdaisy.a(midi.o)
                              build/main.o (daisy::MidiUartTransport::Config::Config())
../libDaisy/build/libdaisy.a(midi_parser.o)
                              ../libDaisy/build/libdaisy.a(daisy_pod.o) (daisy::MidiParser::Reset())
../libDaisy/build/libdaisy.a(rgb_led.o)
                              ../libDaisy/build/libdaisy.a(daisy_pod.o) (daisy::RgbLed::Init(dsy_gpio_pin, dsy_gpio_pin, dsy_gpio_pin, bool))
../libDaisy/build/libdaisy.a(switch.o)
                              ../libDaisy/build/libdaisy.a(daisy_pod.o) (daisy::Switch::Init(dsy_gpio_pin, float))
../libDaisy/build/libdaisy.a(usb.o)
                              ../libDaisy/build/libdaisy.a(logger.o) (daisy::UsbHandle::Init(daisy::UsbHandle::UsbPeriph))
../libDaisy/build/libdaisy.a(adc.o)
                              ../libDaisy/build/libdaisy.a(daisy_pod.o) (daisy::AdcChannelConfig::InitSingle(dsy_gpio_pin, daisy::AdcChannelConfig::ConversionSpeed))
../libDaisy/build/libdaisy.a(gpio.o)
                              ../libDaisy/build/libdaisy.a(daisy_seed.o) (daisy::GPIO::Init(daisy::Pin, daisy::GPIO::Mode, daisy::GPIO::Pull, daisy::GPIO::Speed))
../libDaisy/build/libdaisy.a(i2c.o)
                              ../libDaisy/build/libdaisy.a(daisy_seed.o) (daisy::I2CHandle::Init(daisy::I2CHandle::Config const&))
../libDaisy/build/libdaisy.a(qspi.o)
                              ../libDaisy/build/libdaisy.a(daisy_seed.o) (daisy::QSPIHandle::Init(daisy::QSPIHandle::Config const&))
../libDaisy/build/libdaisy.a(sai.o)
                              ../libDaisy/build/libdaisy.a(daisy_seed.o) (daisy::SaiHandle::Init(daisy::SaiHandle::Config const&))
../libDaisy/build/libdaisy.a(sdmmc.o)
                              build/AudioFileManager.o (daisy::SdmmcHandler::Init(daisy::SdmmcHandler::Config const&))
../libDaisy/build/libdaisy.a(uart.o)
                              ../libDaisy/build/libdaisy.a(daisy_pod.o) (daisy::UartHandler::Init(daisy::UartHandler::Config const&))
../libDaisy/build/libdaisy.a(dma.o)
                              ../libDaisy/build/libdaisy.a(uart.o) (dsy_dma_invalidate_cache_for_buffer)
../libDaisy/build/libdaisy.a(fatfs.o)
                              build/AudioFileManager.o (daisy::FatFSInterface::Init(unsigned char))
../libDaisy/build/libdaisy.a(system.o)
                              ../libDaisy/build/libdaisy.a(daisy_seed.o) (daisy::System::DeInit())
../libDaisy/build/libdaisy.a(system_stm32h7xx.o)
                              build/startup_stm32h750xx.o (SystemInit)
../libDaisy/build/libdaisy.a(usbd_cdc_if.o)
                              ../libDaisy/build/libdaisy.a(usb.o) (CDC_Transmit_FS)
../libDaisy/build/libdaisy.a(usbd_conf.o)
                              ../libDaisy/build/libdaisy.a(system.o) (hpcd_USB_OTG_HS)
../libDaisy/build/libdaisy.a(usbd_desc.o)
                              ../libDaisy/build/libdaisy.a(usb.o) (HS_Desc)
../libDaisy/build/libdaisy.a(usbh_conf.o)
                              ../libDaisy/build/libdaisy.a(system.o) (hhcd_USB_OTG_HS)
../libDaisy/build/libdaisy.a(color.o)
                              ../libDaisy/build/libdaisy.a(daisy_pod.o) (daisy::Color::Init(daisy::Color::PresetColor))
../libDaisy/build/libdaisy.a(hal_map.o)
                              ../libDaisy/build/libdaisy.a(gpio.o) (dsy_hal_map_get_port)
../libDaisy/build/libdaisy.a(sd_diskio.o)
[...]
Memory Configuration

Name             Origin             Length             Attributes
FLASH            0x0000000008000000 0x0000000000020000 xr
DTCMRAM          0x0000000020000000 0x0000000000020000 xrw
SRAM             0x0000000024000000 0x0000000000080000 xrw
RAM_D2           0x0000000030000000 0x0000000000048000 xrw
RAM_D3           0x0000000038000000 0x0000000000010000 xrw
BACKUP_SRAM      0x0000000038800000 0x0000000000001000 xrw
ITCMRAM          0x0000000000000000 0x0000000000010000 xrw
SDRAM            0x00000000c0000000 0x0000000004000000 xrw
QSPIFLASH        0x0000000090000000 0x0000000000800000 xr
*default*        0x0000000000000000 0xffffffffffffffff

Linker script and memory map

LOAD /Library/DaisyToolchain/0.2.0/arm/bin/../lib/gcc/arm-none-eabi/10.3.1/thumb/v7e-m+dp/hard/crti.o
LOAD /Library/DaisyToolchain/0.2.0/arm/bin/../lib/gcc/arm-none-eabi/10.3.1/thumb/v7e-m+dp/hard/crtbegin.o
LOAD /Library/DaisyToolchain/0.2.0/arm/bin/../lib/gcc/arm-none-eabi/10.3.1/../../../../arm-none-eabi/lib/thumb/v7e-m+dp/hard/crt0.o
LOAD build/startup_stm32h750xx.o
LOAD build/diskio.o
LOAD build/ff.o
LOAD build/ff_gen_drv.o
LOAD build/ccsbcs.o
LOAD build/main.o
LOAD build/AudioFileManager.o
LOAD build/GranularSynth.o
LOAD build/GrannyChordApp.o
LOAD build/Grain.o
LOAD ../libDaisy/build/libdaisy.a
LOAD /Library/DaisyToolchain/0.2.0/arm/bin/../lib/gcc/arm-none-eabi/10.3.1/../../../../arm-none-eabi/lib/thumb/v7e-m+dp/hard/libnosys.a
LOAD ../DaisySP/build/libdaisysp.a
LOAD ../DaisySP/DaisySP-LGPL/build/libdaisysp-lgpl.a
LOAD /Library/DaisyToolchain/0.2.0/arm/bin/../lib/gcc/arm-none-eabi/10.3.1/../../../../arm-none-eabi/lib/thumb/v7e-m+dp/hard/libstdc++_nano.a
LOAD /Library/DaisyToolchain/0.2.0/arm/bin/../lib/gcc/arm-none-eabi/10.3.1/../../../../arm-none-eabi/lib/thumb/v7e-m+dp/hard/libm.a
LOAD /Library/DaisyToolchain/0.2.0/arm/bin/../lib/gcc/arm-none-eabi/10.3.1/../../../../arm-none-eabi/lib/thumb/v7e-m+dp/hard/libc_nano.a
START GROUP
LOAD /Library/DaisyToolchain/0.2.0/arm/bin/../lib/gcc/arm-none-eabi/10.3.1/thumb/v7e-m+dp/hard/libgcc.a
LOAD /Library/DaisyToolchain/0.2.0/arm/bin/../lib/gcc/arm-none-eabi/10.3.1/../../../../arm-none-eabi/lib/thumb/v7e-m+dp/hard/libc_nano.a
END GROUP
START GROUP
LOAD /Library/DaisyToolchain/0.2.0/arm/bin/../lib/gcc/arm-none-eabi/10.3.1/thumb/v7e-m+dp/hard/libgcc.a
LOAD /Library/DaisyToolchain/0.2.0/arm/bin/../lib/gcc/arm-none-eabi/10.3.1/../../../../arm-none-eabi/lib/thumb/v7e-m+dp/hard/libc_nano.a
LOAD /Library/DaisyToolchain/0.2.0/arm/bin/../lib/gcc/arm-none-eabi/10.3.1/../../../../arm-none-eabi/lib/thumb/v7e-m+dp/hard/libnosys.a
END GROUP
START GROUP
LOAD /Library/DaisyToolchain/0.2.0/arm/bin/../lib/gcc/arm-none-eabi/10.3.1/thumb/v7e-m+dp/hard/libgcc.a
LOAD /Library/DaisyToolchain/0.2.0/arm/bin/../lib/gcc/arm-none-eabi/10.3.1/../../../../arm-none-eabi/lib/thumb/v7e-m+dp/hard/libc_nano.a
LOAD /Library/DaisyToolchain/0.2.0/arm/bin/../lib/gcc/arm-none-eabi/10.3.1/../../../../arm-none-eabi/lib/thumb/v7e-m+dp/hard/libnosys.a
END GROUP
LOAD /Library/DaisyToolchain/0.2.0/arm/bin/../lib/gcc/arm-none-eabi/10.3.1/thumb/v7e-m+dp/hard/crtend.o
LOAD /Library/DaisyToolchain/0.2.0/arm/bin/../lib/gcc/arm-none-eabi/10.3.1/thumb/v7e-m+dp/hard/crtn.o
                0x0000000020020000                _estack = 0x20020000

.isr_vector     0x0000000008000000      0x298
                0x0000000008000000                . = ALIGN (0x4)
 *(.isr_vector)
 .isr_vector    0x0000000008000000      0x298 build/startup_stm32h750xx.o
                0x0000000008000000                g_pfnVectors
                0x0000000008000298                . = ALIGN (0x4)

.text           0x00000000080002a0    0x1e194
                0x00000000080002a0                . = ALIGN (0x4)
                0x00000000080002a0                _stext = .
 *(.text)
 .text          0x00000000080002a0       0x40 /Library/DaisyToolchain/0.2.0/arm/bin/../lib/gcc/arm-none-eabi/10.3.1/thumb/v7e-m+dp/hard/crtbegin.o
 .text          0x00000000080002e0       0x10 /Library/DaisyToolchain/0.2.0/arm/bin/../lib/gcc/arm-none-eabi/10.3.1/../../../../arm-none-eabi/lib/thumb/v7e-m+dp/hard/libc_nano.a(lib_a-strlen.o)
                0x00000000080002e0                strlen
 .text          0x00000000080002f0       0xa0 /Library/DaisyToolchain/0.2.0/arm/bin/../lib/gcc/arm-none-eabi/10.3.1/../../../../arm-none-eabi/lib/thumb/v7e-m+dp/hard/libc_nano.a(lib_a-memchr.o)
                0x00000000080002f0                memchr
 .text          0x0000000008000390       0x30 /Library/DaisyToolchain/0.2.0/arm/bin/../lib/gcc/arm-none-eabi/10.3.1/thumb/v7e-m+dp/hard/libgcc.a(_aeabi_uldivmod.o)
                0x0000000008000390                __aeabi_uldivmod
 .text          0x00000000080003c0      0x2d0 /Library/DaisyToolchain/0.2.0/arm/bin/../lib/gcc/arm-none-eabi/10.3.1/thumb/v7e-m+dp/hard/libgcc.a(_udivmoddi4.o)
                0x00000000080003c0                __udivmoddi4
 .text          0x0000000008000690        0x4 /Library/DaisyToolchain/0.2.0/arm/bin/../lib/gcc/arm-none-eabi/10.3.1/thumb/v7e-m+dp/hard/libgcc.a(_dvmd_tls.o)
                0x0000000008000690                __aeabi_ldiv0
                0x0000000008000690                __aeabi_idiv0
 *(.text*)
 .text.Default_Handler
                0x0000000008000694        0x2 build/startup_stm32h750xx.o
                0x0000000008000694                SAI1_IRQHandler
                0x0000000008000694                HASH_RNG_IRQHandler
                0x0000000008000694                EXTI2_IRQHandler
                0x0000000008000694                TIM8_CC_IRQHandler
                0x0000000008000694                HRTIM1_Master_IRQHandler
                0x0000000008000694                DebugMon_Handler
                0x0000000008000694                TIM1_CC_IRQHandler
                0x0000000008000694                BDMA_Channel6_IRQHandler
                0x0000000008000694                DMA2_Stream5_IRQHandler
                0x0000000008000694                HRTIM1_FLT_IRQHandler
                0x0000000008000694                JPEG_IRQHandler
                0x0000000008000694                BDMA_Channel1_IRQHandler
                0x0000000008000694                HRTIM1_TIMD_IRQHandler
                0x0000000008000694                TAMP_STAMP_IRQHandler
                0x0000000008000694                PendSV_Handler
                0x0000000008000694                NMI_Handler
                0x0000000008000694                EXTI3_IRQHandler
                0x0000000008000694                LPTIM4_IRQHandler
                0x0000000008000694                TIM8_TRG_COM_TIM14_IRQHandler
                0x0000000008000694                LPTIM2_IRQHandler
                0x0000000008000694                DFSDM1_FLT1_IRQHandler
                0x0000000008000694                DMAMUX2_OVR_IRQHandler
                0x0000000008000694                TIM8_UP_TIM13_IRQHandler
                0x0000000008000694                I2C3_ER_IRQHandler
                0x0000000008000694                DFSDM1_FLT2_IRQHandler
                0x0000000008000694                MDMA_IRQHandler
                0x0000000008000694                LPTIM3_IRQHandler
                0x0000000008000694                HSEM1_IRQHandler
                0x0000000008000694                EXTI0_IRQHandler
                0x0000000008000694                FPU_IRQHandler
                0x0000000008000694                OTG_HS_WKUP_IRQHandler
                0x0000000008000694                FDCAN1_IT1_IRQHandler
                0x0000000008000694                UsageFault_Handler
                0x0000000008000694                LTDC_ER_IRQHandler
                0x0000000008000694                HRTIM1_TIME_IRQHandler
                0x0000000008000694                TIM6_DAC_IRQHandler
                0x0000000008000694                DCMI_IRQHandler
                0x0000000008000694                HRTIM1_TIMC_IRQHandler
                0x0000000008000694                SAI2_IRQHandler
                0x0000000008000694                DFSDM1_FLT3_IRQHandler
                0x0000000008000694                TIM17_IRQHandler
                0x0000000008000694                CRYP_IRQHandler
                0x0000000008000694                BDMA_Channel7_IRQHandler
                0x0000000008000694                LPTIM5_IRQHandler
                0x0000000008000694                ADC3_IRQHandler
                0x0000000008000694                DMA2_Stream0_IRQHandler
                0x0000000008000694                BDMA_Channel2_IRQHandler
                0x0000000008000694                DMAMUX1_OVR_IRQHandler
                0x0000000008000694                TIM16_IRQHandler
                0x0000000008000694                BDMA_Channel5_IRQHandler
                0x0000000008000694                RCC_IRQHandler
                0x0000000008000694                TIM8_BRK_TIM12_IRQHandler
                0x0000000008000694                TIM1_TRG_COM_IRQHandler
                0x0000000008000694                Default_Handler
                0x0000000008000694                ECC_IRQHandler
                0x0000000008000694                CEC_IRQHandler
                0x0000000008000694                EXTI15_10_IRQHandler
                0x0000000008000694                BDMA_Channel0_IRQHandler
                0x0000000008000694                ADC_IRQHandler
                0x0000000008000694                DMA1_Stream7_IRQHandler
                0x0000000008000694                HRTIM1_TIMA_IRQHandler
                0x0000000008000694                TIM7_IRQHandler
                0x0000000008000694                DMA2_Stream7_IRQHandler
                0x0000000008000694                TIM15_IRQHandler
                0x0000000008000694                PVD_AVD_IRQHandler
                0x0000000008000694                EXTI9_5_IRQHandler
                0x0000000008000694                RTC_WKUP_IRQHandler
                0x0000000008000694                LTDC_IRQHandler
                0x0000000008000694                SAI3_IRQHandler
                0x0000000008000694                ETH_WKUP_IRQHandler
                0x0000000008000694                SPDIF_RX_IRQHandler
                0x0000000008000694                MemManage_Handler
                0x0000000008000694                SVC_Handler
                0x0000000008000694                CRS_IRQHandler
                0x0000000008000694                EXTI4_IRQHandler
                0x0000000008000694                HRTIM1_TIMB_IRQHandler
                0x0000000008000694                FDCAN2_IT1_IRQHandler
                0x0000000008000694                ETH_IRQHandler
                0x0000000008000694                TIM1_UP_IRQHandler
                0x0000000008000694                BDMA_Channel4_IRQHandler
                0x0000000008000694                WWDG_IRQHandler
                0x0000000008000694                SPI6_IRQHandler
                0x0000000008000694                I2C4_EV_IRQHandler
                0x0000000008000694                MDIOS_IRQHandler
                0x0000000008000694                FDCAN2_IT0_IRQHandler
                0x0000000008000694                FDCAN1_IT0_IRQHandler
                0x0000000008000694                OTG_FS_WKUP_IRQHandler
                0x0000000008000694                DMA2D_IRQHandler
                0x0000000008000694                TIM1_BRK_IRQHandler
                0x0000000008000694                EXTI1_IRQHandler
                0x0000000008000694                SDMMC2_IRQHandler
                0x0000000008000694                BDMA_Channel3_IRQHandler
                0x0000000008000694                MDIOS_WKUP_IRQHandler
                0x0000000008000694                DFSDM1_FLT0_IRQHandler
                0x0000000008000694                SAI4_IRQHandler
                0x0000000008000694                I2C2_ER_IRQHandler
                0x0000000008000694                DMA2_Stream1_IRQHandler
                0x0000000008000694                FLASH_IRQHandler
                0x0000000008000694                BusFault_Handler
                0x0000000008000694                WAKEUP_PIN_IRQHandler
                0x0000000008000694                I2C1_ER_IRQHandler
                0x0000000008000694                FMC_IRQHandler
                0x0000000008000694                FDCAN_CAL_IRQHandler
                0x0000000008000694                SWPMI1_IRQHandler
                0x0000000008000694                COMP1_IRQHandler
                0x0000000008000694                LPTIM1_IRQHandler
                0x0000000008000694                I2C4_ER_IRQHandler
                0x0000000008000694                DMA2_Stream6_IRQHandler
                0x0000000008000694                RTC_Alarm_IRQHandler
 *fill*         0x0000000008000696        0x2 
 .text.Reset_Handler
                0x0000000008000698       0x3c build/startup_stm32h750xx.o
                0x0000000008000698                Reset_Handler
 .text.disk_status
                0x00000000080006d4       0x14 build/diskio.o
                0x00000000080006d4                disk_status
 .text.disk_initialize
                0x00000000080006e8       0x20 build/diskio.o
                0x00000000080006e8                disk_initialize
 .text.disk_read
                0x0000000008000708       0x1c build/diskio.o
                0x0000000008000708                disk_read
 .text.disk_write
                0x0000000008000724       0x1c build/diskio.o
                0x0000000008000724                disk_write
 .text.disk_ioctl
                0x0000000008000740       0x1c build/diskio.o
                0x0000000008000740                disk_ioctl
 .text.ld_dword
                0x000000000800075c        0x4 build/ff.o
 .text.st_dword
                0x0000000008000760       0x10 build/ff.o
 .text.mem_set  0x0000000008000770        0xc build/ff.o
 .text.clust2sect
                0x000000000800077c       0x16 build/ff.o
 .text.clmt_clust
                0x0000000008000792       0x22 build/ff.o
 .text.st_clust
                0x00000000080007b4       0x18 build/ff.o
 .text.sum_sfn  0x00000000080007cc       0x1e build/ff.o
 *fill*         0x00000000080007ea        0x2 
 .text.get_ldnumber
                0x00000000080007ec       0x40 build/ff.o
 .text.validate
                0x000000000800082c       0x34 build/ff.o
 .text.get_fileinfo
                0x0000000008000860       0xe8 build/ff.o
 .text.mem_cpy.part.0
                0x0000000008000948       0x12 build/ff.o
 .text.sync_window.part.0
                0x000000000800095a       0x4c build/ff.o
 .text.sync_window
                0x00000000080009a6        0xc build/ff.o
 .text.move_window
                0x00000000080009b2       0x32 build/ff.o
 .text.check_fs
                0x00000000080009e4       0x74 build/ff.o
 .text.find_volume
                0x0000000008000a58      0x258 build/ff.o
 .text.put_fat  0x0000000008000cb0       0xfc build/ff.o
 .text.sync_fs  0x0000000008000dac       0x96 build/ff.o
 .text.ld_clust.isra.0
                0x0000000008000e42       0x10 build/ff.o
 .text.get_fat.isra.0
                0x0000000008000e52       0xac build/ff.o
 .text.remove_chain
                0x0000000008000efe       0x70 build/ff.o
 .text.create_chain
                0x0000000008000f6e       0xb0 build/ff.o
 .text.dir_sdi  0x000000000800101e       0x82 build/ff.o
 .text.dir_next
                0x00000000080010a0       0xea build/ff.o
 *fill*         0x000000000800118a        0x2 
 .text.dir_find
                0x000000000800118c      0x160 build/ff.o
 .text.dir_register
                0x00000000080012ec      0x27c build/ff.o
 .text.dir_read.constprop.0
                0x0000000008001568       0xf4 build/ff.o
 .text.follow_path
                0x000000000800165c      0x2b4 build/ff.o
 .text.f_mount  0x0000000008001910       0x4c build/ff.o
                0x0000000008001910                f_mount
 .text.f_open   0x000000000800195c      0x1be build/ff.o
                0x000000000800195c                f_open
 .text.f_read   0x0000000008001b1a      0x164 build/ff.o
                0x0000000008001b1a                f_read
 .text.f_sync   0x0000000008001c7e       0x92 build/ff.o
                0x0000000008001c7e                f_sync
 .text.f_close  0x0000000008001d10       0x1a build/ff.o
                0x0000000008001d10                f_close
 .text.f_lseek  0x0000000008001d2a      0x21a build/ff.o
                0x0000000008001d2a                f_lseek
 .text.f_opendir
                0x0000000008001f44       0x68 build/ff.o
                0x0000000008001f44                f_opendir
 .text.f_closedir
                0x0000000008001fac       0x12 build/ff.o
                0x0000000008001fac                f_closedir
 .text.f_readdir
                0x0000000008001fbe       0x40 build/ff.o
                0x0000000008001fbe                f_readdir
 *fill*         0x0000000008001ffe        0x2 
 .text.FATFS_LinkDriverEx
                0x0000000008002000       0x44 build/ff_gen_drv.o
                0x0000000008002000                FATFS_LinkDriverEx
 .text.FATFS_LinkDriver
                0x0000000008002044        0x6 build/ff_gen_drv.o
                0x0000000008002044                FATFS_LinkDriver
 *fill*         0x000000000800204a        0x2 
 .text.ff_convert
                0x000000000800204c       0x3c build/ccsbcs.o
                0x000000000800204c                ff_convert
 .text.ff_wtoupper
                0x0000000008002088       0x84 build/ccsbcs.o
                0x0000000008002088                ff_wtoupper
 .text._ZN7daisysp8ReverbScD2Ev
                0x000000000800210c        0x2 build/main.o
                0x000000000800210c                daisysp::ReverbSc::~ReverbSc()
                0x000000000800210c                daisysp::ReverbSc::~ReverbSc()
 .text._ZN5daisy12SdmmcHandlerD2Ev
                0x000000000800210e        0x2 build/main.o
                0x000000000800210e                daisy::SdmmcHandler::~SdmmcHandler()
                0x000000000800210e                daisy::SdmmcHandler::~SdmmcHandler()
 .text._ZN5daisy8DaisyPodD2Ev
                0x0000000008002110        0x2 build/main.o
                0x0000000008002110                daisy::DaisyPod::~DaisyPod()
                0x0000000008002110                daisy::DaisyPod::~DaisyPod()
 .text._ZN13GranularSynthD2Ev
                0x0000000008002112        0x2 build/main.o
                0x0000000008002112                GranularSynth::~GranularSynth()
                0x0000000008002112                GranularSynth::~GranularSynth()
 .text._ZN14GrannyChordAppD2Ev
                0x0000000008002114        0x2 build/main.o
                0x0000000008002114                GrannyChordApp::~GrannyChordApp()
                0x0000000008002114                GrannyChordApp::~GrannyChordApp()
 *fill*         0x0000000008002116        0x2 
 .text.startup.main
                0x0000000008002118       0x44 build/main.o
                0x0000000008002118                main
 .text.startup._GLOBAL__sub_I_left_buf
                0x000000000800215c      0x154 build/main.o
 .text._ZN16AudioFileManager4InitEv
                0x00000000080022b0       0x44 build/AudioFileManager.o
                0x00000000080022b0                AudioFileManager::Init()
 .text._ZN16AudioFileManager12ScanWavFilesEv
                0x00000000080022f4       0xc0 build/AudioFileManager.o
                0x00000000080022f4                AudioFileManager::ScanWavFiles()
 .text._ZN16AudioFileManager12GetWavHeaderEP3FIL
                0x00000000080023b4      0x190 build/AudioFileManager.o
                0x00000000080023b4                AudioFileManager::GetWavHeader(FIL*)
 .text._ZN16AudioFileManager14Load16BitAudioEj
                0x0000000008002544       0xa4 build/AudioFileManager.o
                0x0000000008002544                AudioFileManager::Load16BitAudio(unsigned int)
 .text._ZN16AudioFileManager13LoadAudioDataEv
                0x00000000080025e8       0x3e build/AudioFileManager.o
                0x00000000080025e8                AudioFileManager::LoadAudioData()
 *fill*         0x0000000008002626        0x2 
 .text._ZN16AudioFileManager8LoadFileEt
                0x0000000008002628       0x78 build/AudioFileManager.o
                0x0000000008002628                AudioFileManager::LoadFile(unsigned short)
 .text._ZN16AudioFileManager10SetBuffersEPsS0_S0_
                0x00000000080026a0        0x8 build/AudioFileManager.o
                0x00000000080026a0                AudioFileManager::SetBuffers(short*, short*, short*)
 .text._Z8RngFloatv
                0x00000000080026a8       0x2c build/GranularSynth.o
                0x00000000080026a8                RngFloat()
 .text._ZN13GranularSynth10InitParamsEv
                0x00000000080026d4       0x2e build/GranularSynth.o
                0x00000000080026d4                GranularSynth::InitParams()
 *fill*         0x0000000008002702        0x2 
 .text._ZN13GranularSynth4InitEPKsS1_j
                0x0000000008002704       0x40 build/GranularSynth.o
                0x0000000008002704                GranularSynth::Init(short const*, short const*, unsigned int)
 .text._ZN13GranularSynth15ApplyRandomnessEv
                0x0000000008002744      0x268 build/GranularSynth.o
                0x0000000008002744                GranularSynth::ApplyRandomness()
 .text._ZN13GranularSynth12TriggerGrainEv
                0x00000000080029ac       0x4e build/GranularSynth.o
                0x00000000080029ac                GranularSynth::TriggerGrain()
 .text._ZN13GranularSynth13ProcessGrainsEPfS0_j
                0x00000000080029fa       0x56 build/GranularSynth.o
                0x00000000080029fa                GranularSynth::ProcessGrains(float*, float*, unsigned int)
 .text._ZNK5daisy6Switch10TimeHeldMsEv
                0x0000000008002a50       0x2c build/GrannyChordApp.o
                0x0000000008002a50                daisy::Switch::TimeHeldMs() const
 .text._ZN14GrannyChordApp20HandleEncoderPressedEv
                0x0000000008002a7c       0x1a build/GrannyChordApp.o
                0x0000000008002a7c                GrannyChordApp::HandleEncoderPressed()
 .text._ZN14GrannyChordApp22HandleEncoderLongPressEv
                0x0000000008002a96       0x1e build/GrannyChordApp.o
                0x0000000008002a96                GrannyChordApp::HandleEncoderLongPress()
 .text._ZN14GrannyChordApp19HandleFileSelectionEl
                0x0000000008002ab4       0x44 build/GrannyChordApp.o
                0x0000000008002ab4                GrannyChordApp::HandleFileSelection(long)
 .text._ZN14GrannyChordApp15UpdateSynthModeEv
                0x0000000008002af8       0x28 build/GrannyChordApp.o
                0x0000000008002af8                GrannyChordApp::UpdateSynthMode()
 .text._ZN14GrannyChordApp13HandleButton1Ev
                0x0000000008002b20        0xe build/GrannyChordApp.o
                0x0000000008002b20                GrannyChordApp::HandleButton1()
 .text._ZN14GrannyChordApp24ToggleRandomnessControlsEv
                0x0000000008002b2e       0x12 build/GrannyChordApp.o
                0x0000000008002b2e                GrannyChordApp::ToggleRandomnessControls()
 .text._ZN14GrannyChordApp13HandleButton2Ev
                0x0000000008002b40        0xe build/GrannyChordApp.o
                0x0000000008002b40                GrannyChordApp::HandleButton2()
 .text._ZN14GrannyChordApp8ToggleFXEb
                0x0000000008002b4e       0x20 build/GrannyChordApp.o
                0x0000000008002b4e                GrannyChordApp::ToggleFX(bool)
 .text._ZN14GrannyChordApp22HandleButton1LongPressEv
                0x0000000008002b6e       0x10 build/GrannyChordApp.o
                0x0000000008002b6e                GrannyChordApp::HandleButton1LongPress()
 .text._ZN14GrannyChordApp22HandleButton2LongPressEv
                0x0000000008002b7e       0x10 build/GrannyChordApp.o
                0x0000000008002b7e                GrannyChordApp::HandleButton2LongPress()
 *fill*         0x0000000008002b8e        0x2 
 .text._ZN14GrannyChordApp11InitFileMgrEv
                0x0000000008002b90       0x3c build/GrannyChordApp.o
                0x0000000008002b90                GrannyChordApp::InitFileMgr()
 .text._ZN14GrannyChordApp9InitSynthEv
                0x0000000008002bcc       0x20 build/GrannyChordApp.o
                0x0000000008002bcc                GrannyChordApp::InitSynth()
 .text._ZN14GrannyChordApp17ClearAudioBuffersEv
                0x0000000008002bec       0x24 build/GrannyChordApp.o
                0x0000000008002bec                GrannyChordApp::ClearAudioBuffers()
 .text._ZN14GrannyChordApp12InitPlaybackEv
                0x0000000008002c10       0x58 build/GrannyChordApp.o
                0x0000000008002c10                GrannyChordApp::InitPlayback()
 .text._ZN14GrannyChordApp17HandleStateChangeEv
                0x0000000008002c68       0x58 build/GrannyChordApp.o
                0x0000000008002c68                GrannyChordApp::HandleStateChange()
 .text._ZN14GrannyChordApp6InitFXEv
                0x0000000008002cc0       0x60 build/GrannyChordApp.o
                0x0000000008002cc0                GrannyChordApp::InitFX()
 .text._ZN14GrannyChordApp17InitPrevParamValsEv
                0x0000000008002d20       0x18 build/GrannyChordApp.o
                0x0000000008002d20                GrannyChordApp::InitPrevParamVals()
 .text._ZN14GrannyChordApp4InitEPsS0_S0_
                0x0000000008002d38       0x80 build/GrannyChordApp.o
                0x0000000008002d38                GrannyChordApp::Init(short*, short*, short*)
 .text._ZN14GrannyChordApp18ProcessWAVPlaybackEPPfj
                0x0000000008002db8       0x98 build/GrannyChordApp.o
                0x0000000008002db8                GrannyChordApp::ProcessWAVPlayback(float**, unsigned int)
 .text._ZN14GrannyChordApp15ProcessRecordInEPKPKfPPfj
                0x0000000008002e50       0x6c build/GrannyChordApp.o
                0x0000000008002e50                GrannyChordApp::ProcessRecordIn(float const* const*, float**, unsigned int)
 .text._ZN14GrannyChordApp16ProcessSynthesisEPPfj
                0x0000000008002ebc       0x38 build/GrannyChordApp.o
                0x0000000008002ebc                GrannyChordApp::ProcessSynthesis(float**, unsigned int)
 .text._ZN14GrannyChordApp12ProcessAudioEPKPKfPPfj
                0x0000000008002ef4       0x60 build/GrannyChordApp.o
                0x0000000008002ef4                GrannyChordApp::ProcessAudio(float const* const*, float**, unsigned int)
 .text._ZN14GrannyChordApp13AudioCallbackEPKPKfPPfj
                0x0000000008002f54       0x14 build/GrannyChordApp.o
                0x0000000008002f54                GrannyChordApp::AudioCallback(float const* const*, float**, unsigned int)
 .text._ZN14GrannyChordApp15DebugPrintStateE8AppState
                0x0000000008002f68       0x40 build/GrannyChordApp.o
                0x0000000008002f68                GrannyChordApp::DebugPrintState(AppState)
 .text._ZN14GrannyChordApp8UpdateUIEv
                0x0000000008002fa8       0xf8 build/GrannyChordApp.o
                0x0000000008002fa8                GrannyChordApp::UpdateUI()
 .text._ZN14GrannyChordApp3RunEv
                0x00000000080030a0       0x12 build/GrannyChordApp.o
                0x00000000080030a0                GrannyChordApp::Run()
 *fill*         0x00000000080030b2        0x2 
 .text._ZN5Grain4InitEPKsS1_
                0x00000000080030b4       0x38 build/Grain.o
                0x00000000080030b4                Grain::Init(short const*, short const*)
 .text._ZN5Grain7TriggerEjjff
                0x00000000080030ec       0x50 build/Grain.o
                0x00000000080030ec                Grain::Trigger(unsigned int, unsigned int, float, float)
 *fill*         0x000000000800313c        0x4 
 .text._ZN5Grain13ApplyEnvelopeEf
                0x0000000008003140       0x8c build/Grain.o
                0x0000000008003140                Grain::ApplyEnvelope(float)
 .text._ZN5Grain7ProcessEPfS0_
                0x00000000080031cc      0x180 build/Grain.o
                0x00000000080031cc                Grain::Process(float*, float*)
 .text._ZN5daisy8DaisyPod10StartAudioEPFvPKPKfPPfjE
                0x000000000800334c        0x4 ../libDaisy/build/libdaisy.a(daisy_pod.o)
                0x000000000800334c                daisy::DaisyPod::StartAudio(void (*)(float const* const*, float**, unsigned int))
 .text._ZN5daisy8DaisyPod9StopAudioEv
                0x0000000008003350        0x4 ../libDaisy/build/libdaisy.a(daisy_pod.o)
                0x0000000008003350                daisy::DaisyPod::StopAudio()
 .text._ZN5daisy8DaisyPod17SetAudioBlockSizeEj
                0x0000000008003354       0x2c ../libDaisy/build/libdaisy.a(daisy_pod.o)
                0x0000000008003354                daisy::DaisyPod::SetAudioBlockSize(unsigned int)
 .text._ZN5daisy8DaisyPod18SetAudioSampleRateENS_9SaiHandle6Config10SampleRateE
                0x0000000008003380       0x2c ../libDaisy/build/libdaisy.a(daisy_pod.o)
                0x0000000008003380                daisy::DaisyPod::SetAudioSampleRate(daisy::SaiHandle::Config::SampleRate)
 .text._ZN5daisy8DaisyPod15AudioSampleRateEv
                0x00000000080033ac        0x4 ../libDaisy/build/libdaisy.a(daisy_pod.o)
                0x00000000080033ac                daisy::DaisyPod::AudioSampleRate()
 .text._ZN5daisy8DaisyPod8StartAdcEv
                0x00000000080033b0        0x8 ../libDaisy/build/libdaisy.a(daisy_pod.o)
                0x00000000080033b0                daisy::DaisyPod::StartAdc()
 .text._ZN5daisy8DaisyPod22ProcessDigitalControlsEv
                0x00000000080033b8       0x20 ../libDaisy/build/libdaisy.a(daisy_pod.o)
                0x00000000080033b8                daisy::DaisyPod::ProcessDigitalControls()
 .text._ZN5daisy8DaisyPod10UpdateLedsEv
                0x00000000080033d8       0x18 ../libDaisy/build/libdaisy.a(daisy_pod.o)
                0x00000000080033d8                daisy::DaisyPod::UpdateLeds()
 .text._ZN5daisy8DaisyPod8InitLedsEv
                0x00000000080033f0       0x98 ../libDaisy/build/libdaisy.a(daisy_pod.o)
                0x00000000080033f0                daisy::DaisyPod::InitLeds()
 .text._ZN5daisy8DaisyPod9InitKnobsEv
                0x0000000008003488       0x90 ../libDaisy/build/libdaisy.a(daisy_pod.o)
                0x0000000008003488                daisy::DaisyPod::InitKnobs()
 .text._ZN5daisy8DaisyPod4InitEb
                0x0000000008003518      0x128 ../libDaisy/build/libdaisy.a(daisy_pod.o)
                0x0000000008003518                daisy::DaisyPod::Init(bool)
 .text._ZN5daisy9DaisySeed9ConfigureEv
                0x0000000008003640        0x4 ../libDaisy/build/libdaisy.a(daisy_seed.o)
                0x0000000008003640                daisy::DaisySeed::Configure()
 .text._ZN5daisy9DaisySeed10StartAudioEPFvPKPKfPPfjE
                0x0000000008003644        0x8 ../libDaisy/build/libdaisy.a(daisy_seed.o)
                0x0000000008003644                daisy::DaisySeed::StartAudio(void (*)(float const* const*, float**, unsigned int))
 .text._ZN5daisy9DaisySeed9StopAudioEv
                0x000000000800364c        0x8 ../libDaisy/build/libdaisy.a(daisy_seed.o)
                0x000000000800364c                daisy::DaisySeed::StopAudio()
 .text._ZN5daisy9DaisySeed18SetAudioSampleRateENS_9SaiHandle6Config10SampleRateE
                0x0000000008003654       0x38 ../libDaisy/build/libdaisy.a(daisy_seed.o)
                0x0000000008003654                daisy::DaisySeed::SetAudioSampleRate(daisy::SaiHandle::Config::SampleRate)
 .text._ZN5daisy9DaisySeed15AudioSampleRateEv
                0x000000000800368c        0x8 ../libDaisy/build/libdaisy.a(daisy_seed.o)
                0x000000000800368c                daisy::DaisySeed::AudioSampleRate()
 .text._ZN5daisy9DaisySeed17SetAudioBlockSizeEj
                0x0000000008003694       0x38 ../libDaisy/build/libdaisy.a(daisy_seed.o)
                0x0000000008003694                daisy::DaisySeed::SetAudioBlockSize(unsigned int)
 .text._ZNK5daisy9DaisySeed17AudioCallbackRateEv
                0x00000000080036cc        0x8 ../libDaisy/build/libdaisy.a(daisy_seed.o)
                0x00000000080036cc                daisy::DaisySeed::AudioCallbackRate() const
 .text._ZN5daisy9DaisySeed17CheckBoardVersionEv
                0x00000000080036d4       0x6c ../libDaisy/build/libdaisy.a(daisy_seed.o)
                0x00000000080036d4                daisy::DaisySeed::CheckBoardVersion()
 .text._ZN5daisy9DaisySeed14ConfigureAudioEv
                0x0000000008003740      0x10c ../libDaisy/build/libdaisy.a(daisy_seed.o)
                0x0000000008003740                daisy::DaisySeed::ConfigureAudio()
 .text._ZN5daisy9DaisySeed4InitEb
                0x000000000800384c      0x108 ../libDaisy/build/libdaisy.a(daisy_seed.o)
                0x000000000800384c                daisy::DaisySeed::Init(bool)
 .text._ZN5daisy6Ak45564InitE12dsy_gpio_pin
                0x0000000008003954       0x44 ../libDaisy/build/libdaisy.a(codec_ak4556.o)
                0x0000000008003954                daisy::Ak4556::Init(dsy_gpio_pin)
 .text._ZN5daisy6Wm873120WriteControlRegisterEht
                0x0000000008003998       0x3c ../libDaisy/build/libdaisy.a(codec_wm8731.o)
                0x0000000008003998                daisy::Wm8731::WriteControlRegister(unsigned char, unsigned short)
 .text._ZN5daisy6Wm87314InitERKNS0_6ConfigENS_9I2CHandleE
                0x00000000080039d4      0x1bc ../libDaisy/build/libdaisy.a(codec_wm8731.o)
                0x00000000080039d4                daisy::Wm8731::Init(daisy::Wm8731::Config const&, daisy::I2CHandle)
 .text._ZN11SdramHandle10DeviceInitEv
                0x0000000008003b90       0x98 ../libDaisy/build/libdaisy.a(sdram.o)
                0x0000000008003b90                SdramHandle::DeviceInit()
 .text._ZN11SdramHandle4InitEv
                0x0000000008003c28       0x7c ../libDaisy/build/libdaisy.a(sdram.o)
                0x0000000008003c28                SdramHandle::Init()
 .text.HAL_SDRAM_MspInit
                0x0000000008003ca4      0x1a8 ../libDaisy/build/libdaisy.a(sdram.o)
                0x0000000008003ca4                HAL_SDRAM_MspInit
 .text._ZN5daisy11AudioHandle4Impl16InternalCallbackEPlS2_j
                0x0000000008003e4c      0xbbc ../libDaisy/build/libdaisy.a(audio.o)
                0x0000000008003e4c                daisy::AudioHandle::Impl::InternalCallback(long*, long*, unsigned int)
 .text._ZN5daisy11AudioHandle4InitERKNS0_6ConfigENS_9SaiHandleE
                0x0000000008004a08       0x70 ../libDaisy/build/libdaisy.a(audio.o)
                0x0000000008004a08                daisy::AudioHandle::Init(daisy::AudioHandle::Config const&, daisy::SaiHandle)
 .text._ZNK5daisy11AudioHandle9GetConfigEv
                0x0000000008004a78        0x8 ../libDaisy/build/libdaisy.a(audio.o)
                0x0000000008004a78                daisy::AudioHandle::GetConfig() const
 .text._ZN5daisy11AudioHandle12SetBlockSizeEj
                0x0000000008004a80       0x1c ../libDaisy/build/libdaisy.a(audio.o)
                0x0000000008004a80                daisy::AudioHandle::SetBlockSize(unsigned int)
 .text._ZN5daisy11AudioHandle13GetSampleRateEv
                0x0000000008004a9c        0x8 ../libDaisy/build/libdaisy.a(audio.o)
                0x0000000008004a9c                daisy::AudioHandle::GetSampleRate()
 .text._ZN5daisy11AudioHandle13SetSampleRateENS_9SaiHandle6Config10SampleRateE
                0x0000000008004aa4       0x88 ../libDaisy/build/libdaisy.a(audio.o)
                0x0000000008004aa4                daisy::AudioHandle::SetSampleRate(daisy::SaiHandle::Config::SampleRate)
 .text._ZN5daisy11AudioHandle5StartEPFvPKPKfPPfjE
                0x0000000008004b2c       0x44 ../libDaisy/build/libdaisy.a(audio.o)
                0x0000000008004b2c                daisy::AudioHandle::Start(void (*)(float const* const*, float**, unsigned int))
 .text._ZN5daisy11AudioHandle4StopEv
                0x0000000008004b70       0x20 ../libDaisy/build/libdaisy.a(audio.o)
                0x0000000008004b70                daisy::AudioHandle::Stop()
 .text.startup._GLOBAL__sub_I__ZN5daisy11AudioHandle4Impl4InitENS0_6ConfigENS_9SaiHandleE
                0x0000000008004b90       0x24 ../libDaisy/build/libdaisy.a(audio.o)
 .text._ZN5daisy13AnalogControl4InitEPtfbbf
                0x0000000008004bb4       0x64 ../libDaisy/build/libdaisy.a(ctrl.o)
                0x0000000008004bb4                daisy::AnalogControl::Init(unsigned short*, float, bool, bool, float)
 .text._ZN5daisy13AnalogControl13SetSampleRateEf
                0x0000000008004c18       0x58 ../libDaisy/build/libdaisy.a(ctrl.o)
                0x0000000008004c18                daisy::AnalogControl::SetSampleRate(float)
 .text._ZN5daisy7Encoder4InitE12dsy_gpio_pinS1_S1_f
                0x0000000008004c70       0x60 ../libDaisy/build/libdaisy.a(encoder.o)
                0x0000000008004c70                daisy::Encoder::Init(dsy_gpio_pin, dsy_gpio_pin, dsy_gpio_pin, float)
 .text._ZN5daisy7Encoder8DebounceEv
                0x0000000008004cd0       0x7c ../libDaisy/build/libdaisy.a(encoder.o)
                0x0000000008004cd0                daisy::Encoder::Debounce()
 .text._ZN5daisy9UsbHandleD2Ev
                0x0000000008004d4c        0x4 ../libDaisy/build/libdaisy.a(logger.o)
                0x0000000008004d4c                daisy::UsbHandle::~UsbHandle()
                0x0000000008004d4c                daisy::UsbHandle::~UsbHandle()
 .text._ZN5daisy6LoggerILNS_17LoggerDestinationE1EE11TransmitBufEv
                0x0000000008004d50       0x60 ../libDaisy/build/libdaisy.a(logger.o)
                0x0000000008004d50                daisy::Logger<(daisy::LoggerDestination)1>::TransmitBuf()
 .text._ZN5daisy6LoggerILNS_17LoggerDestinationE1EE13AppendNewLineEv
                0x0000000008004db0       0x60 ../libDaisy/build/libdaisy.a(logger.o)
                0x0000000008004db0                daisy::Logger<(daisy::LoggerDestination)1>::AppendNewLine()
 .text._ZN5daisy6LoggerILNS_17LoggerDestinationE1EE10PrintLineVEPKcSt9__va_list
                0x0000000008004e10       0x30 ../libDaisy/build/libdaisy.a(logger.o)
                0x0000000008004e10                daisy::Logger<(daisy::LoggerDestination)1>::PrintLineV(char const*, std::__va_list)
 .text._ZN5daisy6LoggerILNS_17LoggerDestinationE1EE9PrintLineEPKcz
                0x0000000008004e40       0x1c ../libDaisy/build/libdaisy.a(logger.o)
                0x0000000008004e40                daisy::Logger<(daisy::LoggerDestination)1>::PrintLine(char const*, ...)
 .text._ZN5daisy6LoggerILNS_17LoggerDestinationE1EE8StartLogEb
                0x0000000008004e5c       0x40 ../libDaisy/build/libdaisy.a(logger.o)
                0x0000000008004e5c                daisy::Logger<(daisy::LoggerDestination)1>::StartLog(bool)
 .text.startup._GLOBAL__sub_I__ZN5daisy10LoggerImplILNS_17LoggerDestinationE1EE11usb_handle_E
                0x0000000008004e9c       0x2c ../libDaisy/build/libdaisy.a(logger.o)
 .text._ZN5daisy17MidiUartTransport6ConfigC2Ev
                0x0000000008004ec8       0x28 ../libDaisy/build/libdaisy.a(midi.o)
                0x0000000008004ec8                daisy::MidiUartTransport::Config::Config()
                0x0000000008004ec8                daisy::MidiUartTransport::Config::Config()
 .text._ZN5daisy10MidiParser5ResetEv
                0x0000000008004ef0        0xc ../libDaisy/build/libdaisy.a(midi_parser.o)
                0x0000000008004ef0                daisy::MidiParser::Reset()
 .text._ZN5daisy6RgbLed4InitE12dsy_gpio_pinS1_S1_b
                0x0000000008004efc       0x50 ../libDaisy/build/libdaisy.a(rgb_led.o)
                0x0000000008004efc                daisy::RgbLed::Init(dsy_gpio_pin, dsy_gpio_pin, dsy_gpio_pin, bool)
 .text._ZN5daisy6RgbLed6SetRedEf
                0x0000000008004f4c        0x4 ../libDaisy/build/libdaisy.a(rgb_led.o)
                0x0000000008004f4c                daisy::RgbLed::SetRed(float)
 .text._ZN5daisy6RgbLed8SetColorENS_5ColorE
                0x0000000008004f50       0x2c ../libDaisy/build/libdaisy.a(rgb_led.o)
                0x0000000008004f50                daisy::RgbLed::SetColor(daisy::Color)
 .text._ZN5daisy6RgbLed6UpdateEv
                0x0000000008004f7c       0x1c ../libDaisy/build/libdaisy.a(rgb_led.o)
                0x0000000008004f7c                daisy::RgbLed::Update()
 .text._ZN5daisy6Switch4InitE12dsy_gpio_pinf
                0x0000000008004f98       0x34 ../libDaisy/build/libdaisy.a(switch.o)
                0x0000000008004f98                daisy::Switch::Init(dsy_gpio_pin, float)
 .text._ZN5daisy6Switch8DebounceEv
                0x0000000008004fcc       0x5c ../libDaisy/build/libdaisy.a(switch.o)
                0x0000000008004fcc                daisy::Switch::Debounce()
 .text.DummyRxCallback
                0x0000000008005028        0x4 ../libDaisy/build/libdaisy.a(usb.o)
                0x0000000008005028                DummyRxCallback
 .text._ZN5daisy9UsbHandle4InitENS0_9UsbPeriphE
                0x000000000800502c      0x10c ../libDaisy/build/libdaisy.a(usb.o)
                0x000000000800502c                daisy::UsbHandle::Init(daisy::UsbHandle::UsbPeriph)
 .text._ZN5daisy9UsbHandle16TransmitInternalEPhj
                0x0000000008005138       0x14 ../libDaisy/build/libdaisy.a(usb.o)
                0x0000000008005138                daisy::UsbHandle::TransmitInternal(unsigned char*, unsigned int)
 .text.OTG_FS_EP1_OUT_IRQHandler
                0x000000000800514c        0xc ../libDaisy/build/libdaisy.a(usb.o)
                0x000000000800514c                OTG_FS_EP1_OUT_IRQHandler
 .text.OTG_FS_EP1_IN_IRQHandler
                0x0000000008005158        0xc ../libDaisy/build/libdaisy.a(usb.o)
                0x0000000008005158                OTG_FS_EP1_IN_IRQHandler
 .text.OTG_FS_IRQHandler
                0x0000000008005164        0xc ../libDaisy/build/libdaisy.a(usb.o)
                0x0000000008005164                OTG_FS_IRQHandler
 .text._ZN5daisy16AdcChannelConfig10InitSingleE12dsy_gpio_pinNS0_15ConversionSpeedE
                0x0000000008005170       0x28 ../libDaisy/build/libdaisy.a(adc.o)
                0x0000000008005170                daisy::AdcChannelConfig::InitSingle(dsy_gpio_pin, daisy::AdcChannelConfig::ConversionSpeed)
 .text._ZN5daisy9AdcHandle4InitEPNS_16AdcChannelConfigEjNS0_12OverSamplingE
                0x0000000008005198      0x41c ../libDaisy/build/libdaisy.a(adc.o)
                0x0000000008005198                daisy::AdcHandle::Init(daisy::AdcChannelConfig*, unsigned int, daisy::AdcHandle::OverSampling)
 .text._ZN5daisy9AdcHandle5StartEv
                0x00000000080055b4       0x2c ../libDaisy/build/libdaisy.a(adc.o)
                0x00000000080055b4                daisy::AdcHandle::Start()
 .text._ZNK5daisy9AdcHandle6GetPtrEh
                0x00000000080055e0       0x14 ../libDaisy/build/libdaisy.a(adc.o)
                0x00000000080055e0                daisy::AdcHandle::GetPtr(unsigned char) const
 .text.HAL_ADC_MspInit
                0x00000000080055f4       0x98 ../libDaisy/build/libdaisy.a(adc.o)
                0x00000000080055f4                HAL_ADC_MspInit
 .text.DMA1_Stream2_IRQHandler
                0x000000000800568c        0xc ../libDaisy/build/libdaisy.a(adc.o)
                0x000000000800568c                DMA1_Stream2_IRQHandler
 .text.HAL_ADC_ConvCpltCallback
                0x0000000008005698      0x148 ../libDaisy/build/libdaisy.a(adc.o)
                0x0000000008005698                HAL_ADC_ConvCpltCallback
 .text.HAL_ADC_ErrorCallback
                0x00000000080057e0        0x4 ../libDaisy/build/libdaisy.a(adc.o)
                0x00000000080057e0                HAL_ADC_ErrorCallback
 .text._ZN5daisy4GPIO4InitENS_3PinENS0_4ModeENS0_4PullENS0_5SpeedE
                0x00000000080057e4      0x1cc ../libDaisy/build/libdaisy.a(gpio.o)
                0x00000000080057e4                daisy::GPIO::Init(daisy::Pin, daisy::GPIO::Mode, daisy::GPIO::Pull, daisy::GPIO::Speed)
 .text._ZN5daisy4GPIO4ReadEv
                0x00000000080059b0       0x18 ../libDaisy/build/libdaisy.a(gpio.o)
                0x00000000080059b0                daisy::GPIO::Read()
 .text._ZN5daisy4GPIO5WriteEb
                0x00000000080059c8       0x14 ../libDaisy/build/libdaisy.a(gpio.o)
                0x00000000080059c8                daisy::GPIO::Write(bool)
 .text.dsy_gpio_init
                0x00000000080059dc      0x1b8 ../libDaisy/build/libdaisy.a(gpio.o)
                0x00000000080059dc                dsy_gpio_init
 .text.dsy_gpio_read
                0x0000000008005b94       0x1c ../libDaisy/build/libdaisy.a(gpio.o)
                0x0000000008005b94                dsy_gpio_read
 .text.dsy_gpio_write
                0x0000000008005bb0       0x24 ../libDaisy/build/libdaisy.a(gpio.o)
                0x0000000008005bb0                dsy_gpio_write
 .text._ZN5daisy9I2CHandle4Impl8InitPinsEv
                0x0000000008005bd4       0x58 ../libDaisy/build/libdaisy.a(i2c.o)
                0x0000000008005bd4                daisy::I2CHandle::Impl::InitPins()
 .text.HAL_I2C_MspInit
                0x0000000008005c2c      0x1b4 ../libDaisy/build/libdaisy.a(i2c.o)
                0x0000000008005c2c                HAL_I2C_MspInit
 .text.dsy_i2c_global_init
                0x0000000008005de0       0x78 ../libDaisy/build/libdaisy.a(i2c.o)
                0x0000000008005de0                dsy_i2c_global_init
 .text.DMA1_Stream6_IRQHandler
                0x0000000008005e58       0x34 ../libDaisy/build/libdaisy.a(i2c.o)
                0x0000000008005e58                DMA1_Stream6_IRQHandler
 .text.I2C1_EV_IRQHandler
                0x0000000008005e8c        0xc ../libDaisy/build/libdaisy.a(i2c.o)
                0x0000000008005e8c                I2C1_EV_IRQHandler
 .text.I2C2_EV_IRQHandler
                0x0000000008005e98        0xc ../libDaisy/build/libdaisy.a(i2c.o)
                0x0000000008005e98                I2C2_EV_IRQHandler
 .text.I2C3_EV_IRQHandler
                0x0000000008005ea4        0xc ../libDaisy/build/libdaisy.a(i2c.o)
                0x0000000008005ea4                I2C3_EV_IRQHandler
 .text._ZN5daisy9I2CHandle4InitERKNS0_6ConfigE
                0x0000000008005eb0      0x12c ../libDaisy/build/libdaisy.a(i2c.o)
                0x0000000008005eb0                daisy::I2CHandle::Init(daisy::I2CHandle::Config const&)
 .text._ZN5daisy9I2CHandle16TransmitBlockingEtPhtm
                0x0000000008005fdc       0x50 ../libDaisy/build/libdaisy.a(i2c.o)
                0x0000000008005fdc                daisy::I2CHandle::TransmitBlocking(unsigned short, unsigned char*, unsigned short, unsigned long)
 .text.startup._GLOBAL__sub_I__ZN5daisy9I2CHandle4Impl10GlobalInitEv
                0x000000000800602c       0x18 ../libDaisy/build/libdaisy.a(i2c.o)
 .text._ZN5daisy10QSPIHandle4Impl11WriteEnableEv
                0x0000000008006044       0x8c ../libDaisy/build/libdaisy.a(qspi.o)
                0x0000000008006044                daisy::QSPIHandle::Impl::WriteEnable()
 .text._ZN5daisy10QSPIHandle4Impl17DummyCyclesConfigENS0_6Config6DeviceE
                0x00000000080060d0      0x118 ../libDaisy/build/libdaisy.a(qspi.o)
                0x00000000080060d0                daisy::QSPIHandle::Impl::DummyCyclesConfig(daisy::QSPIHandle::Config::Device)
 .text._ZN5daisy10QSPIHandle4Impl10QuadEnableEv
                0x00000000080061e8      0x158 ../libDaisy/build/libdaisy.a(qspi.o)
                0x00000000080061e8                daisy::QSPIHandle::Impl::QuadEnable()
 .text._ZN5daisy10QSPIHandle4InitERKNS0_6ConfigE
                0x0000000008006340      0x198 ../libDaisy/build/libdaisy.a(qspi.o)
                0x0000000008006340                daisy::QSPIHandle::Init(daisy::QSPIHandle::Config const&)
 .text.HAL_QSPI_MspInit
                0x00000000080064d8      0x11c ../libDaisy/build/libdaisy.a(qspi.o)
                0x00000000080064d8                HAL_QSPI_MspInit
 .text.HAL_QSPI_MspDeInit
                0x00000000080065f4       0x54 ../libDaisy/build/libdaisy.a(qspi.o)
                0x00000000080065f4                HAL_QSPI_MspDeInit
 .text.QUADSPI_IRQHandler
                0x0000000008006648        0xc ../libDaisy/build/libdaisy.a(qspi.o)
                0x0000000008006648                QUADSPI_IRQHandler
 .text.startup._GLOBAL__sub_I__ZN5daisy10QSPIHandle4Impl4InitERKNS0_6ConfigE
                0x0000000008006654       0x28 ../libDaisy/build/libdaisy.a(qspi.o)
 .text._ZN5daisy9SaiHandle4Impl7InitDmaENS1_15PeripheralBlockE
                0x000000000800667c       0xa0 ../libDaisy/build/libdaisy.a(sai.o)
                0x000000000800667c                daisy::SaiHandle::Impl::InitDma(daisy::SaiHandle::Impl::PeripheralBlock)
 .text._ZN5daisy9SaiHandle4Impl8InitPinsEv
                0x000000000800671c       0xa8 ../libDaisy/build/libdaisy.a(sai.o)
                0x000000000800671c                daisy::SaiHandle::Impl::InitPins()
 .text.HAL_SAI_MspInit
                0x00000000080067c4      0x164 ../libDaisy/build/libdaisy.a(sai.o)
                0x00000000080067c4                HAL_SAI_MspInit
 .text.DMA1_Stream0_IRQHandler
                0x0000000008006928        0xc ../libDaisy/build/libdaisy.a(sai.o)
                0x0000000008006928                DMA1_Stream0_IRQHandler
 .text.DMA1_Stream1_IRQHandler
                0x0000000008006934        0xc ../libDaisy/build/libdaisy.a(sai.o)
                0x0000000008006934                DMA1_Stream1_IRQHandler
 .text.DMA1_Stream3_IRQHandler
                0x0000000008006940        0xc ../libDaisy/build/libdaisy.a(sai.o)
                0x0000000008006940                DMA1_Stream3_IRQHandler
 .text.DMA1_Stream4_IRQHandler
                0x000000000800694c        0xc ../libDaisy/build/libdaisy.a(sai.o)
                0x000000000800694c                DMA1_Stream4_IRQHandler
 .text.HAL_SAI_RxHalfCpltCallback
                0x0000000008006958       0x78 ../libDaisy/build/libdaisy.a(sai.o)
                0x0000000008006958                HAL_SAI_RxHalfCpltCallback
 .text.HAL_SAI_RxCpltCallback
                0x00000000080069d0       0x70 ../libDaisy/build/libdaisy.a(sai.o)
                0x00000000080069d0                HAL_SAI_RxCpltCallback
 .text._ZN5daisy9SaiHandle4InitERKNS0_6ConfigE
                0x0000000008006a40      0x1f0 ../libDaisy/build/libdaisy.a(sai.o)
                0x0000000008006a40                daisy::SaiHandle::Init(daisy::SaiHandle::Config const&)
 .text._ZNK5daisy9SaiHandle9GetConfigEv
                0x0000000008006c30        0x4 ../libDaisy/build/libdaisy.a(sai.o)
                0x0000000008006c30                daisy::SaiHandle::GetConfig() const
 .text._ZN5daisy9SaiHandle8StartDmaEPlS1_jPFvS1_S1_jE
                0x0000000008006c34       0xbc ../libDaisy/build/libdaisy.a(sai.o)
                0x0000000008006c34                daisy::SaiHandle::StartDma(long*, long*, unsigned int, void (*)(long*, long*, unsigned int))
 .text._ZN5daisy9SaiHandle7StopDmaEv
                0x0000000008006cf0       0x18 ../libDaisy/build/libdaisy.a(sai.o)
                0x0000000008006cf0                daisy::SaiHandle::StopDma()
 .text._ZN5daisy9SaiHandle13GetSampleRateEv
                0x0000000008006d08       0x24 ../libDaisy/build/libdaisy.a(sai.o)
                0x0000000008006d08                daisy::SaiHandle::GetSampleRate()
 .text._ZNK5daisy9SaiHandle9GetOffsetEv
                0x0000000008006d2c        0x8 ../libDaisy/build/libdaisy.a(sai.o)
                0x0000000008006d2c                daisy::SaiHandle::GetOffset() const
 .text._ZN5daisy12SdmmcHandler4InitERKNS0_6ConfigE
                0x0000000008006d34       0x80 ../libDaisy/build/libdaisy.a(sdmmc.o)
                0x0000000008006d34                daisy::SdmmcHandler::Init(daisy::SdmmcHandler::Config const&)
 .text.HAL_SD_MspInit
                0x0000000008006db4       0xe4 ../libDaisy/build/libdaisy.a(sdmmc.o)
                0x0000000008006db4                HAL_SD_MspInit
 .text.SDMMC1_IRQHandler
                0x0000000008006e98        0xc ../libDaisy/build/libdaisy.a(sdmmc.o)
                0x0000000008006e98                SDMMC1_IRQHandler
 .text._ZL20UART_CheckRxListenerPN5daisy11UartHandler4ImplE
                0x0000000008006ea4       0x84 ../libDaisy/build/libdaisy.a(uart.o)
 .text._ZN5daisy11UartHandler4Impl10StartDmaTxEPhjPFvPvEPFvS3_NS0_6ResultEES3_
                0x0000000008006f28      0x184 ../libDaisy/build/libdaisy.a(uart.o)
                0x0000000008006f28                daisy::UartHandler::Impl::StartDmaTx(unsigned char*, unsigned int, void (*)(void*), void (*)(void*, daisy::UartHandler::Result), void*)
 .text._ZN5daisy11UartHandler4Impl10StartDmaRxEPhjPFvPvEPFvS3_NS0_6ResultEES3_
                0x00000000080070ac      0x184 ../libDaisy/build/libdaisy.a(uart.o)
                0x00000000080070ac                daisy::UartHandler::Impl::StartDmaRx(unsigned char*, unsigned int, void (*)(void*), void (*)(void*, daisy::UartHandler::Result), void*)
 .text._ZN5daisy11UartHandler4Impl19DmaTransferFinishedEP20__UART_HandleTypeDefNS0_6ResultE
                0x0000000008007230       0xc0 ../libDaisy/build/libdaisy.a(uart.o)
                0x0000000008007230                daisy::UartHandler::Impl::DmaTransferFinished(__UART_HandleTypeDef*, daisy::UartHandler::Result)
 .text._ZN5daisy11UartHandler4Impl8InitPinsEv
                0x00000000080072f0      0x154 ../libDaisy/build/libdaisy.a(uart.o)
                0x00000000080072f0                daisy::UartHandler::Impl::InitPins()
 .text.HAL_UART_MspInit
                0x0000000008007444      0x210 ../libDaisy/build/libdaisy.a(uart.o)
                0x0000000008007444                HAL_UART_MspInit
 .text.dsy_uart_global_init
                0x0000000008007654       0xfc ../libDaisy/build/libdaisy.a(uart.o)
                0x0000000008007654                dsy_uart_global_init
 .text.USART1_IRQHandler
                0x0000000008007750       0x2c ../libDaisy/build/libdaisy.a(uart.o)
                0x0000000008007750                USART1_IRQHandler
 .text.USART2_IRQHandler
                0x000000000800777c       0x34 ../libDaisy/build/libdaisy.a(uart.o)
                0x000000000800777c                USART2_IRQHandler
 .text.USART3_IRQHandler
                0x00000000080077b0       0x34 ../libDaisy/build/libdaisy.a(uart.o)
                0x00000000080077b0                USART3_IRQHandler
 .text.UART4_IRQHandler
                0x00000000080077e4       0x34 ../libDaisy/build/libdaisy.a(uart.o)
                0x00000000080077e4                UART4_IRQHandler
 .text.UART5_IRQHandler
                0x0000000008007818       0x34 ../libDaisy/build/libdaisy.a(uart.o)
                0x0000000008007818                UART5_IRQHandler
 .text.USART6_IRQHandler
                0x000000000800784c       0x34 ../libDaisy/build/libdaisy.a(uart.o)
                0x000000000800784c                USART6_IRQHandler
 .text.UART7_IRQHandler
                0x0000000008007880       0x34 ../libDaisy/build/libdaisy.a(uart.o)
                0x0000000008007880                UART7_IRQHandler
 .text.UART8_IRQHandler
                0x00000000080078b4       0x34 ../libDaisy/build/libdaisy.a(uart.o)
                0x00000000080078b4                UART8_IRQHandler
 .text.LPUART1_IRQHandler
                0x00000000080078e8       0x34 ../libDaisy/build/libdaisy.a(uart.o)
                0x00000000080078e8                LPUART1_IRQHandler
 .text.DMA1_Stream5_IRQHandler
                0x000000000800791c       0x34 ../libDaisy/build/libdaisy.a(uart.o)
                0x000000000800791c                DMA1_Stream5_IRQHandler
 .text.DMA2_Stream4_IRQHandler
                0x0000000008007950       0x38 ../libDaisy/build/libdaisy.a(uart.o)
                0x0000000008007950                DMA2_Stream4_IRQHandler
 .text.HAL_UART_TxCpltCallback
                0x0000000008007988        0x8 ../libDaisy/build/libdaisy.a(uart.o)
                0x0000000008007988                HAL_UART_TxCpltCallback
 .text.HAL_UART_RxCpltCallback
                0x0000000008007990       0x94 ../libDaisy/build/libdaisy.a(uart.o)
                0x0000000008007990                HAL_UART_RxCpltCallback
 .text.HAL_UART_RxHalfCpltCallback
                0x0000000008007a24       0x90 ../libDaisy/build/libdaisy.a(uart.o)
                0x0000000008007a24                HAL_UART_RxHalfCpltCallback
 .text.HAL_UART_ErrorCallback
                0x0000000008007ab4        0x8 ../libDaisy/build/libdaisy.a(uart.o)
                0x0000000008007ab4                HAL_UART_ErrorCallback
 .text._ZN5daisy11UartHandler4InitERKNS0_6ConfigE
                0x0000000008007abc       0xd4 ../libDaisy/build/libdaisy.a(uart.o)
                0x0000000008007abc                daisy::UartHandler::Init(daisy::UartHandler::Config const&)
 .text.startup._GLOBAL__sub_I__Z19MapInstanceToHandleP13USART_TypeDef
                0x0000000008007b90      0x194 ../libDaisy/build/libdaisy.a(uart.o)
 .text.dsy_dma_init
                0x0000000008007d24      0x100 ../libDaisy/build/libdaisy.a(dma.o)
                0x0000000008007d24                dsy_dma_init
 .text.dsy_dma_invalidate_cache_for_buffer
                0x0000000008007e24       0x2c ../libDaisy/build/libdaisy.a(dma.o)
                0x0000000008007e24                dsy_dma_invalidate_cache_for_buffer
 .text._ZN5daisy14FatFSInterface4InitEh
                0x0000000008007e50       0x48 ../libDaisy/build/libdaisy.a(fatfs.o)
                0x0000000008007e50                daisy::FatFSInterface::Init(unsigned char)
 .text.get_fattime
                0x0000000008007e98        0x4 ../libDaisy/build/libdaisy.a(fatfs.o)
                0x0000000008007e98                get_fattime
 .text._ZN5daisy11TimerHandleD2Ev
                0x0000000008007e9c        0x4 ../libDaisy/build/libdaisy.a(system.o)
                0x0000000008007e9c                daisy::TimerHandle::~TimerHandle()
                0x0000000008007e9c                daisy::TimerHandle::~TimerHandle()
 .text.SysTick_Handler
                0x0000000008007ea0       0x10 ../libDaisy/build/libdaisy.a(system.o)
                0x0000000008007ea0                SysTick_Handler
 .text.OTG_HS_EP1_OUT_IRQHandler
                0x0000000008007eb0       0x24 ../libDaisy/build/libdaisy.a(system.o)
                0x0000000008007eb0                OTG_HS_EP1_OUT_IRQHandler
 .text.OTG_HS_EP1_IN_IRQHandler
                0x0000000008007ed4       0x24 ../libDaisy/build/libdaisy.a(system.o)
                0x0000000008007ed4                OTG_HS_EP1_IN_IRQHandler
 .text.OTG_HS_IRQHandler
                0x0000000008007ef8       0x24 ../libDaisy/build/libdaisy.a(system.o)
                0x0000000008007ef8                OTG_HS_IRQHandler
 .text.HardFault_Handler
                0x0000000008007f1c       0xe0 ../libDaisy/build/libdaisy.a(system.o)
                0x0000000008007f1c                HardFault_Handler
 .text._ZN5daisy6System6GetNowEv
                0x0000000008007ffc        0x4 ../libDaisy/build/libdaisy.a(system.o)
                0x0000000008007ffc                daisy::System::GetNow()
 .text._ZN5daisy6System5DelayEm
                0x0000000008008000        0x4 ../libDaisy/build/libdaisy.a(system.o)
                0x0000000008008000                daisy::System::Delay(unsigned long)
 .text._ZN5daisy6System20GetBootloaderVersionEv
                0x0000000008008004       0x34 ../libDaisy/build/libdaisy.a(system.o)
                0x0000000008008004                daisy::System::GetBootloaderVersion()
 .text._ZN5daisy6System15ConfigureClocksEv
                0x0000000008008038      0x194 ../libDaisy/build/libdaisy.a(system.o)
                0x0000000008008038                daisy::System::ConfigureClocks()
 .text._ZN5daisy6System12ConfigureMpuEv
                0x00000000080081cc       0x7c ../libDaisy/build/libdaisy.a(system.o)
                0x00000000080081cc                daisy::System::ConfigureMpu()
 .text._ZN5daisy6System4InitERKNS0_6ConfigE
                0x0000000008008248       0xec ../libDaisy/build/libdaisy.a(system.o)
                0x0000000008008248                daisy::System::Init(daisy::System::Config const&)
 .text._ZN5daisy6System12GetPClk1FreqEv
                0x0000000008008334        0x4 ../libDaisy/build/libdaisy.a(system.o)
                0x0000000008008334                daisy::System::GetPClk1Freq()
 .text._ZN5daisy6System22GetProgramMemoryRegionEv
                0x0000000008008338       0x78 ../libDaisy/build/libdaisy.a(system.o)
                0x0000000008008338                daisy::System::GetProgramMemoryRegion()
 .text.startup._GLOBAL__sub_I__ZN5daisy9boot_infoE
                0x00000000080083b0       0x1c ../libDaisy/build/libdaisy.a(system.o)
 .text.SystemInit
                0x00000000080083cc       0x9c ../libDaisy/build/libdaisy.a(system_stm32h7xx.o)
                0x00000000080083cc                SystemInit
 .text.dummy_rx_callback
                0x0000000008008468        0x4 ../libDaisy/build/libdaisy.a(usbd_cdc_if.o)
                0x0000000008008468                dummy_rx_callback
 .text.CDC_DeInit_FS
                0x000000000800846c        0x4 ../libDaisy/build/libdaisy.a(usbd_cdc_if.o)
 .text.CDC_Receive_FS
                0x0000000008008470       0x2c ../libDaisy/build/libdaisy.a(usbd_cdc_if.o)
 .text.CDC_Receive_HS
                0x000000000800849c       0x2c ../libDaisy/build/libdaisy.a(usbd_cdc_if.o)
 .text.CDC_Init_FS
                0x00000000080084c8       0x3c ../libDaisy/build/libdaisy.a(usbd_cdc_if.o)
 .text.CDC_Init_HS
                0x0000000008008504       0x3c ../libDaisy/build/libdaisy.a(usbd_cdc_if.o)
 .text.CDC_Control_FS
                0x0000000008008540       0x34 ../libDaisy/build/libdaisy.a(usbd_cdc_if.o)
 .text.CDC_Control_HS
                0x0000000008008574       0x34 ../libDaisy/build/libdaisy.a(usbd_cdc_if.o)
 .text.CDC_DeInit_HS
                0x00000000080085a8        0x4 ../libDaisy/build/libdaisy.a(usbd_cdc_if.o)
 .text.CDC_Transmit_FS
                0x00000000080085ac       0x2c ../libDaisy/build/libdaisy.a(usbd_cdc_if.o)
                0x00000000080085ac                CDC_Transmit_FS
 .text.HAL_PCD_MspInit
                0x00000000080085d8      0x144 ../libDaisy/build/libdaisy.a(usbd_conf.o)
                0x00000000080085d8                HAL_PCD_MspInit
 .text.HAL_PCD_SetupStageCallback
                0x000000000800871c        0xc ../libDaisy/build/libdaisy.a(usbd_conf.o)
                0x000000000800871c                HAL_PCD_SetupStageCallback
 .text.HAL_PCD_DataOutStageCallback
                0x0000000008008728       0x14 ../libDaisy/build/libdaisy.a(usbd_conf.o)
                0x0000000008008728                HAL_PCD_DataOutStageCallback
 .text.HAL_PCD_DataInStageCallback
                0x000000000800873c       0x14 ../libDaisy/build/libdaisy.a(usbd_conf.o)
                0x000000000800873c                HAL_PCD_DataInStageCallback
 .text.HAL_PCD_SOFCallback
                0x0000000008008750        0x8 ../libDaisy/build/libdaisy.a(usbd_conf.o)
                0x0000000008008750                HAL_PCD_SOFCallback
 .text.HAL_PCD_ResetCallback
                0x0000000008008758       0x24 ../libDaisy/build/libdaisy.a(usbd_conf.o)
                0x0000000008008758                HAL_PCD_ResetCallback
 .text.HAL_PCD_SuspendCallback
                0x000000000800877c       0x30 ../libDaisy/build/libdaisy.a(usbd_conf.o)
                0x000000000800877c                HAL_PCD_SuspendCallback
 .text.HAL_PCD_ResumeCallback
                0x00000000080087ac        0x8 ../libDaisy/build/libdaisy.a(usbd_conf.o)
                0x00000000080087ac                HAL_PCD_ResumeCallback
 .text.HAL_PCD_ISOOUTIncompleteCallback
                0x00000000080087b4        0x8 ../libDaisy/build/libdaisy.a(usbd_conf.o)
                0x00000000080087b4                HAL_PCD_ISOOUTIncompleteCallback
 .text.HAL_PCD_ISOINIncompleteCallback
                0x00000000080087bc        0x8 ../libDaisy/build/libdaisy.a(usbd_conf.o)
                0x00000000080087bc                HAL_PCD_ISOINIncompleteCallback
 .text.HAL_PCD_ConnectCallback
                0x00000000080087c4        0x8 ../libDaisy/build/libdaisy.a(usbd_conf.o)
                0x00000000080087c4                HAL_PCD_ConnectCallback
 .text.HAL_PCD_DisconnectCallback
                0x00000000080087cc        0x8 ../libDaisy/build/libdaisy.a(usbd_conf.o)
                0x00000000080087cc                HAL_PCD_DisconnectCallback
 .text.USBD_LL_Init
                0x00000000080087d4       0xe4 ../libDaisy/build/libdaisy.a(usbd_conf.o)
                0x00000000080087d4                USBD_LL_Init
 .text.USBD_LL_Start
                0x00000000080088b8       0x1c ../libDaisy/build/libdaisy.a(usbd_conf.o)
                0x00000000080088b8                USBD_LL_Start
 .text.USBD_LL_OpenEP
                0x00000000080088d4       0x24 ../libDaisy/build/libdaisy.a(usbd_conf.o)
                0x00000000080088d4                USBD_LL_OpenEP
 .text.USBD_LL_CloseEP
                0x00000000080088f8       0x1c ../libDaisy/build/libdaisy.a(usbd_conf.o)
                0x00000000080088f8                USBD_LL_CloseEP
 .text.USBD_LL_StallEP
                0x0000000008008914       0x1c ../libDaisy/build/libdaisy.a(usbd_conf.o)
                0x0000000008008914                USBD_LL_StallEP
 .text.USBD_LL_ClearStallEP
                0x0000000008008930       0x1c ../libDaisy/build/libdaisy.a(usbd_conf.o)
                0x0000000008008930                USBD_LL_ClearStallEP
 .text.USBD_LL_IsStallEP
                0x000000000800894c       0x28 ../libDaisy/build/libdaisy.a(usbd_conf.o)
                0x000000000800894c                USBD_LL_IsStallEP
 .text.USBD_LL_SetUSBAddress
                0x0000000008008974       0x1c ../libDaisy/build/libdaisy.a(usbd_conf.o)
                0x0000000008008974                USBD_LL_SetUSBAddress
 .text.USBD_LL_Transmit
                0x0000000008008990       0x1c ../libDaisy/build/libdaisy.a(usbd_conf.o)
                0x0000000008008990                USBD_LL_Transmit
 .text.USBD_LL_PrepareReceive
                0x00000000080089ac       0x1c ../libDaisy/build/libdaisy.a(usbd_conf.o)
                0x00000000080089ac                USBD_LL_PrepareReceive
 .text.USBD_LL_GetRxDataSize
                0x00000000080089c8        0x8 ../libDaisy/build/libdaisy.a(usbd_conf.o)
                0x00000000080089c8                USBD_LL_GetRxDataSize
 .text.USBD_HS_DeviceDescriptor
                0x00000000080089d0        0xc ../libDaisy/build/libdaisy.a(usbd_desc.o)
                0x00000000080089d0                USBD_HS_DeviceDescriptor
 .text.USBD_FS_DeviceDescriptor
                0x00000000080089dc        0xc ../libDaisy/build/libdaisy.a(usbd_desc.o)
                0x00000000080089dc                USBD_FS_DeviceDescriptor
 .text.USBD_FS_LangIDStrDescriptor
                0x00000000080089e8        0xc ../libDaisy/build/libdaisy.a(usbd_desc.o)
                0x00000000080089e8                USBD_FS_LangIDStrDescriptor
 .text.USBD_FS_ManufacturerStrDescriptor
                0x00000000080089f4       0x1c ../libDaisy/build/libdaisy.a(usbd_desc.o)
                0x00000000080089f4                USBD_FS_ManufacturerStrDescriptor
 .text.USBD_HS_ProductStrDescriptor
                0x0000000008008a10       0x1c ../libDaisy/build/libdaisy.a(usbd_desc.o)
                0x0000000008008a10                USBD_HS_ProductStrDescriptor
 .text.USBD_FS_ConfigStrDescriptor
                0x0000000008008a2c       0x1c ../libDaisy/build/libdaisy.a(usbd_desc.o)
                0x0000000008008a2c                USBD_FS_ConfigStrDescriptor
 .text.USBD_FS_InterfaceStrDescriptor
                0x0000000008008a48       0x1c ../libDaisy/build/libdaisy.a(usbd_desc.o)
                0x0000000008008a48                USBD_FS_InterfaceStrDescriptor
 .text.USBD_FS_ProductStrDescriptor
                0x0000000008008a64       0x1c ../libDaisy/build/libdaisy.a(usbd_desc.o)
                0x0000000008008a64                USBD_FS_ProductStrDescriptor
 .text.USBD_HS_LangIDStrDescriptor
                0x0000000008008a80        0xc ../libDaisy/build/libdaisy.a(usbd_desc.o)
                0x0000000008008a80                USBD_HS_LangIDStrDescriptor
 .text.USBD_HS_ManufacturerStrDescriptor
                0x0000000008008a8c       0x1c ../libDaisy/build/libdaisy.a(usbd_desc.o)
                0x0000000008008a8c                USBD_HS_ManufacturerStrDescriptor
 .text.USBD_FS_SerialStrDescriptor
                0x0000000008008aa8      0x124 ../libDaisy/build/libdaisy.a(usbd_desc.o)
                0x0000000008008aa8                USBD_FS_SerialStrDescriptor
 .text.USBD_HS_SerialStrDescriptor
                0x0000000008008bcc      0x124 ../libDaisy/build/libdaisy.a(usbd_desc.o)
                0x0000000008008bcc                USBD_HS_SerialStrDescriptor
 .text.USBD_HS_InterfaceStrDescriptor
                0x0000000008008cf0       0x1c ../libDaisy/build/libdaisy.a(usbd_desc.o)
                0x0000000008008cf0                USBD_HS_InterfaceStrDescriptor
 .text.USBD_HS_ConfigStrDescriptor
                0x0000000008008d0c       0x1c ../libDaisy/build/libdaisy.a(usbd_desc.o)
                0x0000000008008d0c                USBD_HS_ConfigStrDescriptor
 .text.HAL_HCD_SOF_Callback
                0x0000000008008d28        0x8 ../libDaisy/build/libdaisy.a(usbh_conf.o)
                0x0000000008008d28                HAL_HCD_SOF_Callback
 .text.HAL_HCD_Connect_Callback
                0x0000000008008d30        0x8 ../libDaisy/build/libdaisy.a(usbh_conf.o)
                0x0000000008008d30                HAL_HCD_Connect_Callback
 .text.HAL_HCD_Disconnect_Callback
                0x0000000008008d38        0x8 ../libDaisy/build/libdaisy.a(usbh_conf.o)
                0x0000000008008d38                HAL_HCD_Disconnect_Callback
 .text.HAL_HCD_HC_NotifyURBChange_Callback
                0x0000000008008d40        0x4 ../libDaisy/build/libdaisy.a(usbh_conf.o)
                0x0000000008008d40                HAL_HCD_HC_NotifyURBChange_Callback
 .text.HAL_HCD_PortEnabled_Callback
                0x0000000008008d44        0x8 ../libDaisy/build/libdaisy.a(usbh_conf.o)
                0x0000000008008d44                HAL_HCD_PortEnabled_Callback
 .text.HAL_HCD_PortDisabled_Callback
                0x0000000008008d4c        0x8 ../libDaisy/build/libdaisy.a(usbh_conf.o)
                0x0000000008008d4c                HAL_HCD_PortDisabled_Callback
 .text.USBH_LL_Stop
                0x0000000008008d54       0x1c ../libDaisy/build/libdaisy.a(usbh_conf.o)
                0x0000000008008d54                USBH_LL_Stop
 .text.USBH_LL_GetLastXferSize
                0x0000000008008d70        0x8 ../libDaisy/build/libdaisy.a(usbh_conf.o)
                0x0000000008008d70                USBH_LL_GetLastXferSize
 .text.USBH_LL_SubmitURB
                0x0000000008008d78       0x38 ../libDaisy/build/libdaisy.a(usbh_conf.o)
                0x0000000008008d78                USBH_LL_SubmitURB
 .text.USBH_LL_GetURBState
                0x0000000008008db0        0x8 ../libDaisy/build/libdaisy.a(usbh_conf.o)
                0x0000000008008db0                USBH_LL_GetURBState
 .text.USBH_LL_SetToggle
                0x0000000008008db8       0x24 ../libDaisy/build/libdaisy.a(usbh_conf.o)
                0x0000000008008db8                USBH_LL_SetToggle
 .text.USBH_LL_GetToggle
                0x0000000008008ddc       0x20 ../libDaisy/build/libdaisy.a(usbh_conf.o)
                0x0000000008008ddc                USBH_LL_GetToggle
 .text._ZN5daisy5Color4InitENS0_11PresetColorE
                0x0000000008008dfc       0x20 ../libDaisy/build/libdaisy.a(color.o)
                0x0000000008008dfc                daisy::Color::Init(daisy::Color::PresetColor)
 .text.dsy_hal_map_get_port
                0x0000000008008e1c       0x10 ../libDaisy/build/libdaisy.a(hal_map.o)
                0x0000000008008e1c                dsy_hal_map_get_port
 .text.dsy_hal_map_get_pin
                0x0000000008008e2c       0x10 ../libDaisy/build/libdaisy.a(hal_map.o)
                0x0000000008008e2c                dsy_hal_map_get_pin
 .text.dsy_hal_map_gpio_clk_enable
                0x0000000008008e3c      0x150 ../libDaisy/build/libdaisy.a(hal_map.o)
                0x0000000008008e3c                dsy_hal_map_gpio_clk_enable
 .text.SD_initialize
                0x0000000008008f8c       0x30 ../libDaisy/build/libdaisy.a(sd_diskio.o)
                0x0000000008008f8c                SD_initialize
 .text.SD_status
                0x0000000008008fbc       0x20 ../libDaisy/build/libdaisy.a(sd_diskio.o)
                0x0000000008008fbc                SD_status
 .text.SD_read  0x0000000008008fdc       0xcc ../libDaisy/build/libdaisy.a(sd_diskio.o)
                0x0000000008008fdc                SD_read
 .text.SD_write
                0x00000000080090a8       0xa4 ../libDaisy/build/libdaisy.a(sd_diskio.o)
                0x00000000080090a8                SD_write
 .text.SD_ioctl
                0x000000000800914c       0x68 ../libDaisy/build/libdaisy.a(sd_diskio.o)
                0x000000000800914c                SD_ioctl
 .text.BSP_SD_WriteCpltCallback
                0x00000000080091b4        0xc ../libDaisy/build/libdaisy.a(sd_diskio.o)
                0x00000000080091b4                BSP_SD_WriteCpltCallback
 .text.BSP_SD_ReadCpltCallback
                0x00000000080091c0        0xc ../libDaisy/build/libdaisy.a(sd_diskio.o)
                0x00000000080091c0                BSP_SD_ReadCpltCallback
 .text.USBH_initialize
                0x00000000080091cc        0x4 ../libDaisy/build/libdaisy.a(usbh_diskio.o)
                0x00000000080091cc                USBH_initialize
 .text.USBH_status
                0x00000000080091d0       0x18 ../libDaisy/build/libdaisy.a(usbh_diskio.o)
                0x00000000080091d0                USBH_status
 .text.USBH_read
                0x00000000080091e8      0x14c ../libDaisy/build/libdaisy.a(usbh_diskio.o)
                0x00000000080091e8                USBH_read
 .text.USBH_write
                0x0000000008009334      0x104 ../libDaisy/build/libdaisy.a(usbh_diskio.o)
                0x0000000008009334                USBH_write
 .text.USBH_ioctl
                0x0000000008009438       0x68 ../libDaisy/build/libdaisy.a(usbh_diskio.o)
                0x0000000008009438                USBH_ioctl
 .text.HAL_MspInit
                0x00000000080094a0        0x4 ../libDaisy/build/libdaisy.a(stm32h7xx_hal.o)
                0x00000000080094a0                HAL_MspInit
 .text.HAL_InitTick
                0x00000000080094a4       0x4c ../libDaisy/build/libdaisy.a(stm32h7xx_hal.o)
                0x00000000080094a4                HAL_InitTick
 .text.HAL_Init
                0x00000000080094f0       0x60 ../libDaisy/build/libdaisy.a(stm32h7xx_hal.o)
                0x00000000080094f0                HAL_Init
 .text.HAL_IncTick
                0x0000000008009550       0x18 ../libDaisy/build/libdaisy.a(stm32h7xx_hal.o)
                0x0000000008009550                HAL_IncTick
 .text.HAL_GetTick
                0x0000000008009568        0xc ../libDaisy/build/libdaisy.a(stm32h7xx_hal.o)
                0x0000000008009568                HAL_GetTick
 .text.HAL_Delay
                0x0000000008009574       0x24 ../libDaisy/build/libdaisy.a(stm32h7xx_hal.o)
                0x0000000008009574                HAL_Delay
 .text.HAL_GetREVID
                0x0000000008009598        0xc ../libDaisy/build/libdaisy.a(stm32h7xx_hal.o)
                0x0000000008009598                HAL_GetREVID
 .text.HAL_ADC_ConvHalfCpltCallback
                0x00000000080095a4        0x4 ../libDaisy/build/libdaisy.a(stm32h7xx_hal_adc.o)
                0x00000000080095a4                HAL_ADC_ConvHalfCpltCallback
 .text.ADC_DMAHalfConvCplt
                0x00000000080095a8        0xc ../libDaisy/build/libdaisy.a(stm32h7xx_hal_adc.o)
                0x00000000080095a8                ADC_DMAHalfConvCplt
 .text.ADC_DMAConvCplt
                0x00000000080095b4       0x6c ../libDaisy/build/libdaisy.a(stm32h7xx_hal_adc.o)
                0x00000000080095b4                ADC_DMAConvCplt
 .text.ADC_DMAError
                0x0000000008009620       0x1c ../libDaisy/build/libdaisy.a(stm32h7xx_hal_adc.o)
                0x0000000008009620                ADC_DMAError
 .text.HAL_ADC_ConfigChannel
                0x000000000800963c      0x3fc ../libDaisy/build/libdaisy.a(stm32h7xx_hal_adc.o)
                0x000000000800963c                HAL_ADC_ConfigChannel
 .text.ADC_Enable
                0x0000000008009a38       0xac ../libDaisy/build/libdaisy.a(stm32h7xx_hal_adc.o)
                0x0000000008009a38                ADC_Enable
 .text.HAL_ADC_Start_DMA
                0x0000000008009ae4      0x114 ../libDaisy/build/libdaisy.a(stm32h7xx_hal_adc.o)
                0x0000000008009ae4                HAL_ADC_Start_DMA
 .text.ADC_Disable
                0x0000000008009bf8       0x68 ../libDaisy/build/libdaisy.a(stm32h7xx_hal_adc.o)
                0x0000000008009bf8                ADC_Disable
 .text.ADC_ConfigureBoostMode
                0x0000000008009c60      0x184 ../libDaisy/build/libdaisy.a(stm32h7xx_hal_adc.o)
                0x0000000008009c60                ADC_ConfigureBoostMode
 .text.HAL_ADC_Init
                0x0000000008009de4      0x218 ../libDaisy/build/libdaisy.a(stm32h7xx_hal_adc.o)
                0x0000000008009de4                HAL_ADC_Init
 .text.HAL_ADCEx_Calibration_Start
                0x0000000008009ffc       0xa4 ../libDaisy/build/libdaisy.a(stm32h7xx_hal_adc_ex.o)
                0x0000000008009ffc                HAL_ADCEx_Calibration_Start
 .text.HAL_ADCEx_MultiModeConfigChannel
                0x000000000800a0a0       0xc4 ../libDaisy/build/libdaisy.a(stm32h7xx_hal_adc_ex.o)
                0x000000000800a0a0                HAL_ADCEx_MultiModeConfigChannel
 .text.HAL_NVIC_SetPriorityGrouping
                0x000000000800a164       0x24 ../libDaisy/build/libdaisy.a(stm32h7xx_hal_cortex.o)
                0x000000000800a164                HAL_NVIC_SetPriorityGrouping
 .text.HAL_NVIC_SetPriority
                0x000000000800a188       0x7c ../libDaisy/build/libdaisy.a(stm32h7xx_hal_cortex.o)
                0x000000000800a188                HAL_NVIC_SetPriority
 .text.HAL_NVIC_EnableIRQ
                0x000000000800a204       0x1c ../libDaisy/build/libdaisy.a(stm32h7xx_hal_cortex.o)
                0x000000000800a204                HAL_NVIC_EnableIRQ
 .text.HAL_NVIC_DisableIRQ
                0x000000000800a220       0x28 ../libDaisy/build/libdaisy.a(stm32h7xx_hal_cortex.o)
                0x000000000800a220                HAL_NVIC_DisableIRQ
 .text.HAL_SYSTICK_Config
                0x000000000800a248       0x2c ../libDaisy/build/libdaisy.a(stm32h7xx_hal_cortex.o)
                0x000000000800a248                HAL_SYSTICK_Config
 .text.HAL_MPU_Disable
                0x000000000800a274       0x1c ../libDaisy/build/libdaisy.a(stm32h7xx_hal_cortex.o)
                0x000000000800a274                HAL_MPU_Disable
 .text.HAL_MPU_Enable
                0x000000000800a290       0x20 ../libDaisy/build/libdaisy.a(stm32h7xx_hal_cortex.o)
                0x000000000800a290                HAL_MPU_Enable
 .text.HAL_MPU_ConfigRegion
                0x000000000800a2b0       0x64 ../libDaisy/build/libdaisy.a(stm32h7xx_hal_cortex.o)
                0x000000000800a2b0                HAL_MPU_ConfigRegion
 .text.HAL_SYSTICK_Callback
                0x000000000800a314        0x4 ../libDaisy/build/libdaisy.a(stm32h7xx_hal_cortex.o)
                0x000000000800a314                HAL_SYSTICK_Callback
 .text.HAL_SYSTICK_IRQHandler
                0x000000000800a318        0x8 ../libDaisy/build/libdaisy.a(stm32h7xx_hal_cortex.o)
                0x000000000800a318                HAL_SYSTICK_IRQHandler
 .text.DMA_CalcBaseAndBitshift
                0x000000000800a320       0xf4 ../libDaisy/build/libdaisy.a(stm32h7xx_hal_dma.o)
 .text.DMA_CalcDMAMUXChannelBaseAndMask
                0x000000000800a414       0xd8 ../libDaisy/build/libdaisy.a(stm32h7xx_hal_dma.o)
 .text.HAL_DMA_Init
                0x000000000800a4ec      0x37c ../libDaisy/build/libdaisy.a(stm32h7xx_hal_dma.o)
                0x000000000800a4ec                HAL_DMA_Init
 .text.HAL_DMA_Start_IT
                0x000000000800a868      0x240 ../libDaisy/build/libdaisy.a(stm32h7xx_hal_dma.o)
                0x000000000800a868                HAL_DMA_Start_IT
 .text.HAL_DMA_Abort
                0x000000000800aaa8      0x21c ../libDaisy/build/libdaisy.a(stm32h7xx_hal_dma.o)
                0x000000000800aaa8                HAL_DMA_Abort
 .text.HAL_DMA_Abort_IT
                0x000000000800acc4      0x134 ../libDaisy/build/libdaisy.a(stm32h7xx_hal_dma.o)
                0x000000000800acc4                HAL_DMA_Abort_IT
 .text.HAL_DMA_IRQHandler
                0x000000000800adf8      0x6a0 ../libDaisy/build/libdaisy.a(stm32h7xx_hal_dma.o)
                0x000000000800adf8                HAL_DMA_IRQHandler
 .text.HAL_DMA_GetError
                0x000000000800b498        0x4 ../libDaisy/build/libdaisy.a(stm32h7xx_hal_dma.o)
                0x000000000800b498                HAL_DMA_GetError
 .text.HAL_GPIO_Init
                0x000000000800b49c      0x280 ../libDaisy/build/libdaisy.a(stm32h7xx_hal_gpio.o)
                0x000000000800b49c                HAL_GPIO_Init
 .text.HAL_GPIO_DeInit
                0x000000000800b71c      0x190 ../libDaisy/build/libdaisy.a(stm32h7xx_hal_gpio.o)
                0x000000000800b71c                HAL_GPIO_DeInit
 .text.HAL_GPIO_ReadPin
                0x000000000800b8ac        0xc ../libDaisy/build/libdaisy.a(stm32h7xx_hal_gpio.o)
                0x000000000800b8ac                HAL_GPIO_ReadPin
 .text.HAL_GPIO_WritePin
                0x000000000800b8b8        0x8 ../libDaisy/build/libdaisy.a(stm32h7xx_hal_gpio.o)
                0x000000000800b8b8                HAL_GPIO_WritePin
 .text.HAL_HCD_HC_SubmitRequest
                0x000000000800b8c0       0xd0 ../libDaisy/build/libdaisy.a(stm32h7xx_hal_hcd.o)
                0x000000000800b8c0                HAL_HCD_HC_SubmitRequest
 .text.HAL_HCD_IRQHandler
                0x000000000800b990      0x780 ../libDaisy/build/libdaisy.a(stm32h7xx_hal_hcd.o)
                0x000000000800b990                HAL_HCD_IRQHandler
 .text.HAL_HCD_Stop
                0x000000000800c110       0x28 ../libDaisy/build/libdaisy.a(stm32h7xx_hal_hcd.o)
                0x000000000800c110                HAL_HCD_Stop
 .text.HAL_HCD_HC_GetURBState
                0x000000000800c138       0x10 ../libDaisy/build/libdaisy.a(stm32h7xx_hal_hcd.o)
                0x000000000800c138                HAL_HCD_HC_GetURBState
 .text.HAL_HCD_HC_GetXferCount
                0x000000000800c148        0xc ../libDaisy/build/libdaisy.a(stm32h7xx_hal_hcd.o)
                0x000000000800c148                HAL_HCD_HC_GetXferCount
 .text.I2C_WaitOnTXISFlagUntilTimeout
                0x000000000800c154       0xb8 ../libDaisy/build/libdaisy.a(stm32h7xx_hal_i2c.o)
 .text.I2C_WaitOnSTOPFlagUntilTimeout
                0x000000000800c20c       0xac ../libDaisy/build/libdaisy.a(stm32h7xx_hal_i2c.o)
 .text.HAL_I2C_Init
                0x000000000800c2b8       0xac ../libDaisy/build/libdaisy.a(stm32h7xx_hal_i2c.o)
                0x000000000800c2b8                HAL_I2C_Init
 .text.HAL_I2C_Master_Transmit
                0x000000000800c364      0x1a8 ../libDaisy/build/libdaisy.a(stm32h7xx_hal_i2c.o)
                0x000000000800c364                HAL_I2C_Master_Transmit
 .text.HAL_I2C_Slave_Transmit
                0x000000000800c50c      0x1c8 ../libDaisy/build/libdaisy.a(stm32h7xx_hal_i2c.o)
                0x000000000800c50c                HAL_I2C_Slave_Transmit
 .text.HAL_I2C_EV_IRQHandler
                0x000000000800c6d4       0x10 ../libDaisy/build/libdaisy.a(stm32h7xx_hal_i2c.o)
                0x000000000800c6d4                HAL_I2C_EV_IRQHandler
 .text.HAL_I2C_GetState
                0x000000000800c6e4        0x8 ../libDaisy/build/libdaisy.a(stm32h7xx_hal_i2c.o)
                0x000000000800c6e4                HAL_I2C_GetState
 .text.HAL_I2CEx_ConfigAnalogFilter
                0x000000000800c6ec       0x54 ../libDaisy/build/libdaisy.a(stm32h7xx_hal_i2c_ex.o)
                0x000000000800c6ec                HAL_I2CEx_ConfigAnalogFilter
 .text.HAL_I2CEx_ConfigDigitalFilter
                0x000000000800c740       0x58 ../libDaisy/build/libdaisy.a(stm32h7xx_hal_i2c_ex.o)
                0x000000000800c740                HAL_I2CEx_ConfigDigitalFilter
 .text.HAL_PCD_Init
                0x000000000800c798      0x12c ../libDaisy/build/libdaisy.a(stm32h7xx_hal_pcd.o)
                0x000000000800c798                HAL_PCD_Init
 .text.HAL_PCD_Start
                0x000000000800c8c4       0x44 ../libDaisy/build/libdaisy.a(stm32h7xx_hal_pcd.o)
                0x000000000800c8c4                HAL_PCD_Start
 .text.HAL_PCD_IRQHandler
                0x000000000800c908      0x69c ../libDaisy/build/libdaisy.a(stm32h7xx_hal_pcd.o)
                0x000000000800c908                HAL_PCD_IRQHandler
 .text.HAL_PCD_SetAddress
                0x000000000800cfa4       0x2c ../libDaisy/build/libdaisy.a(stm32h7xx_hal_pcd.o)
                0x000000000800cfa4                HAL_PCD_SetAddress
 .text.HAL_PCD_EP_Open
                0x000000000800cfd0       0x7c ../libDaisy/build/libdaisy.a(stm32h7xx_hal_pcd.o)
                0x000000000800cfd0                HAL_PCD_EP_Open
 .text.HAL_PCD_EP_Close
                0x000000000800d04c       0x6c ../libDaisy/build/libdaisy.a(stm32h7xx_hal_pcd.o)
                0x000000000800d04c                HAL_PCD_EP_Close
 .text.HAL_PCD_EP_Receive
                0x000000000800d0b8       0x50 ../libDaisy/build/libdaisy.a(stm32h7xx_hal_pcd.o)
                0x000000000800d0b8                HAL_PCD_EP_Receive
 .text.HAL_PCD_EP_GetRxCount
                0x000000000800d108       0x14 ../libDaisy/build/libdaisy.a(stm32h7xx_hal_pcd.o)
                0x000000000800d108                HAL_PCD_EP_GetRxCount
 .text.HAL_PCD_EP_Transmit
                0x000000000800d11c       0x50 ../libDaisy/build/libdaisy.a(stm32h7xx_hal_pcd.o)
                0x000000000800d11c                HAL_PCD_EP_Transmit
 .text.HAL_PCD_EP_SetStall
                0x000000000800d16c       0x88 ../libDaisy/build/libdaisy.a(stm32h7xx_hal_pcd.o)
                0x000000000800d16c                HAL_PCD_EP_SetStall
 .text.HAL_PCD_EP_ClrStall
                0x000000000800d1f4       0x78 ../libDaisy/build/libdaisy.a(stm32h7xx_hal_pcd.o)
                0x000000000800d1f4                HAL_PCD_EP_ClrStall
 .text.HAL_PCDEx_SetTxFiFo
                0x000000000800d26c       0x54 ../libDaisy/build/libdaisy.a(stm32h7xx_hal_pcd_ex.o)
                0x000000000800d26c                HAL_PCDEx_SetTxFiFo
 .text.HAL_PCDEx_SetRxFiFo
                0x000000000800d2c0        0xc ../libDaisy/build/libdaisy.a(stm32h7xx_hal_pcd_ex.o)
                0x000000000800d2c0                HAL_PCDEx_SetRxFiFo
 .text.HAL_PCDEx_ActivateLPM
                0x000000000800d2cc       0x30 ../libDaisy/build/libdaisy.a(stm32h7xx_hal_pcd_ex.o)
                0x000000000800d2cc                HAL_PCDEx_ActivateLPM
 .text.HAL_PCDEx_LPM_Callback
                0x000000000800d2fc        0x4 ../libDaisy/build/libdaisy.a(stm32h7xx_hal_pcd_ex.o)
                0x000000000800d2fc                HAL_PCDEx_LPM_Callback
 .text.HAL_PWREx_ConfigSupply
                0x000000000800d300       0x4c ../libDaisy/build/libdaisy.a(stm32h7xx_hal_pwr_ex.o)
                0x000000000800d300                HAL_PWREx_ConfigSupply
 .text.HAL_PWREx_EnableUSBVoltageDetector
                0x000000000800d34c       0x10 ../libDaisy/build/libdaisy.a(stm32h7xx_hal_pwr_ex.o)
                0x000000000800d34c                HAL_PWREx_EnableUSBVoltageDetector
 .text.QSPI_Config
                0x000000000800d35c      0x174 ../libDaisy/build/libdaisy.a(stm32h7xx_hal_qspi.o)
 .text.HAL_QSPI_Init
                0x000000000800d4d0       0xd8 ../libDaisy/build/libdaisy.a(stm32h7xx_hal_qspi.o)
                0x000000000800d4d0                HAL_QSPI_Init
 .text.HAL_QSPI_DeInit
                0x000000000800d5a8       0x3c ../libDaisy/build/libdaisy.a(stm32h7xx_hal_qspi.o)
                0x000000000800d5a8                HAL_QSPI_DeInit
 .text.HAL_QSPI_Command
                0x000000000800d5e4       0xd4 ../libDaisy/build/libdaisy.a(stm32h7xx_hal_qspi.o)
                0x000000000800d5e4                HAL_QSPI_Command
 .text.HAL_QSPI_Transmit
                0x000000000800d6b8       0xfc ../libDaisy/build/libdaisy.a(stm32h7xx_hal_qspi.o)
                0x000000000800d6b8                HAL_QSPI_Transmit
 .text.HAL_QSPI_Receive
                0x000000000800d7b4      0x108 ../libDaisy/build/libdaisy.a(stm32h7xx_hal_qspi.o)
                0x000000000800d7b4                HAL_QSPI_Receive
 .text.HAL_QSPI_AutoPolling
                0x000000000800d8bc       0xf0 ../libDaisy/build/libdaisy.a(stm32h7xx_hal_qspi.o)
                0x000000000800d8bc                HAL_QSPI_AutoPolling
 .text.HAL_QSPI_MemoryMapped
                0x000000000800d9ac       0xc0 ../libDaisy/build/libdaisy.a(stm32h7xx_hal_qspi.o)
                0x000000000800d9ac                HAL_QSPI_MemoryMapped
 .text.HAL_QSPI_ErrorCallback
                0x000000000800da6c        0x4 ../libDaisy/build/libdaisy.a(stm32h7xx_hal_qspi.o)
                0x000000000800da6c                HAL_QSPI_ErrorCallback
 .text.QSPI_DMAAbortCplt
                0x000000000800da70       0x38 ../libDaisy/build/libdaisy.a(stm32h7xx_hal_qspi.o)
 .text.HAL_QSPI_AbortCpltCallback
                0x000000000800daa8        0x4 ../libDaisy/build/libdaisy.a(stm32h7xx_hal_qspi.o)
                0x000000000800daa8                HAL_QSPI_AbortCpltCallback
 .text.HAL_QSPI_CmdCpltCallback
                0x000000000800daac        0x4 ../libDaisy/build/libdaisy.a(stm32h7xx_hal_qspi.o)
                0x000000000800daac                HAL_QSPI_CmdCpltCallback
 .text.HAL_QSPI_RxCpltCallback
                0x000000000800dab0        0x4 ../libDaisy/build/libdaisy.a(stm32h7xx_hal_qspi.o)
                0x000000000800dab0                HAL_QSPI_RxCpltCallback
 .text.HAL_QSPI_TxCpltCallback
                0x000000000800dab4        0x4 ../libDaisy/build/libdaisy.a(stm32h7xx_hal_qspi.o)
                0x000000000800dab4                HAL_QSPI_TxCpltCallback
 .text.HAL_QSPI_FifoThresholdCallback
                0x000000000800dab8        0x4 ../libDaisy/build/libdaisy.a(stm32h7xx_hal_qspi.o)
                0x000000000800dab8                HAL_QSPI_FifoThresholdCallback
 .text.HAL_QSPI_StatusMatchCallback
                0x000000000800dabc        0x4 ../libDaisy/build/libdaisy.a(stm32h7xx_hal_qspi.o)
                0x000000000800dabc                HAL_QSPI_StatusMatchCallback
 .text.HAL_QSPI_TimeOutCallback
                0x000000000800dac0        0x4 ../libDaisy/build/libdaisy.a(stm32h7xx_hal_qspi.o)
                0x000000000800dac0                HAL_QSPI_TimeOutCallback
 .text.HAL_QSPI_IRQHandler
                0x000000000800dac4      0x210 ../libDaisy/build/libdaisy.a(stm32h7xx_hal_qspi.o)
                0x000000000800dac4                HAL_QSPI_IRQHandler
 .text.HAL_RCC_OscConfig
                0x000000000800dcd4      0x51c ../libDaisy/build/libdaisy.a(stm32h7xx_hal_rcc.o)
                0x000000000800dcd4                HAL_RCC_OscConfig
 .text.HAL_RCC_GetSysClockFreq
                0x000000000800e1f0      0x140 ../libDaisy/build/libdaisy.a(stm32h7xx_hal_rcc.o)
                0x000000000800e1f0                HAL_RCC_GetSysClockFreq
 .text.HAL_RCC_ClockConfig
                0x000000000800e330      0x234 ../libDaisy/build/libdaisy.a(stm32h7xx_hal_rcc.o)
                0x000000000800e330                HAL_RCC_ClockConfig
 .text.HAL_RCC_GetHCLKFreq
                0x000000000800e564       0x2c ../libDaisy/build/libdaisy.a(stm32h7xx_hal_rcc.o)
                0x000000000800e564                HAL_RCC_GetHCLKFreq
 .text.HAL_RCC_GetPCLK1Freq
                0x000000000800e590       0x38 ../libDaisy/build/libdaisy.a(stm32h7xx_hal_rcc.o)
                0x000000000800e590                HAL_RCC_GetPCLK1Freq
 .text.HAL_RCC_GetPCLK2Freq
                0x000000000800e5c8       0x38 ../libDaisy/build/libdaisy.a(stm32h7xx_hal_rcc.o)
                0x000000000800e5c8                HAL_RCC_GetPCLK2Freq
 .text.RCCEx_PLL2_Config
                0x000000000800e600       0xf4 ../libDaisy/build/libdaisy.a(stm32h7xx_hal_rcc_ex.o)
 .text.RCCEx_PLL3_Config
                0x000000000800e6f4       0xf4 ../libDaisy/build/libdaisy.a(stm32h7xx_hal_rcc_ex.o)
 .text.HAL_RCCEx_PeriphCLKConfig
                0x000000000800e7e8      0xa7c ../libDaisy/build/libdaisy.a(stm32h7xx_hal_rcc_ex.o)
                0x000000000800e7e8                HAL_RCCEx_PeriphCLKConfig
 .text.HAL_RCCEx_GetD3PCLK1Freq
                0x000000000800f264       0x24 ../libDaisy/build/libdaisy.a(stm32h7xx_hal_rcc_ex.o)
                0x000000000800f264                HAL_RCCEx_GetD3PCLK1Freq
 .text.HAL_RCCEx_GetPLL2ClockFreq
                0x000000000800f288      0x17c ../libDaisy/build/libdaisy.a(stm32h7xx_hal_rcc_ex.o)
                0x000000000800f288                HAL_RCCEx_GetPLL2ClockFreq
 .text.HAL_RCCEx_GetPLL3ClockFreq
                0x000000000800f404      0x17c ../libDaisy/build/libdaisy.a(stm32h7xx_hal_rcc_ex.o)
                0x000000000800f404                HAL_RCCEx_GetPLL3ClockFreq
 .text.HAL_RCCEx_GetPLL1ClockFreq
                0x000000000800f580      0x17c ../libDaisy/build/libdaisy.a(stm32h7xx_hal_rcc_ex.o)
                0x000000000800f580                HAL_RCCEx_GetPLL1ClockFreq
 .text.HAL_RCCEx_GetPeriphCLKFreq
                0x000000000800f6fc      0x198 ../libDaisy/build/libdaisy.a(stm32h7xx_hal_rcc_ex.o)
                0x000000000800f6fc                HAL_RCCEx_GetPeriphCLKFreq
 .text.HAL_RCCEx_GetD1SysClockFreq
                0x000000000800f894       0x2c ../libDaisy/build/libdaisy.a(stm32h7xx_hal_rcc_ex.o)
                0x000000000800f894                HAL_RCCEx_GetD1SysClockFreq
 .text.HAL_SAI_Init.part.0
                0x000000000800f8c0      0x348 ../libDaisy/build/libdaisy.a(stm32h7xx_hal_sai.o)
 .text.HAL_SAI_InitProtocol